Archive member included to satisfy reference by file (symbol)

d:/engineering/3rd year (computer dep.)/2nd term/avr studio/7.0/toolchain/avr8/avr8-gnu-toolchain/bin/../lib/gcc/avr/5.4.0/../../../../avr/lib/avr5\libm.a(addsf3.o)
                              HAL/LCD/LCD_prg.o (__subsf3)
d:/engineering/3rd year (computer dep.)/2nd term/avr studio/7.0/toolchain/avr8/avr8-gnu-toolchain/bin/../lib/gcc/avr/5.4.0/../../../../avr/lib/avr5\libm.a(addsf3x.o)
                              d:/engineering/3rd year (computer dep.)/2nd term/avr studio/7.0/toolchain/avr8/avr8-gnu-toolchain/bin/../lib/gcc/avr/5.4.0/../../../../avr/lib/avr5\libm.a(addsf3.o) (__addsf3x)
d:/engineering/3rd year (computer dep.)/2nd term/avr studio/7.0/toolchain/avr8/avr8-gnu-toolchain/bin/../lib/gcc/avr/5.4.0/../../../../avr/lib/avr5\libm.a(fixunssfsi.o)
                              HAL/LCD/LCD_prg.o (__fixunssfsi)
d:/engineering/3rd year (computer dep.)/2nd term/avr studio/7.0/toolchain/avr8/avr8-gnu-toolchain/bin/../lib/gcc/avr/5.4.0/../../../../avr/lib/avr5\libm.a(floatsisf.o)
                              HAL/LCD/LCD_prg.o (__floatunsisf)
d:/engineering/3rd year (computer dep.)/2nd term/avr studio/7.0/toolchain/avr8/avr8-gnu-toolchain/bin/../lib/gcc/avr/5.4.0/../../../../avr/lib/avr5\libm.a(fp_inf.o)
                              d:/engineering/3rd year (computer dep.)/2nd term/avr studio/7.0/toolchain/avr8/avr8-gnu-toolchain/bin/../lib/gcc/avr/5.4.0/../../../../avr/lib/avr5\libm.a(addsf3x.o) (__fp_inf)
d:/engineering/3rd year (computer dep.)/2nd term/avr studio/7.0/toolchain/avr8/avr8-gnu-toolchain/bin/../lib/gcc/avr/5.4.0/../../../../avr/lib/avr5\libm.a(fp_nan.o)
                              d:/engineering/3rd year (computer dep.)/2nd term/avr studio/7.0/toolchain/avr8/avr8-gnu-toolchain/bin/../lib/gcc/avr/5.4.0/../../../../avr/lib/avr5\libm.a(addsf3x.o) (__fp_nan)
d:/engineering/3rd year (computer dep.)/2nd term/avr studio/7.0/toolchain/avr8/avr8-gnu-toolchain/bin/../lib/gcc/avr/5.4.0/../../../../avr/lib/avr5\libm.a(fp_pscA.o)
                              d:/engineering/3rd year (computer dep.)/2nd term/avr studio/7.0/toolchain/avr8/avr8-gnu-toolchain/bin/../lib/gcc/avr/5.4.0/../../../../avr/lib/avr5\libm.a(addsf3x.o) (__fp_pscA)
d:/engineering/3rd year (computer dep.)/2nd term/avr studio/7.0/toolchain/avr8/avr8-gnu-toolchain/bin/../lib/gcc/avr/5.4.0/../../../../avr/lib/avr5\libm.a(fp_pscB.o)
                              d:/engineering/3rd year (computer dep.)/2nd term/avr studio/7.0/toolchain/avr8/avr8-gnu-toolchain/bin/../lib/gcc/avr/5.4.0/../../../../avr/lib/avr5\libm.a(addsf3x.o) (__fp_pscB)
d:/engineering/3rd year (computer dep.)/2nd term/avr studio/7.0/toolchain/avr8/avr8-gnu-toolchain/bin/../lib/gcc/avr/5.4.0/../../../../avr/lib/avr5\libm.a(fp_round.o)
                              d:/engineering/3rd year (computer dep.)/2nd term/avr studio/7.0/toolchain/avr8/avr8-gnu-toolchain/bin/../lib/gcc/avr/5.4.0/../../../../avr/lib/avr5\libm.a(addsf3.o) (__fp_round)
d:/engineering/3rd year (computer dep.)/2nd term/avr studio/7.0/toolchain/avr8/avr8-gnu-toolchain/bin/../lib/gcc/avr/5.4.0/../../../../avr/lib/avr5\libm.a(fp_split3.o)
                              d:/engineering/3rd year (computer dep.)/2nd term/avr studio/7.0/toolchain/avr8/avr8-gnu-toolchain/bin/../lib/gcc/avr/5.4.0/../../../../avr/lib/avr5\libm.a(addsf3x.o) (__fp_split3)
d:/engineering/3rd year (computer dep.)/2nd term/avr studio/7.0/toolchain/avr8/avr8-gnu-toolchain/bin/../lib/gcc/avr/5.4.0/../../../../avr/lib/avr5\libm.a(fp_zero.o)
                              d:/engineering/3rd year (computer dep.)/2nd term/avr studio/7.0/toolchain/avr8/avr8-gnu-toolchain/bin/../lib/gcc/avr/5.4.0/../../../../avr/lib/avr5\libm.a(addsf3x.o) (__fp_zero)
d:/engineering/3rd year (computer dep.)/2nd term/avr studio/7.0/toolchain/avr8/avr8-gnu-toolchain/bin/../lib/gcc/avr/5.4.0/../../../../avr/lib/avr5\libm.a(mulsf3.o)
                              HAL/LCD/LCD_prg.o (__mulsf3)
d:/engineering/3rd year (computer dep.)/2nd term/avr studio/7.0/toolchain/avr8/avr8-gnu-toolchain/bin/../lib/gcc/avr/5.4.0/../../../../avr/lib/avr5\libm.a(mulsf3x.o)
                              d:/engineering/3rd year (computer dep.)/2nd term/avr studio/7.0/toolchain/avr8/avr8-gnu-toolchain/bin/../lib/gcc/avr/5.4.0/../../../../avr/lib/avr5\libm.a(mulsf3.o) (__mulsf3x)
d:/engineering/3rd year (computer dep.)/2nd term/avr studio/7.0/toolchain/avr8/avr8-gnu-toolchain/bin/../lib/gcc/avr/5.4.0/avr5\libgcc.a(_divmodhi4.o)
                              MCAL/TIM0/TIM0_prg.o (__divmodhi4)
d:/engineering/3rd year (computer dep.)/2nd term/avr studio/7.0/toolchain/avr8/avr8-gnu-toolchain/bin/../lib/gcc/avr/5.4.0/avr5\libgcc.a(_udivmodsi4.o)
                              HAL/LDR/LDR_prg.o (__udivmodsi4)
d:/engineering/3rd year (computer dep.)/2nd term/avr studio/7.0/toolchain/avr8/avr8-gnu-toolchain/bin/../lib/gcc/avr/5.4.0/avr5\libgcc.a(_exit.o)
                              D:/Engineering/3rd year (computer dep.)/2nd term/AVR STUDIO/7.0/Packs/atmel/ATmega_DFP/1.6.364/gcc/dev/atmega32/avr5/crtatmega32.o (exit)
d:/engineering/3rd year (computer dep.)/2nd term/avr studio/7.0/toolchain/avr8/avr8-gnu-toolchain/bin/../lib/gcc/avr/5.4.0/avr5\libgcc.a(_copy_data.o)
                              HAL/HC/HC_prg.o (__do_copy_data)
d:/engineering/3rd year (computer dep.)/2nd term/avr studio/7.0/toolchain/avr8/avr8-gnu-toolchain/bin/../lib/gcc/avr/5.4.0/avr5\libgcc.a(_clear_bss.o)
                              HAL/LCD/LCD_prg.o (__do_clear_bss)
d:/engineering/3rd year (computer dep.)/2nd term/avr studio/7.0/toolchain/avr8/avr8-gnu-toolchain/bin/../lib/gcc/avr/5.4.0/avr5\libgcc.a(_umulhisi3.o)
                              HAL/LDR/LDR_prg.o (__umulhisi3)
d:/engineering/3rd year (computer dep.)/2nd term/avr studio/7.0/toolchain/avr8/avr8-gnu-toolchain/bin/../lib/gcc/avr/5.4.0/avr5\libgcc.a(_divdi3.o)
                              HAL/LCD/LCD_prg.o (__moddi3)
d:/engineering/3rd year (computer dep.)/2nd term/avr studio/7.0/toolchain/avr8/avr8-gnu-toolchain/bin/../lib/gcc/avr/5.4.0/avr5\libgcc.a(_udivdi3.o)
                              d:/engineering/3rd year (computer dep.)/2nd term/avr studio/7.0/toolchain/avr8/avr8-gnu-toolchain/bin/../lib/gcc/avr/5.4.0/avr5\libgcc.a(_divdi3.o) (__udivdi3_umoddi3)
d:/engineering/3rd year (computer dep.)/2nd term/avr studio/7.0/toolchain/avr8/avr8-gnu-toolchain/bin/../lib/gcc/avr/5.4.0/avr5\libgcc.a(_udivmod64.o)
                              d:/engineering/3rd year (computer dep.)/2nd term/avr studio/7.0/toolchain/avr8/avr8-gnu-toolchain/bin/../lib/gcc/avr/5.4.0/avr5\libgcc.a(_divdi3.o) (__udivmod64)
d:/engineering/3rd year (computer dep.)/2nd term/avr studio/7.0/toolchain/avr8/avr8-gnu-toolchain/bin/../lib/gcc/avr/5.4.0/avr5\libgcc.a(_negdi2.o)
                              HAL/LCD/LCD_prg.o (__negdi2)
d:/engineering/3rd year (computer dep.)/2nd term/avr studio/7.0/toolchain/avr8/avr8-gnu-toolchain/bin/../lib/gcc/avr/5.4.0/avr5\libgcc.a(_prologue.o)
                              d:/engineering/3rd year (computer dep.)/2nd term/avr studio/7.0/toolchain/avr8/avr8-gnu-toolchain/bin/../lib/gcc/avr/5.4.0/avr5\libgcc.a(_divdi3.o) (__prologue_saves__)
d:/engineering/3rd year (computer dep.)/2nd term/avr studio/7.0/toolchain/avr8/avr8-gnu-toolchain/bin/../lib/gcc/avr/5.4.0/avr5\libgcc.a(_epilogue.o)
                              d:/engineering/3rd year (computer dep.)/2nd term/avr studio/7.0/toolchain/avr8/avr8-gnu-toolchain/bin/../lib/gcc/avr/5.4.0/avr5\libgcc.a(_divdi3.o) (__epilogue_restores__)
d:/engineering/3rd year (computer dep.)/2nd term/avr studio/7.0/toolchain/avr8/avr8-gnu-toolchain/bin/../lib/gcc/avr/5.4.0/avr5\libgcc.a(_cmpdi2_s8.o)
                              HAL/LCD/LCD_prg.o (__cmpdi2_s8)
d:/engineering/3rd year (computer dep.)/2nd term/avr studio/7.0/toolchain/avr8/avr8-gnu-toolchain/bin/../lib/gcc/avr/5.4.0/avr5\libgcc.a(_udivmodhi4.o)
                              d:/engineering/3rd year (computer dep.)/2nd term/avr studio/7.0/toolchain/avr8/avr8-gnu-toolchain/bin/../lib/gcc/avr/5.4.0/avr5\libgcc.a(_divmodhi4.o) (__udivmodhi4)
d:/engineering/3rd year (computer dep.)/2nd term/avr studio/7.0/toolchain/avr8/avr8-gnu-toolchain/bin/../lib/gcc/avr/5.4.0/../../../../avr/lib/avr5\libc.a(strcmp.o)
                              HAL/HC/HC_prg.o (strcmp)

Allocating common symbols
Common symbol       size              file

G_ISR_INT1_ptr      0x2               MCAL/EXTI/EXTI_prg.o
G_ISR_INT0_ptr      0x2               MCAL/EXTI/EXTI_prg.o
G_ISR_INT2_ptr      0x2               MCAL/EXTI/EXTI_prg.o

Discarded input sections

 .data          0x00000000        0x0 D:/Engineering/3rd year (computer dep.)/2nd term/AVR STUDIO/7.0/Packs/atmel/ATmega_DFP/1.6.364/gcc/dev/atmega32/avr5/crtatmega32.o
 .bss           0x00000000        0x0 D:/Engineering/3rd year (computer dep.)/2nd term/AVR STUDIO/7.0/Packs/atmel/ATmega_DFP/1.6.364/gcc/dev/atmega32/avr5/crtatmega32.o
 .text          0x00000000        0x0 APP/main.o
 .data          0x00000000        0x0 APP/main.o
 .bss           0x00000000        0x0 APP/main.o
 .text          0x00000000        0x0 HAL/HC/HC_prg.o
 .data          0x00000000        0x0 HAL/HC/HC_prg.o
 .bss           0x00000000        0x0 HAL/HC/HC_prg.o
 .text.sendCommand
                0x00000000       0x32 HAL/HC/HC_prg.o
 .text.HC_vInit
                0x00000000       0x1e HAL/HC/HC_prg.o
 .rodata.str1.1
                0x00000000       0x25 HAL/HC/HC_prg.o
 .text.HC_vOneTimeConfig
                0x00000000       0x1a HAL/HC/HC_prg.o
 .text.HC_vSleep
                0x00000000        0xa HAL/HC/HC_prg.o
 .text.HC_vWakeUp
                0x00000000       0x22 HAL/HC/HC_prg.o
 .text.HC_vSendData
                0x00000000        0x8 HAL/HC/HC_prg.o
 .text.HC_vSendDataAsync
                0x00000000        0x6 HAL/HC/HC_prg.o
 .text.HC_u8ReceiveDataAsync
                0x00000000        0x6 HAL/HC/HC_prg.o
 .text.HC_u8ReceiveDataSync
                0x00000000        0x6 HAL/HC/HC_prg.o
 .text.HC_u8Test
                0x00000000       0x8a HAL/HC/HC_prg.o
 .debug_info    0x00000000      0x60b HAL/HC/HC_prg.o
 .debug_abbrev  0x00000000      0x205 HAL/HC/HC_prg.o
 .debug_loc     0x00000000      0x248 HAL/HC/HC_prg.o
 .debug_aranges
                0x00000000       0x68 HAL/HC/HC_prg.o
 .debug_ranges  0x00000000       0x58 HAL/HC/HC_prg.o
 .debug_line    0x00000000      0x32d HAL/HC/HC_prg.o
 .debug_str     0x00000000      0x3bc HAL/HC/HC_prg.o
 .comment       0x00000000       0x31 HAL/HC/HC_prg.o
 .debug_frame   0x00000000       0xe0 HAL/HC/HC_prg.o
 .text          0x00000000        0x0 HAL/KeyPad/KeyPad_prg.o
 .data          0x00000000        0x0 HAL/KeyPad/KeyPad_prg.o
 .bss           0x00000000        0x0 HAL/KeyPad/KeyPad_prg.o
 .text          0x00000000        0x0 HAL/LCD/LCD_prg.o
 .data          0x00000000        0x0 HAL/LCD/LCD_prg.o
 .bss           0x00000000        0x0 HAL/LCD/LCD_prg.o
 .text.floatToString
                0x00000000      0x168 HAL/LCD/LCD_prg.o
 .text.LCD_vCreateCustomPattern
                0x00000000       0x3c HAL/LCD/LCD_prg.o
 .text.LCD_vDispStr
                0x00000000       0x26 HAL/LCD/LCD_prg.o
 .text.LCD_vClrDisp
                0x00000000       0x12 HAL/LCD/LCD_prg.o
 .text.LCD_vShiftDisp
                0x00000000       0x1a HAL/LCD/LCD_prg.o
 .text.LCD_vDispFloat
                0x00000000       0x4c HAL/LCD/LCD_prg.o
 .text.LCD_vReturnHome
                0x00000000        0x8 HAL/LCD/LCD_prg.o
 .text.LCD_vShiftCursor
                0x00000000        0x2 HAL/LCD/LCD_prg.o
 .text.LCD_vDispCustomChar
                0x00000000       0x84 HAL/LCD/LCD_prg.o
 .text.LCD_vTurnOn
                0x00000000        0x2 HAL/LCD/LCD_prg.o
 .text.LCD_vTurnOff
                0x00000000        0x2 HAL/LCD/LCD_prg.o
 .data.G_u8Pattern3
                0x00000000        0x8 HAL/LCD/LCD_prg.o
 .data.G_u8Pattern2
                0x00000000        0x8 HAL/LCD/LCD_prg.o
 .data.G_u8Pattern1
                0x00000000        0x7 HAL/LCD/LCD_prg.o
 .data.G_u8Pattern0
                0x00000000        0x7 HAL/LCD/LCD_prg.o
 .text          0x00000000        0x0 HAL/LDR/LDR_prg.o
 .data          0x00000000        0x0 HAL/LDR/LDR_prg.o
 .bss           0x00000000        0x0 HAL/LDR/LDR_prg.o
 .text.LDR_vInit
                0x00000000        0x6 HAL/LDR/LDR_prg.o
 .text          0x00000000        0x0 HAL/SERVO/SERVO_prg.o
 .data          0x00000000        0x0 HAL/SERVO/SERVO_prg.o
 .bss           0x00000000        0x0 HAL/SERVO/SERVO_prg.o
 .text.SERVO_vInit
                0x00000000        0x6 HAL/SERVO/SERVO_prg.o
 .text.SERVO_vTurnOn
                0x00000000        0x6 HAL/SERVO/SERVO_prg.o
 .text.SERVO_vTurnOff
                0x00000000        0x6 HAL/SERVO/SERVO_prg.o
 .text.SERVO_vSetAngle
                0x00000000       0x40 HAL/SERVO/SERVO_prg.o
 .debug_info    0x00000000      0x168 HAL/SERVO/SERVO_prg.o
 .debug_abbrev  0x00000000       0x9b HAL/SERVO/SERVO_prg.o
 .debug_loc     0x00000000       0x6e HAL/SERVO/SERVO_prg.o
 .debug_aranges
                0x00000000       0x38 HAL/SERVO/SERVO_prg.o
 .debug_ranges  0x00000000       0x28 HAL/SERVO/SERVO_prg.o
 .debug_line    0x00000000       0xf1 HAL/SERVO/SERVO_prg.o
 .debug_str     0x00000000      0x21c HAL/SERVO/SERVO_prg.o
 .comment       0x00000000       0x31 HAL/SERVO/SERVO_prg.o
 .debug_frame   0x00000000       0x54 HAL/SERVO/SERVO_prg.o
 .text          0x00000000        0x0 HAL/TEMPS/TEMPS_prg.o
 .data          0x00000000        0x0 HAL/TEMPS/TEMPS_prg.o
 .bss           0x00000000        0x0 HAL/TEMPS/TEMPS_prg.o
 .text          0x00000000        0x0 MCAL/ADC/ADC_prg.o
 .data          0x00000000        0x0 MCAL/ADC/ADC_prg.o
 .bss           0x00000000        0x0 MCAL/ADC/ADC_prg.o
 .text.ADC_vSetPreScale
                0x00000000        0xe MCAL/ADC/ADC_prg.o
 .text.ADC_vReadDigitalAsync
                0x00000000       0x18 MCAL/ADC/ADC_prg.o
 .text.ADC_vTurnOff
                0x00000000        0x8 MCAL/ADC/ADC_prg.o
 .text          0x00000000        0x0 MCAL/DIO/DIO_prg.o
 .data          0x00000000        0x0 MCAL/DIO/DIO_prg.o
 .bss           0x00000000        0x0 MCAL/DIO/DIO_prg.o
 .text.DIO_vSetPortDir
                0x00000000       0x48 MCAL/DIO/DIO_prg.o
 .text.DIO_vSetPortVal
                0x00000000       0x20 MCAL/DIO/DIO_prg.o
 .text.DIO_u8GetPortVal
                0x00000000       0x22 MCAL/DIO/DIO_prg.o
 .text.DIO_vTogPort
                0x00000000       0x30 MCAL/DIO/DIO_prg.o
 .text          0x00000000        0x0 MCAL/EXTI/EXTI_prg.o
 .data          0x00000000        0x0 MCAL/EXTI/EXTI_prg.o
 .bss           0x00000000        0x0 MCAL/EXTI/EXTI_prg.o
 .text.EXTI_vInitINT1
                0x00000000       0x24 MCAL/EXTI/EXTI_prg.o
 .text.EXTI_vInitINT2
                0x00000000       0x22 MCAL/EXTI/EXTI_prg.o
 .text          0x00000000        0x0 MCAL/GIE/GIE_prg.o
 .data          0x00000000        0x0 MCAL/GIE/GIE_prg.o
 .bss           0x00000000        0x0 MCAL/GIE/GIE_prg.o
 .text.GIE_vDisableGlobalInt
                0x00000000        0x8 MCAL/GIE/GIE_prg.o
 .text          0x00000000        0x0 MCAL/TIM0/TIM0_prg.o
 .data          0x00000000        0x0 MCAL/TIM0/TIM0_prg.o
 .bss           0x00000000        0x0 MCAL/TIM0/TIM0_prg.o
 .text.TIM0_vSetupCTC
                0x00000000       0x1e MCAL/TIM0/TIM0_prg.o
 .text.TIM0_vInit
                0x00000000        0xc MCAL/TIM0/TIM0_prg.o
 .text.TIM0_vTurnOn
                0x00000000        0xe MCAL/TIM0/TIM0_prg.o
 .text.TIM0_vTurnOff
                0x00000000        0xc MCAL/TIM0/TIM0_prg.o
 .text.TIM0_vSetPreload
                0x00000000        0x8 MCAL/TIM0/TIM0_prg.o
 .text.TIM0_vSetOcr0Val
                0x00000000        0x4 MCAL/TIM0/TIM0_prg.o
 .text.TIM0_vGetOcr0Val
                0x00000000        0x4 MCAL/TIM0/TIM0_prg.o
 .text.TIM0_vCallBack_OCF0
                0x00000000        0xa MCAL/TIM0/TIM0_prg.o
 .text.TIM0_vCallBack_OVF
                0x00000000        0xa MCAL/TIM0/TIM0_prg.o
 .text.TIM0_vSetDutyCycleOC0
                0x00000000       0x14 MCAL/TIM0/TIM0_prg.o
 .bss.G_u8Timer0_OcrVal
                0x00000000        0x1 MCAL/TIM0/TIM0_prg.o
 .bss.G_u8Timer0_Preload_Val
                0x00000000        0x1 MCAL/TIM0/TIM0_prg.o
 .bss.G_u16Timer0_Cov
                0x00000000        0x2 MCAL/TIM0/TIM0_prg.o
 .text          0x00000000        0x0 MCAL/TIM1/TIM1_prg.o
 .data          0x00000000        0x0 MCAL/TIM1/TIM1_prg.o
 .bss           0x00000000        0x0 MCAL/TIM1/TIM1_prg.o
 .text.TIMER_vTimer1_setupWGM
                0x00000000       0x22 MCAL/TIM1/TIM1_prg.o
 .text.TIM1_vInit
                0x00000000       0x12 MCAL/TIM1/TIM1_prg.o
 .text.TIM1_vTurnOn
                0x00000000        0xe MCAL/TIM1/TIM1_prg.o
 .text.TIM1_vTurnOff
                0x00000000        0xc MCAL/TIM1/TIM1_prg.o
 .text.TIM1_vSetPreload
                0x00000000        0x6 MCAL/TIM1/TIM1_prg.o
 .text.TIM1_vSetOcr1aVal
                0x00000000        0x6 MCAL/TIM1/TIM1_prg.o
 .text.TIM1_vSetOcr1bVal
                0x00000000        0x6 MCAL/TIM1/TIM1_prg.o
 .text.TIM1_vCallBack_OVF
                0x00000000        0xa MCAL/TIM1/TIM1_prg.o
 .text.TIM1_vCallBack_OCF1A
                0x00000000        0xa MCAL/TIM1/TIM1_prg.o
 .text.TIM1_vCallBack_OCF1B
                0x00000000        0xa MCAL/TIM1/TIM1_prg.o
 .text.TIMER_vCallBack_ICF1
                0x00000000        0xa MCAL/TIM1/TIM1_prg.o
 .text.TIM1_vSetDutyCycleOC1A
                0x00000000        0xa MCAL/TIM1/TIM1_prg.o
 .text.TIM1_vSetDutyCycleOC1B
                0x00000000        0xa MCAL/TIM1/TIM1_prg.o
 .text.TIM1_vSetIcr1Val
                0x00000000        0x6 MCAL/TIM1/TIM1_prg.o
 .text.TIM1_vInitICU
                0x00000000       0x30 MCAL/TIM1/TIM1_prg.o
 .text.TIM1_vDisableICU
                0x00000000        0x8 MCAL/TIM1/TIM1_prg.o
 .text.TIM1_vSetTriggering
                0x00000000       0x1a MCAL/TIM1/TIM1_prg.o
 .text.TIM1_vGetIcr1Val
                0x00000000        0x6 MCAL/TIM1/TIM1_prg.o
 .text          0x00000000        0x0 MCAL/TIM2/TIM2_prg.o
 .data          0x00000000        0x0 MCAL/TIM2/TIM2_prg.o
 .bss           0x00000000        0x0 MCAL/TIM2/TIM2_prg.o
 .text.TIM2_vInitTimer2
                0x00000000        0x2 MCAL/TIM2/TIM2_prg.o
 .text.TIM2_vTurnOn
                0x00000000        0xe MCAL/TIM2/TIM2_prg.o
 .text.TIM2_vTurnOff
                0x00000000        0xc MCAL/TIM2/TIM2_prg.o
 .text.TIM2_vSetPreload
                0x00000000        0x4 MCAL/TIM2/TIM2_prg.o
 .text.TIMER_vSetOcr2Val
                0x00000000        0x4 MCAL/TIM2/TIM2_prg.o
 .text.TIMER_vCallBack_OCF2
                0x00000000        0xa MCAL/TIM2/TIM2_prg.o
 .text.TIMER_vSetDutyCycleOC2
                0x00000000       0x14 MCAL/TIM2/TIM2_prg.o
 .text          0x00000000        0x0 MCAL/UART/UART_prg.o
 .data          0x00000000        0x0 MCAL/UART/UART_prg.o
 .bss           0x00000000        0x0 MCAL/UART/UART_prg.o
 .text.UART_vInit
                0x00000000       0x32 MCAL/UART/UART_prg.o
 .text.UART_vSendCharSync
                0x00000000        0x8 MCAL/UART/UART_prg.o
 .text.UART_vSendStringSync
                0x00000000       0x30 MCAL/UART/UART_prg.o
 .text.UART_u16ReceiveDataSync
                0x00000000        0xa MCAL/UART/UART_prg.o
 .text.UART_vReceiveStringSync
                0x00000000       0x26 MCAL/UART/UART_prg.o
 .text.UART_vSetCallBackTx
                0x00000000        0xa MCAL/UART/UART_prg.o
 .text.UART_vSetCallBackRX
                0x00000000        0xa MCAL/UART/UART_prg.o
 .text.UART_vSetCallBackUDRE
                0x00000000        0xa MCAL/UART/UART_prg.o
 .text.UART_vSendCharAsync
                0x00000000        0x4 MCAL/UART/UART_prg.o
 .text          0x00000000        0x0 MCAL/WDT/WDT_prg.o
 .data          0x00000000        0x0 MCAL/WDT/WDT_prg.o
 .bss           0x00000000        0x0 MCAL/WDT/WDT_prg.o
 .text.WDT_vEnable
                0x00000000        0x8 MCAL/WDT/WDT_prg.o
 .text.WDT_vDisable
                0x00000000        0x8 MCAL/WDT/WDT_prg.o
 .text.WDT_vSetSleep
                0x00000000        0xe MCAL/WDT/WDT_prg.o
 .debug_info    0x00000000       0xc5 MCAL/WDT/WDT_prg.o
 .debug_abbrev  0x00000000       0x6d MCAL/WDT/WDT_prg.o
 .debug_loc     0x00000000       0x21 MCAL/WDT/WDT_prg.o
 .debug_aranges
                0x00000000       0x30 MCAL/WDT/WDT_prg.o
 .debug_ranges  0x00000000       0x20 MCAL/WDT/WDT_prg.o
 .debug_line    0x00000000       0xa6 MCAL/WDT/WDT_prg.o
 .debug_str     0x00000000      0x1c5 MCAL/WDT/WDT_prg.o
 .comment       0x00000000       0x31 MCAL/WDT/WDT_prg.o
 .debug_frame   0x00000000       0x44 MCAL/WDT/WDT_prg.o
 .text          0x00000000        0x0 d:/engineering/3rd year (computer dep.)/2nd term/avr studio/7.0/toolchain/avr8/avr8-gnu-toolchain/bin/../lib/gcc/avr/5.4.0/../../../../avr/lib/avr5\libm.a(addsf3.o)
 .data          0x00000000        0x0 d:/engineering/3rd year (computer dep.)/2nd term/avr studio/7.0/toolchain/avr8/avr8-gnu-toolchain/bin/../lib/gcc/avr/5.4.0/../../../../avr/lib/avr5\libm.a(addsf3.o)
 .bss           0x00000000        0x0 d:/engineering/3rd year (computer dep.)/2nd term/avr studio/7.0/toolchain/avr8/avr8-gnu-toolchain/bin/../lib/gcc/avr/5.4.0/../../../../avr/lib/avr5\libm.a(addsf3.o)
 .text.avr-libc.fplib
                0x00000000        0xe d:/engineering/3rd year (computer dep.)/2nd term/avr studio/7.0/toolchain/avr8/avr8-gnu-toolchain/bin/../lib/gcc/avr/5.4.0/../../../../avr/lib/avr5\libm.a(addsf3.o)
 .text          0x00000000        0x0 d:/engineering/3rd year (computer dep.)/2nd term/avr studio/7.0/toolchain/avr8/avr8-gnu-toolchain/bin/../lib/gcc/avr/5.4.0/../../../../avr/lib/avr5\libm.a(addsf3x.o)
 .data          0x00000000        0x0 d:/engineering/3rd year (computer dep.)/2nd term/avr studio/7.0/toolchain/avr8/avr8-gnu-toolchain/bin/../lib/gcc/avr/5.4.0/../../../../avr/lib/avr5\libm.a(addsf3x.o)
 .bss           0x00000000        0x0 d:/engineering/3rd year (computer dep.)/2nd term/avr studio/7.0/toolchain/avr8/avr8-gnu-toolchain/bin/../lib/gcc/avr/5.4.0/../../../../avr/lib/avr5\libm.a(addsf3x.o)
 .text.avr-libc.fplib
                0x00000000       0xcc d:/engineering/3rd year (computer dep.)/2nd term/avr studio/7.0/toolchain/avr8/avr8-gnu-toolchain/bin/../lib/gcc/avr/5.4.0/../../../../avr/lib/avr5\libm.a(addsf3x.o)
 .text          0x00000000        0x0 d:/engineering/3rd year (computer dep.)/2nd term/avr studio/7.0/toolchain/avr8/avr8-gnu-toolchain/bin/../lib/gcc/avr/5.4.0/../../../../avr/lib/avr5\libm.a(fixunssfsi.o)
 .data          0x00000000        0x0 d:/engineering/3rd year (computer dep.)/2nd term/avr studio/7.0/toolchain/avr8/avr8-gnu-toolchain/bin/../lib/gcc/avr/5.4.0/../../../../avr/lib/avr5\libm.a(fixunssfsi.o)
 .bss           0x00000000        0x0 d:/engineering/3rd year (computer dep.)/2nd term/avr studio/7.0/toolchain/avr8/avr8-gnu-toolchain/bin/../lib/gcc/avr/5.4.0/../../../../avr/lib/avr5\libm.a(fixunssfsi.o)
 .text.avr-libc.fplib
                0x00000000       0x5e d:/engineering/3rd year (computer dep.)/2nd term/avr studio/7.0/toolchain/avr8/avr8-gnu-toolchain/bin/../lib/gcc/avr/5.4.0/../../../../avr/lib/avr5\libm.a(fixunssfsi.o)
 .text          0x00000000        0x0 d:/engineering/3rd year (computer dep.)/2nd term/avr studio/7.0/toolchain/avr8/avr8-gnu-toolchain/bin/../lib/gcc/avr/5.4.0/../../../../avr/lib/avr5\libm.a(floatsisf.o)
 .data          0x00000000        0x0 d:/engineering/3rd year (computer dep.)/2nd term/avr studio/7.0/toolchain/avr8/avr8-gnu-toolchain/bin/../lib/gcc/avr/5.4.0/../../../../avr/lib/avr5\libm.a(floatsisf.o)
 .bss           0x00000000        0x0 d:/engineering/3rd year (computer dep.)/2nd term/avr studio/7.0/toolchain/avr8/avr8-gnu-toolchain/bin/../lib/gcc/avr/5.4.0/../../../../avr/lib/avr5\libm.a(floatsisf.o)
 .text.avr-libc.fplib
                0x00000000       0x7a d:/engineering/3rd year (computer dep.)/2nd term/avr studio/7.0/toolchain/avr8/avr8-gnu-toolchain/bin/../lib/gcc/avr/5.4.0/../../../../avr/lib/avr5\libm.a(floatsisf.o)
 .text          0x00000000        0x0 d:/engineering/3rd year (computer dep.)/2nd term/avr studio/7.0/toolchain/avr8/avr8-gnu-toolchain/bin/../lib/gcc/avr/5.4.0/../../../../avr/lib/avr5\libm.a(fp_inf.o)
 .data          0x00000000        0x0 d:/engineering/3rd year (computer dep.)/2nd term/avr studio/7.0/toolchain/avr8/avr8-gnu-toolchain/bin/../lib/gcc/avr/5.4.0/../../../../avr/lib/avr5\libm.a(fp_inf.o)
 .bss           0x00000000        0x0 d:/engineering/3rd year (computer dep.)/2nd term/avr studio/7.0/toolchain/avr8/avr8-gnu-toolchain/bin/../lib/gcc/avr/5.4.0/../../../../avr/lib/avr5\libm.a(fp_inf.o)
 .text.avr-libc.fplib
                0x00000000        0xc d:/engineering/3rd year (computer dep.)/2nd term/avr studio/7.0/toolchain/avr8/avr8-gnu-toolchain/bin/../lib/gcc/avr/5.4.0/../../../../avr/lib/avr5\libm.a(fp_inf.o)
 .text          0x00000000        0x0 d:/engineering/3rd year (computer dep.)/2nd term/avr studio/7.0/toolchain/avr8/avr8-gnu-toolchain/bin/../lib/gcc/avr/5.4.0/../../../../avr/lib/avr5\libm.a(fp_nan.o)
 .data          0x00000000        0x0 d:/engineering/3rd year (computer dep.)/2nd term/avr studio/7.0/toolchain/avr8/avr8-gnu-toolchain/bin/../lib/gcc/avr/5.4.0/../../../../avr/lib/avr5\libm.a(fp_nan.o)
 .bss           0x00000000        0x0 d:/engineering/3rd year (computer dep.)/2nd term/avr studio/7.0/toolchain/avr8/avr8-gnu-toolchain/bin/../lib/gcc/avr/5.4.0/../../../../avr/lib/avr5\libm.a(fp_nan.o)
 .text.avr-libc.fplib
                0x00000000        0x6 d:/engineering/3rd year (computer dep.)/2nd term/avr studio/7.0/toolchain/avr8/avr8-gnu-toolchain/bin/../lib/gcc/avr/5.4.0/../../../../avr/lib/avr5\libm.a(fp_nan.o)
 .text          0x00000000        0x0 d:/engineering/3rd year (computer dep.)/2nd term/avr studio/7.0/toolchain/avr8/avr8-gnu-toolchain/bin/../lib/gcc/avr/5.4.0/../../../../avr/lib/avr5\libm.a(fp_pscA.o)
 .data          0x00000000        0x0 d:/engineering/3rd year (computer dep.)/2nd term/avr studio/7.0/toolchain/avr8/avr8-gnu-toolchain/bin/../lib/gcc/avr/5.4.0/../../../../avr/lib/avr5\libm.a(fp_pscA.o)
 .bss           0x00000000        0x0 d:/engineering/3rd year (computer dep.)/2nd term/avr studio/7.0/toolchain/avr8/avr8-gnu-toolchain/bin/../lib/gcc/avr/5.4.0/../../../../avr/lib/avr5\libm.a(fp_pscA.o)
 .text.avr-libc.fplib
                0x00000000        0xe d:/engineering/3rd year (computer dep.)/2nd term/avr studio/7.0/toolchain/avr8/avr8-gnu-toolchain/bin/../lib/gcc/avr/5.4.0/../../../../avr/lib/avr5\libm.a(fp_pscA.o)
 .text          0x00000000        0x0 d:/engineering/3rd year (computer dep.)/2nd term/avr studio/7.0/toolchain/avr8/avr8-gnu-toolchain/bin/../lib/gcc/avr/5.4.0/../../../../avr/lib/avr5\libm.a(fp_pscB.o)
 .data          0x00000000        0x0 d:/engineering/3rd year (computer dep.)/2nd term/avr studio/7.0/toolchain/avr8/avr8-gnu-toolchain/bin/../lib/gcc/avr/5.4.0/../../../../avr/lib/avr5\libm.a(fp_pscB.o)
 .bss           0x00000000        0x0 d:/engineering/3rd year (computer dep.)/2nd term/avr studio/7.0/toolchain/avr8/avr8-gnu-toolchain/bin/../lib/gcc/avr/5.4.0/../../../../avr/lib/avr5\libm.a(fp_pscB.o)
 .text.avr-libc.fplib
                0x00000000        0xe d:/engineering/3rd year (computer dep.)/2nd term/avr studio/7.0/toolchain/avr8/avr8-gnu-toolchain/bin/../lib/gcc/avr/5.4.0/../../../../avr/lib/avr5\libm.a(fp_pscB.o)
 .text          0x00000000        0x0 d:/engineering/3rd year (computer dep.)/2nd term/avr studio/7.0/toolchain/avr8/avr8-gnu-toolchain/bin/../lib/gcc/avr/5.4.0/../../../../avr/lib/avr5\libm.a(fp_round.o)
 .data          0x00000000        0x0 d:/engineering/3rd year (computer dep.)/2nd term/avr studio/7.0/toolchain/avr8/avr8-gnu-toolchain/bin/../lib/gcc/avr/5.4.0/../../../../avr/lib/avr5\libm.a(fp_round.o)
 .bss           0x00000000        0x0 d:/engineering/3rd year (computer dep.)/2nd term/avr studio/7.0/toolchain/avr8/avr8-gnu-toolchain/bin/../lib/gcc/avr/5.4.0/../../../../avr/lib/avr5\libm.a(fp_round.o)
 .text.avr-libc.fplib
                0x00000000       0x22 d:/engineering/3rd year (computer dep.)/2nd term/avr studio/7.0/toolchain/avr8/avr8-gnu-toolchain/bin/../lib/gcc/avr/5.4.0/../../../../avr/lib/avr5\libm.a(fp_round.o)
 .text          0x00000000        0x0 d:/engineering/3rd year (computer dep.)/2nd term/avr studio/7.0/toolchain/avr8/avr8-gnu-toolchain/bin/../lib/gcc/avr/5.4.0/../../../../avr/lib/avr5\libm.a(fp_split3.o)
 .data          0x00000000        0x0 d:/engineering/3rd year (computer dep.)/2nd term/avr studio/7.0/toolchain/avr8/avr8-gnu-toolchain/bin/../lib/gcc/avr/5.4.0/../../../../avr/lib/avr5\libm.a(fp_split3.o)
 .bss           0x00000000        0x0 d:/engineering/3rd year (computer dep.)/2nd term/avr studio/7.0/toolchain/avr8/avr8-gnu-toolchain/bin/../lib/gcc/avr/5.4.0/../../../../avr/lib/avr5\libm.a(fp_split3.o)
 .text.avr-libc.fplib
                0x00000000       0x44 d:/engineering/3rd year (computer dep.)/2nd term/avr studio/7.0/toolchain/avr8/avr8-gnu-toolchain/bin/../lib/gcc/avr/5.4.0/../../../../avr/lib/avr5\libm.a(fp_split3.o)
 .text          0x00000000        0x0 d:/engineering/3rd year (computer dep.)/2nd term/avr studio/7.0/toolchain/avr8/avr8-gnu-toolchain/bin/../lib/gcc/avr/5.4.0/../../../../avr/lib/avr5\libm.a(fp_zero.o)
 .data          0x00000000        0x0 d:/engineering/3rd year (computer dep.)/2nd term/avr studio/7.0/toolchain/avr8/avr8-gnu-toolchain/bin/../lib/gcc/avr/5.4.0/../../../../avr/lib/avr5\libm.a(fp_zero.o)
 .bss           0x00000000        0x0 d:/engineering/3rd year (computer dep.)/2nd term/avr studio/7.0/toolchain/avr8/avr8-gnu-toolchain/bin/../lib/gcc/avr/5.4.0/../../../../avr/lib/avr5\libm.a(fp_zero.o)
 .text.avr-libc.fplib
                0x00000000        0xe d:/engineering/3rd year (computer dep.)/2nd term/avr studio/7.0/toolchain/avr8/avr8-gnu-toolchain/bin/../lib/gcc/avr/5.4.0/../../../../avr/lib/avr5\libm.a(fp_zero.o)
 .text          0x00000000        0x0 d:/engineering/3rd year (computer dep.)/2nd term/avr studio/7.0/toolchain/avr8/avr8-gnu-toolchain/bin/../lib/gcc/avr/5.4.0/../../../../avr/lib/avr5\libm.a(mulsf3.o)
 .data          0x00000000        0x0 d:/engineering/3rd year (computer dep.)/2nd term/avr studio/7.0/toolchain/avr8/avr8-gnu-toolchain/bin/../lib/gcc/avr/5.4.0/../../../../avr/lib/avr5\libm.a(mulsf3.o)
 .bss           0x00000000        0x0 d:/engineering/3rd year (computer dep.)/2nd term/avr studio/7.0/toolchain/avr8/avr8-gnu-toolchain/bin/../lib/gcc/avr/5.4.0/../../../../avr/lib/avr5\libm.a(mulsf3.o)
 .text.avr-libc.fplib
                0x00000000        0x8 d:/engineering/3rd year (computer dep.)/2nd term/avr studio/7.0/toolchain/avr8/avr8-gnu-toolchain/bin/../lib/gcc/avr/5.4.0/../../../../avr/lib/avr5\libm.a(mulsf3.o)
 .text          0x00000000        0x0 d:/engineering/3rd year (computer dep.)/2nd term/avr studio/7.0/toolchain/avr8/avr8-gnu-toolchain/bin/../lib/gcc/avr/5.4.0/../../../../avr/lib/avr5\libm.a(mulsf3x.o)
 .data          0x00000000        0x0 d:/engineering/3rd year (computer dep.)/2nd term/avr studio/7.0/toolchain/avr8/avr8-gnu-toolchain/bin/../lib/gcc/avr/5.4.0/../../../../avr/lib/avr5\libm.a(mulsf3x.o)
 .bss           0x00000000        0x0 d:/engineering/3rd year (computer dep.)/2nd term/avr studio/7.0/toolchain/avr8/avr8-gnu-toolchain/bin/../lib/gcc/avr/5.4.0/../../../../avr/lib/avr5\libm.a(mulsf3x.o)
 .text.avr-libc.fplib
                0x00000000       0xd2 d:/engineering/3rd year (computer dep.)/2nd term/avr studio/7.0/toolchain/avr8/avr8-gnu-toolchain/bin/../lib/gcc/avr/5.4.0/../../../../avr/lib/avr5\libm.a(mulsf3x.o)
 .text          0x00000000        0x0 d:/engineering/3rd year (computer dep.)/2nd term/avr studio/7.0/toolchain/avr8/avr8-gnu-toolchain/bin/../lib/gcc/avr/5.4.0/avr5\libgcc.a(_divmodhi4.o)
 .data          0x00000000        0x0 d:/engineering/3rd year (computer dep.)/2nd term/avr studio/7.0/toolchain/avr8/avr8-gnu-toolchain/bin/../lib/gcc/avr/5.4.0/avr5\libgcc.a(_divmodhi4.o)
 .bss           0x00000000        0x0 d:/engineering/3rd year (computer dep.)/2nd term/avr studio/7.0/toolchain/avr8/avr8-gnu-toolchain/bin/../lib/gcc/avr/5.4.0/avr5\libgcc.a(_divmodhi4.o)
 .text.libgcc.mul
                0x00000000        0x0 d:/engineering/3rd year (computer dep.)/2nd term/avr studio/7.0/toolchain/avr8/avr8-gnu-toolchain/bin/../lib/gcc/avr/5.4.0/avr5\libgcc.a(_divmodhi4.o)
 .text.libgcc.div
                0x00000000       0x28 d:/engineering/3rd year (computer dep.)/2nd term/avr studio/7.0/toolchain/avr8/avr8-gnu-toolchain/bin/../lib/gcc/avr/5.4.0/avr5\libgcc.a(_divmodhi4.o)
 .text.libgcc   0x00000000        0x0 d:/engineering/3rd year (computer dep.)/2nd term/avr studio/7.0/toolchain/avr8/avr8-gnu-toolchain/bin/../lib/gcc/avr/5.4.0/avr5\libgcc.a(_divmodhi4.o)
 .text.libgcc.prologue
                0x00000000        0x0 d:/engineering/3rd year (computer dep.)/2nd term/avr studio/7.0/toolchain/avr8/avr8-gnu-toolchain/bin/../lib/gcc/avr/5.4.0/avr5\libgcc.a(_divmodhi4.o)
 .text.libgcc.builtins
                0x00000000        0x0 d:/engineering/3rd year (computer dep.)/2nd term/avr studio/7.0/toolchain/avr8/avr8-gnu-toolchain/bin/../lib/gcc/avr/5.4.0/avr5\libgcc.a(_divmodhi4.o)
 .text.libgcc.fmul
                0x00000000        0x0 d:/engineering/3rd year (computer dep.)/2nd term/avr studio/7.0/toolchain/avr8/avr8-gnu-toolchain/bin/../lib/gcc/avr/5.4.0/avr5\libgcc.a(_divmodhi4.o)
 .text.libgcc.fixed
                0x00000000        0x0 d:/engineering/3rd year (computer dep.)/2nd term/avr studio/7.0/toolchain/avr8/avr8-gnu-toolchain/bin/../lib/gcc/avr/5.4.0/avr5\libgcc.a(_divmodhi4.o)
 .text          0x00000000        0x0 d:/engineering/3rd year (computer dep.)/2nd term/avr studio/7.0/toolchain/avr8/avr8-gnu-toolchain/bin/../lib/gcc/avr/5.4.0/avr5\libgcc.a(_udivmodsi4.o)
 .data          0x00000000        0x0 d:/engineering/3rd year (computer dep.)/2nd term/avr studio/7.0/toolchain/avr8/avr8-gnu-toolchain/bin/../lib/gcc/avr/5.4.0/avr5\libgcc.a(_udivmodsi4.o)
 .bss           0x00000000        0x0 d:/engineering/3rd year (computer dep.)/2nd term/avr studio/7.0/toolchain/avr8/avr8-gnu-toolchain/bin/../lib/gcc/avr/5.4.0/avr5\libgcc.a(_udivmodsi4.o)
 .text.libgcc.mul
                0x00000000        0x0 d:/engineering/3rd year (computer dep.)/2nd term/avr studio/7.0/toolchain/avr8/avr8-gnu-toolchain/bin/../lib/gcc/avr/5.4.0/avr5\libgcc.a(_udivmodsi4.o)
 .text.libgcc   0x00000000        0x0 d:/engineering/3rd year (computer dep.)/2nd term/avr studio/7.0/toolchain/avr8/avr8-gnu-toolchain/bin/../lib/gcc/avr/5.4.0/avr5\libgcc.a(_udivmodsi4.o)
 .text.libgcc.prologue
                0x00000000        0x0 d:/engineering/3rd year (computer dep.)/2nd term/avr studio/7.0/toolchain/avr8/avr8-gnu-toolchain/bin/../lib/gcc/avr/5.4.0/avr5\libgcc.a(_udivmodsi4.o)
 .text.libgcc.builtins
                0x00000000        0x0 d:/engineering/3rd year (computer dep.)/2nd term/avr studio/7.0/toolchain/avr8/avr8-gnu-toolchain/bin/../lib/gcc/avr/5.4.0/avr5\libgcc.a(_udivmodsi4.o)
 .text.libgcc.fmul
                0x00000000        0x0 d:/engineering/3rd year (computer dep.)/2nd term/avr studio/7.0/toolchain/avr8/avr8-gnu-toolchain/bin/../lib/gcc/avr/5.4.0/avr5\libgcc.a(_udivmodsi4.o)
 .text.libgcc.fixed
                0x00000000        0x0 d:/engineering/3rd year (computer dep.)/2nd term/avr studio/7.0/toolchain/avr8/avr8-gnu-toolchain/bin/../lib/gcc/avr/5.4.0/avr5\libgcc.a(_udivmodsi4.o)
 .text          0x00000000        0x0 d:/engineering/3rd year (computer dep.)/2nd term/avr studio/7.0/toolchain/avr8/avr8-gnu-toolchain/bin/../lib/gcc/avr/5.4.0/avr5\libgcc.a(_exit.o)
 .data          0x00000000        0x0 d:/engineering/3rd year (computer dep.)/2nd term/avr studio/7.0/toolchain/avr8/avr8-gnu-toolchain/bin/../lib/gcc/avr/5.4.0/avr5\libgcc.a(_exit.o)
 .bss           0x00000000        0x0 d:/engineering/3rd year (computer dep.)/2nd term/avr studio/7.0/toolchain/avr8/avr8-gnu-toolchain/bin/../lib/gcc/avr/5.4.0/avr5\libgcc.a(_exit.o)
 .text.libgcc.mul
                0x00000000        0x0 d:/engineering/3rd year (computer dep.)/2nd term/avr studio/7.0/toolchain/avr8/avr8-gnu-toolchain/bin/../lib/gcc/avr/5.4.0/avr5\libgcc.a(_exit.o)
 .text.libgcc.div
                0x00000000        0x0 d:/engineering/3rd year (computer dep.)/2nd term/avr studio/7.0/toolchain/avr8/avr8-gnu-toolchain/bin/../lib/gcc/avr/5.4.0/avr5\libgcc.a(_exit.o)
 .text.libgcc   0x00000000        0x0 d:/engineering/3rd year (computer dep.)/2nd term/avr studio/7.0/toolchain/avr8/avr8-gnu-toolchain/bin/../lib/gcc/avr/5.4.0/avr5\libgcc.a(_exit.o)
 .text.libgcc.prologue
                0x00000000        0x0 d:/engineering/3rd year (computer dep.)/2nd term/avr studio/7.0/toolchain/avr8/avr8-gnu-toolchain/bin/../lib/gcc/avr/5.4.0/avr5\libgcc.a(_exit.o)
 .text.libgcc.builtins
                0x00000000        0x0 d:/engineering/3rd year (computer dep.)/2nd term/avr studio/7.0/toolchain/avr8/avr8-gnu-toolchain/bin/../lib/gcc/avr/5.4.0/avr5\libgcc.a(_exit.o)
 .text.libgcc.fmul
                0x00000000        0x0 d:/engineering/3rd year (computer dep.)/2nd term/avr studio/7.0/toolchain/avr8/avr8-gnu-toolchain/bin/../lib/gcc/avr/5.4.0/avr5\libgcc.a(_exit.o)
 .text.libgcc.fixed
                0x00000000        0x0 d:/engineering/3rd year (computer dep.)/2nd term/avr studio/7.0/toolchain/avr8/avr8-gnu-toolchain/bin/../lib/gcc/avr/5.4.0/avr5\libgcc.a(_exit.o)
 .text          0x00000000        0x0 d:/engineering/3rd year (computer dep.)/2nd term/avr studio/7.0/toolchain/avr8/avr8-gnu-toolchain/bin/../lib/gcc/avr/5.4.0/avr5\libgcc.a(_copy_data.o)
 .data          0x00000000        0x0 d:/engineering/3rd year (computer dep.)/2nd term/avr studio/7.0/toolchain/avr8/avr8-gnu-toolchain/bin/../lib/gcc/avr/5.4.0/avr5\libgcc.a(_copy_data.o)
 .bss           0x00000000        0x0 d:/engineering/3rd year (computer dep.)/2nd term/avr studio/7.0/toolchain/avr8/avr8-gnu-toolchain/bin/../lib/gcc/avr/5.4.0/avr5\libgcc.a(_copy_data.o)
 .text.libgcc.mul
                0x00000000        0x0 d:/engineering/3rd year (computer dep.)/2nd term/avr studio/7.0/toolchain/avr8/avr8-gnu-toolchain/bin/../lib/gcc/avr/5.4.0/avr5\libgcc.a(_copy_data.o)
 .text.libgcc.div
                0x00000000        0x0 d:/engineering/3rd year (computer dep.)/2nd term/avr studio/7.0/toolchain/avr8/avr8-gnu-toolchain/bin/../lib/gcc/avr/5.4.0/avr5\libgcc.a(_copy_data.o)
 .text.libgcc   0x00000000        0x0 d:/engineering/3rd year (computer dep.)/2nd term/avr studio/7.0/toolchain/avr8/avr8-gnu-toolchain/bin/../lib/gcc/avr/5.4.0/avr5\libgcc.a(_copy_data.o)
 .text.libgcc.prologue
                0x00000000        0x0 d:/engineering/3rd year (computer dep.)/2nd term/avr studio/7.0/toolchain/avr8/avr8-gnu-toolchain/bin/../lib/gcc/avr/5.4.0/avr5\libgcc.a(_copy_data.o)
 .text.libgcc.builtins
                0x00000000        0x0 d:/engineering/3rd year (computer dep.)/2nd term/avr studio/7.0/toolchain/avr8/avr8-gnu-toolchain/bin/../lib/gcc/avr/5.4.0/avr5\libgcc.a(_copy_data.o)
 .text.libgcc.fmul
                0x00000000        0x0 d:/engineering/3rd year (computer dep.)/2nd term/avr studio/7.0/toolchain/avr8/avr8-gnu-toolchain/bin/../lib/gcc/avr/5.4.0/avr5\libgcc.a(_copy_data.o)
 .text.libgcc.fixed
                0x00000000        0x0 d:/engineering/3rd year (computer dep.)/2nd term/avr studio/7.0/toolchain/avr8/avr8-gnu-toolchain/bin/../lib/gcc/avr/5.4.0/avr5\libgcc.a(_copy_data.o)
 .text          0x00000000        0x0 d:/engineering/3rd year (computer dep.)/2nd term/avr studio/7.0/toolchain/avr8/avr8-gnu-toolchain/bin/../lib/gcc/avr/5.4.0/avr5\libgcc.a(_clear_bss.o)
 .data          0x00000000        0x0 d:/engineering/3rd year (computer dep.)/2nd term/avr studio/7.0/toolchain/avr8/avr8-gnu-toolchain/bin/../lib/gcc/avr/5.4.0/avr5\libgcc.a(_clear_bss.o)
 .bss           0x00000000        0x0 d:/engineering/3rd year (computer dep.)/2nd term/avr studio/7.0/toolchain/avr8/avr8-gnu-toolchain/bin/../lib/gcc/avr/5.4.0/avr5\libgcc.a(_clear_bss.o)
 .text.libgcc.mul
                0x00000000        0x0 d:/engineering/3rd year (computer dep.)/2nd term/avr studio/7.0/toolchain/avr8/avr8-gnu-toolchain/bin/../lib/gcc/avr/5.4.0/avr5\libgcc.a(_clear_bss.o)
 .text.libgcc.div
                0x00000000        0x0 d:/engineering/3rd year (computer dep.)/2nd term/avr studio/7.0/toolchain/avr8/avr8-gnu-toolchain/bin/../lib/gcc/avr/5.4.0/avr5\libgcc.a(_clear_bss.o)
 .text.libgcc   0x00000000        0x0 d:/engineering/3rd year (computer dep.)/2nd term/avr studio/7.0/toolchain/avr8/avr8-gnu-toolchain/bin/../lib/gcc/avr/5.4.0/avr5\libgcc.a(_clear_bss.o)
 .text.libgcc.prologue
                0x00000000        0x0 d:/engineering/3rd year (computer dep.)/2nd term/avr studio/7.0/toolchain/avr8/avr8-gnu-toolchain/bin/../lib/gcc/avr/5.4.0/avr5\libgcc.a(_clear_bss.o)
 .text.libgcc.builtins
                0x00000000        0x0 d:/engineering/3rd year (computer dep.)/2nd term/avr studio/7.0/toolchain/avr8/avr8-gnu-toolchain/bin/../lib/gcc/avr/5.4.0/avr5\libgcc.a(_clear_bss.o)
 .text.libgcc.fmul
                0x00000000        0x0 d:/engineering/3rd year (computer dep.)/2nd term/avr studio/7.0/toolchain/avr8/avr8-gnu-toolchain/bin/../lib/gcc/avr/5.4.0/avr5\libgcc.a(_clear_bss.o)
 .text.libgcc.fixed
                0x00000000        0x0 d:/engineering/3rd year (computer dep.)/2nd term/avr studio/7.0/toolchain/avr8/avr8-gnu-toolchain/bin/../lib/gcc/avr/5.4.0/avr5\libgcc.a(_clear_bss.o)
 .text          0x00000000        0x0 d:/engineering/3rd year (computer dep.)/2nd term/avr studio/7.0/toolchain/avr8/avr8-gnu-toolchain/bin/../lib/gcc/avr/5.4.0/avr5\libgcc.a(_umulhisi3.o)
 .data          0x00000000        0x0 d:/engineering/3rd year (computer dep.)/2nd term/avr studio/7.0/toolchain/avr8/avr8-gnu-toolchain/bin/../lib/gcc/avr/5.4.0/avr5\libgcc.a(_umulhisi3.o)
 .bss           0x00000000        0x0 d:/engineering/3rd year (computer dep.)/2nd term/avr studio/7.0/toolchain/avr8/avr8-gnu-toolchain/bin/../lib/gcc/avr/5.4.0/avr5\libgcc.a(_umulhisi3.o)
 .text.libgcc.div
                0x00000000        0x0 d:/engineering/3rd year (computer dep.)/2nd term/avr studio/7.0/toolchain/avr8/avr8-gnu-toolchain/bin/../lib/gcc/avr/5.4.0/avr5\libgcc.a(_umulhisi3.o)
 .text.libgcc   0x00000000        0x0 d:/engineering/3rd year (computer dep.)/2nd term/avr studio/7.0/toolchain/avr8/avr8-gnu-toolchain/bin/../lib/gcc/avr/5.4.0/avr5\libgcc.a(_umulhisi3.o)
 .text.libgcc.prologue
                0x00000000        0x0 d:/engineering/3rd year (computer dep.)/2nd term/avr studio/7.0/toolchain/avr8/avr8-gnu-toolchain/bin/../lib/gcc/avr/5.4.0/avr5\libgcc.a(_umulhisi3.o)
 .text.libgcc.builtins
                0x00000000        0x0 d:/engineering/3rd year (computer dep.)/2nd term/avr studio/7.0/toolchain/avr8/avr8-gnu-toolchain/bin/../lib/gcc/avr/5.4.0/avr5\libgcc.a(_umulhisi3.o)
 .text.libgcc.fmul
                0x00000000        0x0 d:/engineering/3rd year (computer dep.)/2nd term/avr studio/7.0/toolchain/avr8/avr8-gnu-toolchain/bin/../lib/gcc/avr/5.4.0/avr5\libgcc.a(_umulhisi3.o)
 .text.libgcc.fixed
                0x00000000        0x0 d:/engineering/3rd year (computer dep.)/2nd term/avr studio/7.0/toolchain/avr8/avr8-gnu-toolchain/bin/../lib/gcc/avr/5.4.0/avr5\libgcc.a(_umulhisi3.o)
 .text          0x00000000        0x0 d:/engineering/3rd year (computer dep.)/2nd term/avr studio/7.0/toolchain/avr8/avr8-gnu-toolchain/bin/../lib/gcc/avr/5.4.0/avr5\libgcc.a(_divdi3.o)
 .data          0x00000000        0x0 d:/engineering/3rd year (computer dep.)/2nd term/avr studio/7.0/toolchain/avr8/avr8-gnu-toolchain/bin/../lib/gcc/avr/5.4.0/avr5\libgcc.a(_divdi3.o)
 .bss           0x00000000        0x0 d:/engineering/3rd year (computer dep.)/2nd term/avr studio/7.0/toolchain/avr8/avr8-gnu-toolchain/bin/../lib/gcc/avr/5.4.0/avr5\libgcc.a(_divdi3.o)
 .text.libgcc.mul
                0x00000000        0x0 d:/engineering/3rd year (computer dep.)/2nd term/avr studio/7.0/toolchain/avr8/avr8-gnu-toolchain/bin/../lib/gcc/avr/5.4.0/avr5\libgcc.a(_divdi3.o)
 .text.libgcc   0x00000000        0x0 d:/engineering/3rd year (computer dep.)/2nd term/avr studio/7.0/toolchain/avr8/avr8-gnu-toolchain/bin/../lib/gcc/avr/5.4.0/avr5\libgcc.a(_divdi3.o)
 .text.libgcc.prologue
                0x00000000        0x0 d:/engineering/3rd year (computer dep.)/2nd term/avr studio/7.0/toolchain/avr8/avr8-gnu-toolchain/bin/../lib/gcc/avr/5.4.0/avr5\libgcc.a(_divdi3.o)
 .text.libgcc.builtins
                0x00000000        0x0 d:/engineering/3rd year (computer dep.)/2nd term/avr studio/7.0/toolchain/avr8/avr8-gnu-toolchain/bin/../lib/gcc/avr/5.4.0/avr5\libgcc.a(_divdi3.o)
 .text.libgcc.fmul
                0x00000000        0x0 d:/engineering/3rd year (computer dep.)/2nd term/avr studio/7.0/toolchain/avr8/avr8-gnu-toolchain/bin/../lib/gcc/avr/5.4.0/avr5\libgcc.a(_divdi3.o)
 .text.libgcc.fixed
                0x00000000        0x0 d:/engineering/3rd year (computer dep.)/2nd term/avr studio/7.0/toolchain/avr8/avr8-gnu-toolchain/bin/../lib/gcc/avr/5.4.0/avr5\libgcc.a(_divdi3.o)
 .text          0x00000000        0x0 d:/engineering/3rd year (computer dep.)/2nd term/avr studio/7.0/toolchain/avr8/avr8-gnu-toolchain/bin/../lib/gcc/avr/5.4.0/avr5\libgcc.a(_udivdi3.o)
 .data          0x00000000        0x0 d:/engineering/3rd year (computer dep.)/2nd term/avr studio/7.0/toolchain/avr8/avr8-gnu-toolchain/bin/../lib/gcc/avr/5.4.0/avr5\libgcc.a(_udivdi3.o)
 .bss           0x00000000        0x0 d:/engineering/3rd year (computer dep.)/2nd term/avr studio/7.0/toolchain/avr8/avr8-gnu-toolchain/bin/../lib/gcc/avr/5.4.0/avr5\libgcc.a(_udivdi3.o)
 .text.libgcc.mul
                0x00000000        0x0 d:/engineering/3rd year (computer dep.)/2nd term/avr studio/7.0/toolchain/avr8/avr8-gnu-toolchain/bin/../lib/gcc/avr/5.4.0/avr5\libgcc.a(_udivdi3.o)
 .text.libgcc   0x00000000        0x0 d:/engineering/3rd year (computer dep.)/2nd term/avr studio/7.0/toolchain/avr8/avr8-gnu-toolchain/bin/../lib/gcc/avr/5.4.0/avr5\libgcc.a(_udivdi3.o)
 .text.libgcc.prologue
                0x00000000        0x0 d:/engineering/3rd year (computer dep.)/2nd term/avr studio/7.0/toolchain/avr8/avr8-gnu-toolchain/bin/../lib/gcc/avr/5.4.0/avr5\libgcc.a(_udivdi3.o)
 .text.libgcc.builtins
                0x00000000        0x0 d:/engineering/3rd year (computer dep.)/2nd term/avr studio/7.0/toolchain/avr8/avr8-gnu-toolchain/bin/../lib/gcc/avr/5.4.0/avr5\libgcc.a(_udivdi3.o)
 .text.libgcc.fmul
                0x00000000        0x0 d:/engineering/3rd year (computer dep.)/2nd term/avr studio/7.0/toolchain/avr8/avr8-gnu-toolchain/bin/../lib/gcc/avr/5.4.0/avr5\libgcc.a(_udivdi3.o)
 .text.libgcc.fixed
                0x00000000        0x0 d:/engineering/3rd year (computer dep.)/2nd term/avr studio/7.0/toolchain/avr8/avr8-gnu-toolchain/bin/../lib/gcc/avr/5.4.0/avr5\libgcc.a(_udivdi3.o)
 .text          0x00000000        0x0 d:/engineering/3rd year (computer dep.)/2nd term/avr studio/7.0/toolchain/avr8/avr8-gnu-toolchain/bin/../lib/gcc/avr/5.4.0/avr5\libgcc.a(_udivmod64.o)
 .data          0x00000000        0x0 d:/engineering/3rd year (computer dep.)/2nd term/avr studio/7.0/toolchain/avr8/avr8-gnu-toolchain/bin/../lib/gcc/avr/5.4.0/avr5\libgcc.a(_udivmod64.o)
 .bss           0x00000000        0x0 d:/engineering/3rd year (computer dep.)/2nd term/avr studio/7.0/toolchain/avr8/avr8-gnu-toolchain/bin/../lib/gcc/avr/5.4.0/avr5\libgcc.a(_udivmod64.o)
 .text.libgcc.mul
                0x00000000        0x0 d:/engineering/3rd year (computer dep.)/2nd term/avr studio/7.0/toolchain/avr8/avr8-gnu-toolchain/bin/../lib/gcc/avr/5.4.0/avr5\libgcc.a(_udivmod64.o)
 .text.libgcc   0x00000000        0x0 d:/engineering/3rd year (computer dep.)/2nd term/avr studio/7.0/toolchain/avr8/avr8-gnu-toolchain/bin/../lib/gcc/avr/5.4.0/avr5\libgcc.a(_udivmod64.o)
 .text.libgcc.prologue
                0x00000000        0x0 d:/engineering/3rd year (computer dep.)/2nd term/avr studio/7.0/toolchain/avr8/avr8-gnu-toolchain/bin/../lib/gcc/avr/5.4.0/avr5\libgcc.a(_udivmod64.o)
 .text.libgcc.builtins
                0x00000000        0x0 d:/engineering/3rd year (computer dep.)/2nd term/avr studio/7.0/toolchain/avr8/avr8-gnu-toolchain/bin/../lib/gcc/avr/5.4.0/avr5\libgcc.a(_udivmod64.o)
 .text.libgcc.fmul
                0x00000000        0x0 d:/engineering/3rd year (computer dep.)/2nd term/avr studio/7.0/toolchain/avr8/avr8-gnu-toolchain/bin/../lib/gcc/avr/5.4.0/avr5\libgcc.a(_udivmod64.o)
 .text.libgcc.fixed
                0x00000000        0x0 d:/engineering/3rd year (computer dep.)/2nd term/avr studio/7.0/toolchain/avr8/avr8-gnu-toolchain/bin/../lib/gcc/avr/5.4.0/avr5\libgcc.a(_udivmod64.o)
 .text          0x00000000        0x0 d:/engineering/3rd year (computer dep.)/2nd term/avr studio/7.0/toolchain/avr8/avr8-gnu-toolchain/bin/../lib/gcc/avr/5.4.0/avr5\libgcc.a(_negdi2.o)
 .data          0x00000000        0x0 d:/engineering/3rd year (computer dep.)/2nd term/avr studio/7.0/toolchain/avr8/avr8-gnu-toolchain/bin/../lib/gcc/avr/5.4.0/avr5\libgcc.a(_negdi2.o)
 .bss           0x00000000        0x0 d:/engineering/3rd year (computer dep.)/2nd term/avr studio/7.0/toolchain/avr8/avr8-gnu-toolchain/bin/../lib/gcc/avr/5.4.0/avr5\libgcc.a(_negdi2.o)
 .text.libgcc.mul
                0x00000000        0x0 d:/engineering/3rd year (computer dep.)/2nd term/avr studio/7.0/toolchain/avr8/avr8-gnu-toolchain/bin/../lib/gcc/avr/5.4.0/avr5\libgcc.a(_negdi2.o)
 .text.libgcc.div
                0x00000000        0x0 d:/engineering/3rd year (computer dep.)/2nd term/avr studio/7.0/toolchain/avr8/avr8-gnu-toolchain/bin/../lib/gcc/avr/5.4.0/avr5\libgcc.a(_negdi2.o)
 .text.libgcc.prologue
                0x00000000        0x0 d:/engineering/3rd year (computer dep.)/2nd term/avr studio/7.0/toolchain/avr8/avr8-gnu-toolchain/bin/../lib/gcc/avr/5.4.0/avr5\libgcc.a(_negdi2.o)
 .text.libgcc.builtins
                0x00000000        0x0 d:/engineering/3rd year (computer dep.)/2nd term/avr studio/7.0/toolchain/avr8/avr8-gnu-toolchain/bin/../lib/gcc/avr/5.4.0/avr5\libgcc.a(_negdi2.o)
 .text.libgcc.fmul
                0x00000000        0x0 d:/engineering/3rd year (computer dep.)/2nd term/avr studio/7.0/toolchain/avr8/avr8-gnu-toolchain/bin/../lib/gcc/avr/5.4.0/avr5\libgcc.a(_negdi2.o)
 .text.libgcc.fixed
                0x00000000        0x0 d:/engineering/3rd year (computer dep.)/2nd term/avr studio/7.0/toolchain/avr8/avr8-gnu-toolchain/bin/../lib/gcc/avr/5.4.0/avr5\libgcc.a(_negdi2.o)
 .text          0x00000000        0x0 d:/engineering/3rd year (computer dep.)/2nd term/avr studio/7.0/toolchain/avr8/avr8-gnu-toolchain/bin/../lib/gcc/avr/5.4.0/avr5\libgcc.a(_prologue.o)
 .data          0x00000000        0x0 d:/engineering/3rd year (computer dep.)/2nd term/avr studio/7.0/toolchain/avr8/avr8-gnu-toolchain/bin/../lib/gcc/avr/5.4.0/avr5\libgcc.a(_prologue.o)
 .bss           0x00000000        0x0 d:/engineering/3rd year (computer dep.)/2nd term/avr studio/7.0/toolchain/avr8/avr8-gnu-toolchain/bin/../lib/gcc/avr/5.4.0/avr5\libgcc.a(_prologue.o)
 .text.libgcc.mul
                0x00000000        0x0 d:/engineering/3rd year (computer dep.)/2nd term/avr studio/7.0/toolchain/avr8/avr8-gnu-toolchain/bin/../lib/gcc/avr/5.4.0/avr5\libgcc.a(_prologue.o)
 .text.libgcc.div
                0x00000000        0x0 d:/engineering/3rd year (computer dep.)/2nd term/avr studio/7.0/toolchain/avr8/avr8-gnu-toolchain/bin/../lib/gcc/avr/5.4.0/avr5\libgcc.a(_prologue.o)
 .text.libgcc   0x00000000        0x0 d:/engineering/3rd year (computer dep.)/2nd term/avr studio/7.0/toolchain/avr8/avr8-gnu-toolchain/bin/../lib/gcc/avr/5.4.0/avr5\libgcc.a(_prologue.o)
 .text.libgcc.builtins
                0x00000000        0x0 d:/engineering/3rd year (computer dep.)/2nd term/avr studio/7.0/toolchain/avr8/avr8-gnu-toolchain/bin/../lib/gcc/avr/5.4.0/avr5\libgcc.a(_prologue.o)
 .text.libgcc.fmul
                0x00000000        0x0 d:/engineering/3rd year (computer dep.)/2nd term/avr studio/7.0/toolchain/avr8/avr8-gnu-toolchain/bin/../lib/gcc/avr/5.4.0/avr5\libgcc.a(_prologue.o)
 .text.libgcc.fixed
                0x00000000        0x0 d:/engineering/3rd year (computer dep.)/2nd term/avr studio/7.0/toolchain/avr8/avr8-gnu-toolchain/bin/../lib/gcc/avr/5.4.0/avr5\libgcc.a(_prologue.o)
 .text          0x00000000        0x0 d:/engineering/3rd year (computer dep.)/2nd term/avr studio/7.0/toolchain/avr8/avr8-gnu-toolchain/bin/../lib/gcc/avr/5.4.0/avr5\libgcc.a(_epilogue.o)
 .data          0x00000000        0x0 d:/engineering/3rd year (computer dep.)/2nd term/avr studio/7.0/toolchain/avr8/avr8-gnu-toolchain/bin/../lib/gcc/avr/5.4.0/avr5\libgcc.a(_epilogue.o)
 .bss           0x00000000        0x0 d:/engineering/3rd year (computer dep.)/2nd term/avr studio/7.0/toolchain/avr8/avr8-gnu-toolchain/bin/../lib/gcc/avr/5.4.0/avr5\libgcc.a(_epilogue.o)
 .text.libgcc.mul
                0x00000000        0x0 d:/engineering/3rd year (computer dep.)/2nd term/avr studio/7.0/toolchain/avr8/avr8-gnu-toolchain/bin/../lib/gcc/avr/5.4.0/avr5\libgcc.a(_epilogue.o)
 .text.libgcc.div
                0x00000000        0x0 d:/engineering/3rd year (computer dep.)/2nd term/avr studio/7.0/toolchain/avr8/avr8-gnu-toolchain/bin/../lib/gcc/avr/5.4.0/avr5\libgcc.a(_epilogue.o)
 .text.libgcc   0x00000000        0x0 d:/engineering/3rd year (computer dep.)/2nd term/avr studio/7.0/toolchain/avr8/avr8-gnu-toolchain/bin/../lib/gcc/avr/5.4.0/avr5\libgcc.a(_epilogue.o)
 .text.libgcc.builtins
                0x00000000        0x0 d:/engineering/3rd year (computer dep.)/2nd term/avr studio/7.0/toolchain/avr8/avr8-gnu-toolchain/bin/../lib/gcc/avr/5.4.0/avr5\libgcc.a(_epilogue.o)
 .text.libgcc.fmul
                0x00000000        0x0 d:/engineering/3rd year (computer dep.)/2nd term/avr studio/7.0/toolchain/avr8/avr8-gnu-toolchain/bin/../lib/gcc/avr/5.4.0/avr5\libgcc.a(_epilogue.o)
 .text.libgcc.fixed
                0x00000000        0x0 d:/engineering/3rd year (computer dep.)/2nd term/avr studio/7.0/toolchain/avr8/avr8-gnu-toolchain/bin/../lib/gcc/avr/5.4.0/avr5\libgcc.a(_epilogue.o)
 .text          0x00000000        0x0 d:/engineering/3rd year (computer dep.)/2nd term/avr studio/7.0/toolchain/avr8/avr8-gnu-toolchain/bin/../lib/gcc/avr/5.4.0/avr5\libgcc.a(_cmpdi2_s8.o)
 .data          0x00000000        0x0 d:/engineering/3rd year (computer dep.)/2nd term/avr studio/7.0/toolchain/avr8/avr8-gnu-toolchain/bin/../lib/gcc/avr/5.4.0/avr5\libgcc.a(_cmpdi2_s8.o)
 .bss           0x00000000        0x0 d:/engineering/3rd year (computer dep.)/2nd term/avr studio/7.0/toolchain/avr8/avr8-gnu-toolchain/bin/../lib/gcc/avr/5.4.0/avr5\libgcc.a(_cmpdi2_s8.o)
 .text.libgcc.mul
                0x00000000        0x0 d:/engineering/3rd year (computer dep.)/2nd term/avr studio/7.0/toolchain/avr8/avr8-gnu-toolchain/bin/../lib/gcc/avr/5.4.0/avr5\libgcc.a(_cmpdi2_s8.o)
 .text.libgcc.div
                0x00000000        0x0 d:/engineering/3rd year (computer dep.)/2nd term/avr studio/7.0/toolchain/avr8/avr8-gnu-toolchain/bin/../lib/gcc/avr/5.4.0/avr5\libgcc.a(_cmpdi2_s8.o)
 .text.libgcc.prologue
                0x00000000        0x0 d:/engineering/3rd year (computer dep.)/2nd term/avr studio/7.0/toolchain/avr8/avr8-gnu-toolchain/bin/../lib/gcc/avr/5.4.0/avr5\libgcc.a(_cmpdi2_s8.o)
 .text.libgcc.builtins
                0x00000000        0x0 d:/engineering/3rd year (computer dep.)/2nd term/avr studio/7.0/toolchain/avr8/avr8-gnu-toolchain/bin/../lib/gcc/avr/5.4.0/avr5\libgcc.a(_cmpdi2_s8.o)
 .text.libgcc.fmul
                0x00000000        0x0 d:/engineering/3rd year (computer dep.)/2nd term/avr studio/7.0/toolchain/avr8/avr8-gnu-toolchain/bin/../lib/gcc/avr/5.4.0/avr5\libgcc.a(_cmpdi2_s8.o)
 .text.libgcc.fixed
                0x00000000        0x0 d:/engineering/3rd year (computer dep.)/2nd term/avr studio/7.0/toolchain/avr8/avr8-gnu-toolchain/bin/../lib/gcc/avr/5.4.0/avr5\libgcc.a(_cmpdi2_s8.o)
 .text          0x00000000        0x0 d:/engineering/3rd year (computer dep.)/2nd term/avr studio/7.0/toolchain/avr8/avr8-gnu-toolchain/bin/../lib/gcc/avr/5.4.0/avr5\libgcc.a(_udivmodhi4.o)
 .data          0x00000000        0x0 d:/engineering/3rd year (computer dep.)/2nd term/avr studio/7.0/toolchain/avr8/avr8-gnu-toolchain/bin/../lib/gcc/avr/5.4.0/avr5\libgcc.a(_udivmodhi4.o)
 .bss           0x00000000        0x0 d:/engineering/3rd year (computer dep.)/2nd term/avr studio/7.0/toolchain/avr8/avr8-gnu-toolchain/bin/../lib/gcc/avr/5.4.0/avr5\libgcc.a(_udivmodhi4.o)
 .text.libgcc.mul
                0x00000000        0x0 d:/engineering/3rd year (computer dep.)/2nd term/avr studio/7.0/toolchain/avr8/avr8-gnu-toolchain/bin/../lib/gcc/avr/5.4.0/avr5\libgcc.a(_udivmodhi4.o)
 .text.libgcc.div
                0x00000000       0x28 d:/engineering/3rd year (computer dep.)/2nd term/avr studio/7.0/toolchain/avr8/avr8-gnu-toolchain/bin/../lib/gcc/avr/5.4.0/avr5\libgcc.a(_udivmodhi4.o)
 .text.libgcc   0x00000000        0x0 d:/engineering/3rd year (computer dep.)/2nd term/avr studio/7.0/toolchain/avr8/avr8-gnu-toolchain/bin/../lib/gcc/avr/5.4.0/avr5\libgcc.a(_udivmodhi4.o)
 .text.libgcc.prologue
                0x00000000        0x0 d:/engineering/3rd year (computer dep.)/2nd term/avr studio/7.0/toolchain/avr8/avr8-gnu-toolchain/bin/../lib/gcc/avr/5.4.0/avr5\libgcc.a(_udivmodhi4.o)
 .text.libgcc.builtins
                0x00000000        0x0 d:/engineering/3rd year (computer dep.)/2nd term/avr studio/7.0/toolchain/avr8/avr8-gnu-toolchain/bin/../lib/gcc/avr/5.4.0/avr5\libgcc.a(_udivmodhi4.o)
 .text.libgcc.fmul
                0x00000000        0x0 d:/engineering/3rd year (computer dep.)/2nd term/avr studio/7.0/toolchain/avr8/avr8-gnu-toolchain/bin/../lib/gcc/avr/5.4.0/avr5\libgcc.a(_udivmodhi4.o)
 .text.libgcc.fixed
                0x00000000        0x0 d:/engineering/3rd year (computer dep.)/2nd term/avr studio/7.0/toolchain/avr8/avr8-gnu-toolchain/bin/../lib/gcc/avr/5.4.0/avr5\libgcc.a(_udivmodhi4.o)
 .text          0x00000000        0x0 d:/engineering/3rd year (computer dep.)/2nd term/avr studio/7.0/toolchain/avr8/avr8-gnu-toolchain/bin/../lib/gcc/avr/5.4.0/../../../../avr/lib/avr5\libc.a(strcmp.o)
 .data          0x00000000        0x0 d:/engineering/3rd year (computer dep.)/2nd term/avr studio/7.0/toolchain/avr8/avr8-gnu-toolchain/bin/../lib/gcc/avr/5.4.0/../../../../avr/lib/avr5\libc.a(strcmp.o)
 .bss           0x00000000        0x0 d:/engineering/3rd year (computer dep.)/2nd term/avr studio/7.0/toolchain/avr8/avr8-gnu-toolchain/bin/../lib/gcc/avr/5.4.0/../../../../avr/lib/avr5\libc.a(strcmp.o)
 .text.avr-libc
                0x00000000       0x12 d:/engineering/3rd year (computer dep.)/2nd term/avr studio/7.0/toolchain/avr8/avr8-gnu-toolchain/bin/../lib/gcc/avr/5.4.0/../../../../avr/lib/avr5\libc.a(strcmp.o)

Memory Configuration

Name             Origin             Length             Attributes
text             0x00000000         0x00008000         xr
data             0x00800060         0x00000800         rw !x
eeprom           0x00810000         0x00000400         rw !x
fuse             0x00820000         0x00000002         rw !x
lock             0x00830000         0x00000400         rw !x
signature        0x00840000         0x00000400         rw !x
user_signatures  0x00850000         0x00000400         rw !x
*default*        0x00000000         0xffffffff

Linker script and memory map

LOAD D:/Engineering/3rd year (computer dep.)/2nd term/AVR STUDIO/7.0/Packs/atmel/ATmega_DFP/1.6.364/gcc/dev/atmega32/avr5/crtatmega32.o
LOAD APP/main.o
LOAD HAL/HC/HC_prg.o
LOAD HAL/KeyPad/KeyPad_prg.o
LOAD HAL/LCD/LCD_prg.o
LOAD HAL/LDR/LDR_prg.o
LOAD HAL/SERVO/SERVO_prg.o
LOAD HAL/TEMPS/TEMPS_prg.o
LOAD MCAL/ADC/ADC_prg.o
LOAD MCAL/DIO/DIO_prg.o
LOAD MCAL/EXTI/EXTI_prg.o
LOAD MCAL/GIE/GIE_prg.o
LOAD MCAL/TIM0/TIM0_prg.o
LOAD MCAL/TIM1/TIM1_prg.o
LOAD MCAL/TIM2/TIM2_prg.o
LOAD MCAL/UART/UART_prg.o
LOAD MCAL/WDT/WDT_prg.o
START GROUP
LOAD d:/engineering/3rd year (computer dep.)/2nd term/avr studio/7.0/toolchain/avr8/avr8-gnu-toolchain/bin/../lib/gcc/avr/5.4.0/../../../../avr/lib/avr5\libm.a
END GROUP
START GROUP
LOAD d:/engineering/3rd year (computer dep.)/2nd term/avr studio/7.0/toolchain/avr8/avr8-gnu-toolchain/bin/../lib/gcc/avr/5.4.0/avr5\libgcc.a
LOAD d:/engineering/3rd year (computer dep.)/2nd term/avr studio/7.0/toolchain/avr8/avr8-gnu-toolchain/bin/../lib/gcc/avr/5.4.0/../../../../avr/lib/avr5\libm.a
LOAD d:/engineering/3rd year (computer dep.)/2nd term/avr studio/7.0/toolchain/avr8/avr8-gnu-toolchain/bin/../lib/gcc/avr/5.4.0/../../../../avr/lib/avr5\libc.a
LOAD D:/Engineering/3rd year (computer dep.)/2nd term/AVR STUDIO/7.0/Packs/atmel/ATmega_DFP/1.6.364/gcc/dev/atmega32/avr5\libatmega32.a
END GROUP
                0x00000000                __TEXT_REGION_ORIGIN__ = DEFINED (__TEXT_REGION_ORIGIN__)?__TEXT_REGION_ORIGIN__:0x0
                [0x00800060]                __DATA_REGION_ORIGIN__ = DEFINED (__DATA_REGION_ORIGIN__)?__DATA_REGION_ORIGIN__:0x800060
                [0x00008000]                __TEXT_REGION_LENGTH__ = DEFINED (__TEXT_REGION_LENGTH__)?__TEXT_REGION_LENGTH__:0x20000
                [0x00000800]                __DATA_REGION_LENGTH__ = DEFINED (__DATA_REGION_LENGTH__)?__DATA_REGION_LENGTH__:0xffa0
                [0x00000400]                __EEPROM_REGION_LENGTH__ = DEFINED (__EEPROM_REGION_LENGTH__)?__EEPROM_REGION_LENGTH__:0x10000
                [0x00000002]                __FUSE_REGION_LENGTH__ = DEFINED (__FUSE_REGION_LENGTH__)?__FUSE_REGION_LENGTH__:0x400
                0x00000400                __LOCK_REGION_LENGTH__ = DEFINED (__LOCK_REGION_LENGTH__)?__LOCK_REGION_LENGTH__:0x400
                0x00000400                __SIGNATURE_REGION_LENGTH__ = DEFINED (__SIGNATURE_REGION_LENGTH__)?__SIGNATURE_REGION_LENGTH__:0x400
                0x00000400                __USER_SIGNATURE_REGION_LENGTH__ = DEFINED (__USER_SIGNATURE_REGION_LENGTH__)?__USER_SIGNATURE_REGION_LENGTH__:0x400

.hash
 *(.hash)

.dynsym
 *(.dynsym)

.dynstr
 *(.dynstr)

.gnu.version
 *(.gnu.version)

.gnu.version_d
 *(.gnu.version_d)

.gnu.version_r
 *(.gnu.version_r)

.rel.init
 *(.rel.init)

.rela.init
 *(.rela.init)

.rel.text
 *(.rel.text)
 *(.rel.text.*)
 *(.rel.gnu.linkonce.t*)

.rela.text
 *(.rela.text)
 *(.rela.text.*)
 *(.rela.gnu.linkonce.t*)

.rel.fini
 *(.rel.fini)

.rela.fini
 *(.rela.fini)

.rel.rodata
 *(.rel.rodata)
 *(.rel.rodata.*)
 *(.rel.gnu.linkonce.r*)

.rela.rodata
 *(.rela.rodata)
 *(.rela.rodata.*)
 *(.rela.gnu.linkonce.r*)

.rel.data
 *(.rel.data)
 *(.rel.data.*)
 *(.rel.gnu.linkonce.d*)

.rela.data
 *(.rela.data)
 *(.rela.data.*)
 *(.rela.gnu.linkonce.d*)

.rel.ctors
 *(.rel.ctors)

.rela.ctors
 *(.rela.ctors)

.rel.dtors
 *(.rel.dtors)

.rela.dtors
 *(.rela.dtors)

.rel.got
 *(.rel.got)

.rela.got
 *(.rela.got)

.rel.bss
 *(.rel.bss)

.rela.bss
 *(.rela.bss)

.rel.plt
 *(.rel.plt)

.rela.plt
 *(.rela.plt)

.text           0x00000000     0x1038
 *(.vectors)
 .vectors       0x00000000       0x54 D:/Engineering/3rd year (computer dep.)/2nd term/AVR STUDIO/7.0/Packs/atmel/ATmega_DFP/1.6.364/gcc/dev/atmega32/avr5/crtatmega32.o
                0x00000000                __vector_default
                0x00000000                __vectors
 *(.vectors)
 *(.progmem.gcc*)
                0x00000054                . = ALIGN (0x2)
                0x00000054                __trampolines_start = .
 *(.trampolines)
 .trampolines   0x00000054        0x0 linker stubs
 *(.trampolines*)
                0x00000054                __trampolines_end = .
 *libprintf_flt.a:*(.progmem.data)
 *libc.a:*(.progmem.data)
 *(.progmem*)
                0x00000054                . = ALIGN (0x2)
 *(.jumptables)
 *(.jumptables*)
 *(.lowtext)
 *(.lowtext*)
                0x00000054                __ctors_start = .
 *(.ctors)
                0x00000054                __ctors_end = .
                0x00000054                __dtors_start = .
 *(.dtors)
                0x00000054                __dtors_end = .
 SORT(*)(.ctors)
 SORT(*)(.dtors)
 *(.init0)
 .init0         0x00000054        0x0 D:/Engineering/3rd year (computer dep.)/2nd term/AVR STUDIO/7.0/Packs/atmel/ATmega_DFP/1.6.364/gcc/dev/atmega32/avr5/crtatmega32.o
                0x00000054                __init
 *(.init0)
 *(.init1)
 *(.init1)
 *(.init2)
 .init2         0x00000054        0xc D:/Engineering/3rd year (computer dep.)/2nd term/AVR STUDIO/7.0/Packs/atmel/ATmega_DFP/1.6.364/gcc/dev/atmega32/avr5/crtatmega32.o
 *(.init2)
 *(.init3)
 *(.init3)
 *(.init4)
 .init4         0x00000060       0x16 d:/engineering/3rd year (computer dep.)/2nd term/avr studio/7.0/toolchain/avr8/avr8-gnu-toolchain/bin/../lib/gcc/avr/5.4.0/avr5\libgcc.a(_copy_data.o)
                0x00000060                __do_copy_data
 .init4         0x00000076       0x10 d:/engineering/3rd year (computer dep.)/2nd term/avr studio/7.0/toolchain/avr8/avr8-gnu-toolchain/bin/../lib/gcc/avr/5.4.0/avr5\libgcc.a(_clear_bss.o)
                0x00000076                __do_clear_bss
 *(.init4)
 *(.init5)
 *(.init5)
 *(.init6)
 *(.init6)
 *(.init7)
 *(.init7)
 *(.init8)
 *(.init8)
 *(.init9)
 .init9         0x00000086        0x8 D:/Engineering/3rd year (computer dep.)/2nd term/AVR STUDIO/7.0/Packs/atmel/ATmega_DFP/1.6.364/gcc/dev/atmega32/avr5/crtatmega32.o
 *(.init9)
 *(.text)
 .text          0x0000008e        0x4 D:/Engineering/3rd year (computer dep.)/2nd term/AVR STUDIO/7.0/Packs/atmel/ATmega_DFP/1.6.364/gcc/dev/atmega32/avr5/crtatmega32.o
                0x0000008e                __bad_interrupt
                0x0000008e                __vector_17
                0x0000008e                __vector_19
                0x0000008e                __vector_18
                0x0000008e                __vector_20
                0x0000008e                __vector_12
                0x00000092                . = ALIGN (0x2)
 *(.text.*)
 .text.startKeypad
                0x00000092        0xa APP/main.o
                0x00000092                startKeypad
 .text.main     0x0000009c       0x94 APP/main.o
                0x0000009c                main
 .text.KeyPad_vInit
                0x00000130       0x42 HAL/KeyPad/KeyPad_prg.o
                0x00000130                KeyPad_vInit
 .text.KeyPad_u8GetPressedKey
                0x00000172       0x86 HAL/KeyPad/KeyPad_prg.o
                0x00000172                KeyPad_u8GetPressedKey
 .text.u8IntToString
                0x000001f8      0x198 HAL/LCD/LCD_prg.o
 .text.LCD_vSendCmd
                0x00000390       0xb4 HAL/LCD/LCD_prg.o
 .text.LCD_vSendData
                0x00000444       0xbc HAL/LCD/LCD_prg.o
 .text.LCD_vInit
                0x00000500       0xd2 HAL/LCD/LCD_prg.o
                0x00000500                LCD_vInit
 .text.LCD_vDispChar
                0x000005d2        0x6 HAL/LCD/LCD_prg.o
                0x000005d2                LCD_vDispChar
 .text.LCD_vSetPosition
                0x000005d8       0x1e HAL/LCD/LCD_prg.o
                0x000005d8                LCD_vSetPosition
 .text.LCD_vDispNum
                0x000005f6       0x2a HAL/LCD/LCD_prg.o
                0x000005f6                LCD_vDispNum
 .text.LDR_u16GetValue
                0x00000620       0x3a HAL/LDR/LDR_prg.o
                0x00000620                LDR_u16GetValue
 .text.TEMPS_vInit
                0x0000065a        0x6 HAL/TEMPS/TEMPS_prg.o
                0x0000065a                TEMPS_vInit
 .text.TEMPS_u8GetTemp
                0x00000660       0x20 HAL/TEMPS/TEMPS_prg.o
                0x00000660                TEMPS_u8GetTemp
 .text.ADC_vInit
                0x00000680       0x24 MCAL/ADC/ADC_prg.o
                0x00000680                ADC_vInit
 .text.ADC_u16ReadDigitalSync
                0x000006a4       0x18 MCAL/ADC/ADC_prg.o
                0x000006a4                ADC_u16ReadDigitalSync
 .text.__vector_16
                0x000006bc       0x5c MCAL/ADC/ADC_prg.o
                0x000006bc                __vector_16
 .text.DIO_vSetPinDir
                0x00000718       0xb0 MCAL/DIO/DIO_prg.o
                0x00000718                DIO_vSetPinDir
 .text.DIO_vSetPinVal
                0x000007c8       0xb0 MCAL/DIO/DIO_prg.o
                0x000007c8                DIO_vSetPinVal
 .text.DIO_u8GetPinVal
                0x00000878       0x62 MCAL/DIO/DIO_prg.o
                0x00000878                DIO_u8GetPinVal
 .text.DIO_vTogPin
                0x000008da       0x68 MCAL/DIO/DIO_prg.o
                0x000008da                DIO_vTogPin
 .text.EXTI_vInitINT0
                0x00000942       0x24 MCAL/EXTI/EXTI_prg.o
                0x00000942                EXTI_vInitINT0
 .text.EXTI_vReg_Func
                0x00000966       0x2a MCAL/EXTI/EXTI_prg.o
                0x00000966                EXTI_vReg_Func
 .text.__vector_1
                0x00000990       0x4e MCAL/EXTI/EXTI_prg.o
                0x00000990                __vector_1
 .text.__vector_2
                0x000009de       0x4e MCAL/EXTI/EXTI_prg.o
                0x000009de                __vector_2
 .text.__vector_3
                0x00000a2c       0x4e MCAL/EXTI/EXTI_prg.o
                0x00000a2c                __vector_3
 .text.GIE_vEnableGlobaLInt
                0x00000a7a        0x8 MCAL/GIE/GIE_prg.o
                0x00000a7a                GIE_vEnableGlobaLInt
 .text.__vector_10
                0x00000a82       0x52 MCAL/TIM0/TIM0_prg.o
                0x00000a82                __vector_10
 .text.__vector_11
                0x00000ad4       0x52 MCAL/TIM0/TIM0_prg.o
                0x00000ad4                __vector_11
 .text.__vector_6
                0x00000b26       0x52 MCAL/TIM1/TIM1_prg.o
                0x00000b26                __vector_6
 .text.__vector_7
                0x00000b78       0x52 MCAL/TIM1/TIM1_prg.o
                0x00000b78                __vector_7
 .text.__vector_8
                0x00000bca       0x52 MCAL/TIM1/TIM1_prg.o
                0x00000bca                __vector_8
 .text.__vector_9
                0x00000c1c       0x52 MCAL/TIM1/TIM1_prg.o
                0x00000c1c                __vector_9
 .text.__vector_4
                0x00000c6e       0x52 MCAL/TIM2/TIM2_prg.o
                0x00000c6e                __vector_4
 .text.__vector_5
                0x00000cc0       0x52 MCAL/TIM2/TIM2_prg.o
                0x00000cc0                __vector_5
 .text.__vector_13
                0x00000d12       0x56 MCAL/UART/UART_prg.o
                0x00000d12                __vector_13
 .text.__vector_14
                0x00000d68       0x52 MCAL/UART/UART_prg.o
                0x00000d68                __vector_14
 .text.__vector_15
                0x00000dba       0x52 MCAL/UART/UART_prg.o
                0x00000dba                __vector_15
 .text.libgcc.div
                0x00000e0c       0x44 d:/engineering/3rd year (computer dep.)/2nd term/avr studio/7.0/toolchain/avr8/avr8-gnu-toolchain/bin/../lib/gcc/avr/5.4.0/avr5\libgcc.a(_udivmodsi4.o)
                0x00000e0c                __udivmodsi4
 .text.libgcc.mul
                0x00000e50       0x1e d:/engineering/3rd year (computer dep.)/2nd term/avr studio/7.0/toolchain/avr8/avr8-gnu-toolchain/bin/../lib/gcc/avr/5.4.0/avr5\libgcc.a(_umulhisi3.o)
                0x00000e50                __umulhisi3
 .text.libgcc.div
                0x00000e6e       0x62 d:/engineering/3rd year (computer dep.)/2nd term/avr studio/7.0/toolchain/avr8/avr8-gnu-toolchain/bin/../lib/gcc/avr/5.4.0/avr5\libgcc.a(_divdi3.o)
                0x00000e6e                __moddi3
                0x00000e72                __divdi3
                0x00000e74                __divdi3_moddi3
 .text.libgcc.div
                0x00000ed0       0x1c d:/engineering/3rd year (computer dep.)/2nd term/avr studio/7.0/toolchain/avr8/avr8-gnu-toolchain/bin/../lib/gcc/avr/5.4.0/avr5\libgcc.a(_udivdi3.o)
                0x00000ed0                __umoddi3
                0x00000ed4                __udivdi3
                0x00000ed6                __udivdi3_umoddi3
 .text.libgcc.div
                0x00000eec       0xa2 d:/engineering/3rd year (computer dep.)/2nd term/avr studio/7.0/toolchain/avr8/avr8-gnu-toolchain/bin/../lib/gcc/avr/5.4.0/avr5\libgcc.a(_udivmod64.o)
                0x00000eec                __udivmod64
 .text.libgcc   0x00000f8e       0x20 d:/engineering/3rd year (computer dep.)/2nd term/avr studio/7.0/toolchain/avr8/avr8-gnu-toolchain/bin/../lib/gcc/avr/5.4.0/avr5\libgcc.a(_negdi2.o)
                0x00000f8e                __negdi2
 .text.libgcc.prologue
                0x00000fae       0x38 d:/engineering/3rd year (computer dep.)/2nd term/avr studio/7.0/toolchain/avr8/avr8-gnu-toolchain/bin/../lib/gcc/avr/5.4.0/avr5\libgcc.a(_prologue.o)
                0x00000fae                __prologue_saves__
 .text.libgcc.prologue
                0x00000fe6       0x36 d:/engineering/3rd year (computer dep.)/2nd term/avr studio/7.0/toolchain/avr8/avr8-gnu-toolchain/bin/../lib/gcc/avr/5.4.0/avr5\libgcc.a(_epilogue.o)
                0x00000fe6                __epilogue_restores__
 .text.libgcc   0x0000101c       0x18 d:/engineering/3rd year (computer dep.)/2nd term/avr studio/7.0/toolchain/avr8/avr8-gnu-toolchain/bin/../lib/gcc/avr/5.4.0/avr5\libgcc.a(_cmpdi2_s8.o)
                0x0000101c                __cmpdi2_s8
                0x00001034                . = ALIGN (0x2)
 *(.fini9)
 .fini9         0x00001034        0x0 d:/engineering/3rd year (computer dep.)/2nd term/avr studio/7.0/toolchain/avr8/avr8-gnu-toolchain/bin/../lib/gcc/avr/5.4.0/avr5\libgcc.a(_exit.o)
                0x00001034                _exit
                0x00001034                exit
 *(.fini9)
 *(.fini8)
 *(.fini8)
 *(.fini7)
 *(.fini7)
 *(.fini6)
 *(.fini6)
 *(.fini5)
 *(.fini5)
 *(.fini4)
 *(.fini4)
 *(.fini3)
 *(.fini3)
 *(.fini2)
 *(.fini2)
 *(.fini1)
 *(.fini1)
 *(.fini0)
 .fini0         0x00001034        0x4 d:/engineering/3rd year (computer dep.)/2nd term/avr studio/7.0/toolchain/avr8/avr8-gnu-toolchain/bin/../lib/gcc/avr/5.4.0/avr5\libgcc.a(_exit.o)
 *(.fini0)
                0x00001038                _etext = .

.data           0x00800060        0xc load address 0x00001038
                0x00800060                PROVIDE (__data_start, .)
 *(.data)
 *(.data*)
 *(.gnu.linkonce.d*)
 *(.rodata)
 *(.rodata*)
 .rodata.L_KeyPadMatrix
                0x00800060        0xc HAL/KeyPad/KeyPad_prg.o
 *(.gnu.linkonce.r*)
                0x0080006c                . = ALIGN (0x2)
                0x0080006c                _edata = .
                0x0080006c                PROVIDE (__data_end, .)

.bss            0x0080006c       0x28
                0x0080006c                PROVIDE (__bss_start, .)
 *(.bss)
 *(.bss*)
 .bss.L_u8Chars.1895
                0x0080006c        0xa HAL/LCD/LCD_prg.o
 .bss.G_ISR_ADC
                0x00800076        0x2 MCAL/ADC/ADC_prg.o
                0x00800076                G_ISR_ADC
 .bss.G_PTRF_TIM0_CTC
                0x00800078        0x2 MCAL/TIM0/TIM0_prg.o
                0x00800078                G_PTRF_TIM0_CTC
 .bss.G_PTRF_TIM0_OVF
                0x0080007a        0x2 MCAL/TIM0/TIM0_prg.o
                0x0080007a                G_PTRF_TIM0_OVF
 .bss.G_PTRF_TIM1_ICF1
                0x0080007c        0x2 MCAL/TIM1/TIM1_prg.o
                0x0080007c                G_PTRF_TIM1_ICF1
 .bss.G_PTRF_TIM1_OC1BF
                0x0080007e        0x2 MCAL/TIM1/TIM1_prg.o
                0x0080007e                G_PTRF_TIM1_OC1BF
 .bss.G_PTRF_TIM1_OC1AF
                0x00800080        0x2 MCAL/TIM1/TIM1_prg.o
                0x00800080                G_PTRF_TIM1_OC1AF
 .bss.G_PTRF_TIM1_OVF
                0x00800082        0x2 MCAL/TIM1/TIM1_prg.o
                0x00800082                G_PTRF_TIM1_OVF
 .bss.G_PTRF_TIM2_CTC
                0x00800084        0x2 MCAL/TIM2/TIM2_prg.o
                0x00800084                G_PTRF_TIM2_CTC
 .bss.G_PTRF_TIM2_OVF
                0x00800086        0x2 MCAL/TIM2/TIM2_prg.o
                0x00800086                G_PTRF_TIM2_OVF
 .bss.G_UDRE_PTR_Iv_Ov
                0x00800088        0x2 MCAL/UART/UART_prg.o
                0x00800088                G_UDRE_PTR_Iv_Ov
 .bss.G_TX_COMPLETE_PTR_Iv_Ov
                0x0080008a        0x2 MCAL/UART/UART_prg.o
                0x0080008a                G_TX_COMPLETE_PTR_Iv_Ov
 .bss.G_RX_COMPLETE_PTR_Iu16_Ov
                0x0080008c        0x2 MCAL/UART/UART_prg.o
                0x0080008c                G_RX_COMPLETE_PTR_Iu16_Ov
 *(COMMON)
 COMMON         0x0080008e        0x6 MCAL/EXTI/EXTI_prg.o
                0x0080008e                G_ISR_INT1_ptr
                0x00800090                G_ISR_INT0_ptr
                0x00800092                G_ISR_INT2_ptr
                0x00800094                PROVIDE (__bss_end, .)
                0x00001038                __data_load_start = LOADADDR (.data)
                0x00001044                __data_load_end = (__data_load_start + SIZEOF (.data))

.noinit         0x00800094        0x0
                [!provide]                PROVIDE (__noinit_start, .)
 *(.noinit*)
                [!provide]                PROVIDE (__noinit_end, .)
                0x00800094                _end = .
                [!provide]                PROVIDE (__heap_start, .)

.eeprom         0x00810000        0x0
 *(.eeprom*)
                0x00810000                __eeprom_end = .

.fuse
 *(.fuse)
 *(.lfuse)
 *(.hfuse)
 *(.efuse)

.lock
 *(.lock*)

.signature
 *(.signature*)

.user_signatures
 *(.user_signatures*)

.stab
 *(.stab)

.stabstr
 *(.stabstr)

.stab.excl
 *(.stab.excl)

.stab.exclstr
 *(.stab.exclstr)

.stab.index
 *(.stab.index)

.stab.indexstr
 *(.stab.indexstr)

.comment        0x00000000       0x30
 *(.comment)
 .comment       0x00000000       0x30 APP/main.o
                                 0x31 (size before relaxing)
 .comment       0x00000030       0x31 HAL/KeyPad/KeyPad_prg.o
 .comment       0x00000030       0x31 HAL/LCD/LCD_prg.o
 .comment       0x00000030       0x31 HAL/LDR/LDR_prg.o
 .comment       0x00000030       0x31 HAL/TEMPS/TEMPS_prg.o
 .comment       0x00000030       0x31 MCAL/ADC/ADC_prg.o
 .comment       0x00000030       0x31 MCAL/DIO/DIO_prg.o
 .comment       0x00000030       0x31 MCAL/EXTI/EXTI_prg.o
 .comment       0x00000030       0x31 MCAL/GIE/GIE_prg.o
 .comment       0x00000030       0x31 MCAL/TIM0/TIM0_prg.o
 .comment       0x00000030       0x31 MCAL/TIM1/TIM1_prg.o
 .comment       0x00000030       0x31 MCAL/TIM2/TIM2_prg.o
 .comment       0x00000030       0x31 MCAL/UART/UART_prg.o

.note.gnu.avr.deviceinfo
                0x00000000       0x3c
 .note.gnu.avr.deviceinfo
                0x00000000       0x3c D:/Engineering/3rd year (computer dep.)/2nd term/AVR STUDIO/7.0/Packs/atmel/ATmega_DFP/1.6.364/gcc/dev/atmega32/avr5/crtatmega32.o

.note.gnu.build-id
 *(.note.gnu.build-id)

.debug
 *(.debug)

.line
 *(.line)

.debug_srcinfo
 *(.debug_srcinfo)

.debug_sfnames
 *(.debug_sfnames)

.debug_aranges  0x00000000      0x478
 *(.debug_aranges)
 .debug_aranges
                0x00000000       0x28 APP/main.o
 .debug_aranges
                0x00000028       0x28 HAL/KeyPad/KeyPad_prg.o
 .debug_aranges
                0x00000050       0xa8 HAL/LCD/LCD_prg.o
 .debug_aranges
                0x000000f8       0x28 HAL/LDR/LDR_prg.o
 .debug_aranges
                0x00000120       0x28 HAL/TEMPS/TEMPS_prg.o
 .debug_aranges
                0x00000148       0x48 MCAL/ADC/ADC_prg.o
 .debug_aranges
                0x00000190       0x58 MCAL/DIO/DIO_prg.o
 .debug_aranges
                0x000001e8       0x50 MCAL/EXTI/EXTI_prg.o
 .debug_aranges
                0x00000238       0x28 MCAL/GIE/GIE_prg.o
 .debug_aranges
                0x00000260       0x78 MCAL/TIM0/TIM0_prg.o
 .debug_aranges
                0x000002d8       0xc8 MCAL/TIM1/TIM1_prg.o
 .debug_aranges
                0x000003a0       0x60 MCAL/TIM2/TIM2_prg.o
 .debug_aranges
                0x00000400       0x78 MCAL/UART/UART_prg.o

.debug_pubnames
 *(.debug_pubnames)

.debug_info     0x00000000     0x3305
 *(.debug_info .gnu.linkonce.wi.*)
 .debug_info    0x00000000      0x4e6 D:/Engineering/3rd year (computer dep.)/2nd term/AVR STUDIO/7.0/Packs/atmel/ATmega_DFP/1.6.364/gcc/dev/atmega32/avr5/crtatmega32.o
 .debug_info    0x000004e6      0x3f2 APP/main.o
 .debug_info    0x000008d8      0x35a HAL/KeyPad/KeyPad_prg.o
 .debug_info    0x00000c32     0x1042 HAL/LCD/LCD_prg.o
 .debug_info    0x00001c74      0x144 HAL/LDR/LDR_prg.o
 .debug_info    0x00001db8      0x134 HAL/TEMPS/TEMPS_prg.o
 .debug_info    0x00001eec      0x17e MCAL/ADC/ADC_prg.o
 .debug_info    0x0000206a      0x281 MCAL/DIO/DIO_prg.o
 .debug_info    0x000022eb      0x2a7 MCAL/EXTI/EXTI_prg.o
 .debug_info    0x00002592       0xca MCAL/GIE/GIE_prg.o
 .debug_info    0x0000265c      0x26e MCAL/TIM0/TIM0_prg.o
 .debug_info    0x000028ca      0x4b1 MCAL/TIM1/TIM1_prg.o
 .debug_info    0x00002d7b      0x1f4 MCAL/TIM2/TIM2_prg.o
 .debug_info    0x00002f6f      0x396 MCAL/UART/UART_prg.o

.debug_abbrev   0x00000000     0x1392
 *(.debug_abbrev)
 .debug_abbrev  0x00000000      0x4a3 D:/Engineering/3rd year (computer dep.)/2nd term/AVR STUDIO/7.0/Packs/atmel/ATmega_DFP/1.6.364/gcc/dev/atmega32/avr5/crtatmega32.o
 .debug_abbrev  0x000004a3      0x156 APP/main.o
 .debug_abbrev  0x000005f9      0x186 HAL/KeyPad/KeyPad_prg.o
 .debug_abbrev  0x0000077f      0x2a3 HAL/LCD/LCD_prg.o
 .debug_abbrev  0x00000a22       0xbb HAL/LDR/LDR_prg.o
 .debug_abbrev  0x00000add       0xbb HAL/TEMPS/TEMPS_prg.o
 .debug_abbrev  0x00000b98       0xe7 MCAL/ADC/ADC_prg.o
 .debug_abbrev  0x00000c7f       0xc1 MCAL/DIO/DIO_prg.o
 .debug_abbrev  0x00000d40       0xfa MCAL/EXTI/EXTI_prg.o
 .debug_abbrev  0x00000e3a       0x5c MCAL/GIE/GIE_prg.o
 .debug_abbrev  0x00000e96      0x120 MCAL/TIM0/TIM0_prg.o
 .debug_abbrev  0x00000fb6      0x170 MCAL/TIM1/TIM1_prg.o
 .debug_abbrev  0x00001126       0xeb MCAL/TIM2/TIM2_prg.o
 .debug_abbrev  0x00001211      0x181 MCAL/UART/UART_prg.o

.debug_line     0x00000000     0x1cdd
 *(.debug_line .debug_line.* .debug_line_end)
 .debug_line    0x00000000      0x116 D:/Engineering/3rd year (computer dep.)/2nd term/AVR STUDIO/7.0/Packs/atmel/ATmega_DFP/1.6.364/gcc/dev/atmega32/avr5/crtatmega32.o
 .debug_line    0x00000116      0x2b1 APP/main.o
 .debug_line    0x000003c7      0x295 HAL/KeyPad/KeyPad_prg.o
 .debug_line    0x0000065c      0x68f HAL/LCD/LCD_prg.o
 .debug_line    0x00000ceb       0xbb HAL/LDR/LDR_prg.o
 .debug_line    0x00000da6       0xe6 HAL/TEMPS/TEMPS_prg.o
 .debug_line    0x00000e8c      0x148 MCAL/ADC/ADC_prg.o
 .debug_line    0x00000fd4      0x23a MCAL/DIO/DIO_prg.o
 .debug_line    0x0000120e      0x17e MCAL/EXTI/EXTI_prg.o
 .debug_line    0x0000138c       0x91 MCAL/GIE/GIE_prg.o
 .debug_line    0x0000141d      0x1c9 MCAL/TIM0/TIM0_prg.o
 .debug_line    0x000015e6      0x332 MCAL/TIM1/TIM1_prg.o
 .debug_line    0x00001918      0x153 MCAL/TIM2/TIM2_prg.o
 .debug_line    0x00001a6b      0x272 MCAL/UART/UART_prg.o

.debug_frame    0x00000000      0xd18
 *(.debug_frame)
 .debug_frame   0x00000000       0x34 APP/main.o
 .debug_frame   0x00000034       0x50 HAL/KeyPad/KeyPad_prg.o
 .debug_frame   0x00000084      0x254 HAL/LCD/LCD_prg.o
 .debug_frame   0x000002d8       0x34 HAL/LDR/LDR_prg.o
 .debug_frame   0x0000030c       0x34 HAL/TEMPS/TEMPS_prg.o
 .debug_frame   0x00000340       0xbc MCAL/ADC/ADC_prg.o
 .debug_frame   0x000003fc       0x94 MCAL/DIO/DIO_prg.o
 .debug_frame   0x00000490      0x15c MCAL/EXTI/EXTI_prg.o
 .debug_frame   0x000005ec       0x34 MCAL/GIE/GIE_prg.o
 .debug_frame   0x00000620      0x164 MCAL/TIM0/TIM0_prg.o
 .debug_frame   0x00000784      0x294 MCAL/TIM1/TIM1_prg.o
 .debug_frame   0x00000a18      0x134 MCAL/TIM2/TIM2_prg.o
 .debug_frame   0x00000b4c      0x1cc MCAL/UART/UART_prg.o

.debug_str      0x00000000     0x10fd
 *(.debug_str)
 .debug_str     0x00000000      0x196 D:/Engineering/3rd year (computer dep.)/2nd term/AVR STUDIO/7.0/Packs/atmel/ATmega_DFP/1.6.364/gcc/dev/atmega32/avr5/crtatmega32.o
 .debug_str     0x00000196      0x394 APP/main.o
                                0x3c8 (size before relaxing)
 .debug_str     0x0000052a       0x6a HAL/KeyPad/KeyPad_prg.o
                                0x2d3 (size before relaxing)
 .debug_str     0x00000594      0x2a2 HAL/LCD/LCD_prg.o
                                0x545 (size before relaxing)
 .debug_str     0x00000836       0x9d HAL/LDR/LDR_prg.o
                                0x227 (size before relaxing)
 .debug_str     0x000008d3       0x29 HAL/TEMPS/TEMPS_prg.o
                                0x220 (size before relaxing)
 .debug_str     0x000008fc       0x8b MCAL/ADC/ADC_prg.o
                                0x226 (size before relaxing)
 .debug_str     0x00000987       0x90 MCAL/DIO/DIO_prg.o
                                0x268 (size before relaxing)
 .debug_str     0x00000a17       0x99 MCAL/EXTI/EXTI_prg.o
                                0x2b3 (size before relaxing)
 .debug_str     0x00000ab0       0x2c MCAL/GIE/GIE_prg.o
                                0x1bb (size before relaxing)
 .debug_str     0x00000adc      0x156 MCAL/TIM0/TIM0_prg.o
                                0x2db (size before relaxing)
 .debug_str     0x00000c32      0x260 MCAL/TIM1/TIM1_prg.o
                                0x466 (size before relaxing)
 .debug_str     0x00000e92      0x102 MCAL/TIM2/TIM2_prg.o
                                0x2af (size before relaxing)
 .debug_str     0x00000f94      0x169 MCAL/UART/UART_prg.o
                                0x35e (size before relaxing)

.debug_loc      0x00000000     0x20ca
 *(.debug_loc)
 .debug_loc     0x00000000       0x1e APP/main.o
 .debug_loc     0x0000001e      0x184 HAL/KeyPad/KeyPad_prg.o
 .debug_loc     0x000001a2      0xc39 HAL/LCD/LCD_prg.o
 .debug_loc     0x00000ddb       0x55 HAL/LDR/LDR_prg.o
 .debug_loc     0x00000e30       0x18 HAL/TEMPS/TEMPS_prg.o
 .debug_loc     0x00000e48      0x163 MCAL/ADC/ADC_prg.o
 .debug_loc     0x00000fab      0x3e9 MCAL/DIO/DIO_prg.o
 .debug_loc     0x00001394      0x261 MCAL/EXTI/EXTI_prg.o
 .debug_loc     0x000015f5      0x1c2 MCAL/TIM0/TIM0_prg.o
 .debug_loc     0x000017b7      0x3a8 MCAL/TIM1/TIM1_prg.o
 .debug_loc     0x00001b5f      0x1c2 MCAL/TIM2/TIM2_prg.o
 .debug_loc     0x00001d21      0x3a9 MCAL/UART/UART_prg.o

.debug_macinfo
 *(.debug_macinfo)

.debug_weaknames
 *(.debug_weaknames)

.debug_funcnames
 *(.debug_funcnames)

.debug_typenames
 *(.debug_typenames)

.debug_varnames
 *(.debug_varnames)

.debug_pubtypes
 *(.debug_pubtypes)

.debug_ranges   0x00000000      0x3c0
 *(.debug_ranges)
 .debug_ranges  0x00000000       0x18 APP/main.o
 .debug_ranges  0x00000018       0x30 HAL/KeyPad/KeyPad_prg.o
 .debug_ranges  0x00000048       0x98 HAL/LCD/LCD_prg.o
 .debug_ranges  0x000000e0       0x18 HAL/LDR/LDR_prg.o
 .debug_ranges  0x000000f8       0x18 HAL/TEMPS/TEMPS_prg.o
 .debug_ranges  0x00000110       0x38 MCAL/ADC/ADC_prg.o
 .debug_ranges  0x00000148       0x48 MCAL/DIO/DIO_prg.o
 .debug_ranges  0x00000190       0x40 MCAL/EXTI/EXTI_prg.o
 .debug_ranges  0x000001d0       0x18 MCAL/GIE/GIE_prg.o
 .debug_ranges  0x000001e8       0x68 MCAL/TIM0/TIM0_prg.o
 .debug_ranges  0x00000250       0xb8 MCAL/TIM1/TIM1_prg.o
 .debug_ranges  0x00000308       0x50 MCAL/TIM2/TIM2_prg.o
 .debug_ranges  0x00000358       0x68 MCAL/UART/UART_prg.o

.debug_macro
 *(.debug_macro)
OUTPUT(Smart Home.elf elf32-avr)
LOAD linker stubs
