Archive member included to satisfy reference by file (symbol)

c:/program files (x86)/atmel/studio/7.0/toolchain/avr8/avr8-gnu-toolchain/bin/../lib/gcc/avr/5.4.0/../../../../avr/lib/avr5\libm.a(addsf3.o)
                              MCAL/TIMER/TIMER_prg.o (__subsf3)
c:/program files (x86)/atmel/studio/7.0/toolchain/avr8/avr8-gnu-toolchain/bin/../lib/gcc/avr/5.4.0/../../../../avr/lib/avr5\libm.a(addsf3x.o)
                              c:/program files (x86)/atmel/studio/7.0/toolchain/avr8/avr8-gnu-toolchain/bin/../lib/gcc/avr/5.4.0/../../../../avr/lib/avr5\libm.a(addsf3.o) (__addsf3x)
c:/program files (x86)/atmel/studio/7.0/toolchain/avr8/avr8-gnu-toolchain/bin/../lib/gcc/avr/5.4.0/../../../../avr/lib/avr5\libm.a(divsf3.o)
                              APP/WaveGen/WaveGen_prg.o (__divsf3)
c:/program files (x86)/atmel/studio/7.0/toolchain/avr8/avr8-gnu-toolchain/bin/../lib/gcc/avr/5.4.0/../../../../avr/lib/avr5\libm.a(divsf3x.o)
                              c:/program files (x86)/atmel/studio/7.0/toolchain/avr8/avr8-gnu-toolchain/bin/../lib/gcc/avr/5.4.0/../../../../avr/lib/avr5\libm.a(divsf3.o) (__divsf3x)
c:/program files (x86)/atmel/studio/7.0/toolchain/avr8/avr8-gnu-toolchain/bin/../lib/gcc/avr/5.4.0/../../../../avr/lib/avr5\libm.a(fixunssfsi.o)
                              APP/LAB2/lab2_prg.o (__fixunssfsi)
c:/program files (x86)/atmel/studio/7.0/toolchain/avr8/avr8-gnu-toolchain/bin/../lib/gcc/avr/5.4.0/../../../../avr/lib/avr5\libm.a(floatsisf.o)
                              HAL/TEMPS/TEMPS_prg.o (__floatunsisf)
c:/program files (x86)/atmel/studio/7.0/toolchain/avr8/avr8-gnu-toolchain/bin/../lib/gcc/avr/5.4.0/../../../../avr/lib/avr5\libm.a(fp_inf.o)
                              c:/program files (x86)/atmel/studio/7.0/toolchain/avr8/avr8-gnu-toolchain/bin/../lib/gcc/avr/5.4.0/../../../../avr/lib/avr5\libm.a(addsf3x.o) (__fp_inf)
c:/program files (x86)/atmel/studio/7.0/toolchain/avr8/avr8-gnu-toolchain/bin/../lib/gcc/avr/5.4.0/../../../../avr/lib/avr5\libm.a(fp_nan.o)
                              c:/program files (x86)/atmel/studio/7.0/toolchain/avr8/avr8-gnu-toolchain/bin/../lib/gcc/avr/5.4.0/../../../../avr/lib/avr5\libm.a(addsf3x.o) (__fp_nan)
c:/program files (x86)/atmel/studio/7.0/toolchain/avr8/avr8-gnu-toolchain/bin/../lib/gcc/avr/5.4.0/../../../../avr/lib/avr5\libm.a(fp_pscA.o)
                              c:/program files (x86)/atmel/studio/7.0/toolchain/avr8/avr8-gnu-toolchain/bin/../lib/gcc/avr/5.4.0/../../../../avr/lib/avr5\libm.a(addsf3x.o) (__fp_pscA)
c:/program files (x86)/atmel/studio/7.0/toolchain/avr8/avr8-gnu-toolchain/bin/../lib/gcc/avr/5.4.0/../../../../avr/lib/avr5\libm.a(fp_pscB.o)
                              c:/program files (x86)/atmel/studio/7.0/toolchain/avr8/avr8-gnu-toolchain/bin/../lib/gcc/avr/5.4.0/../../../../avr/lib/avr5\libm.a(addsf3x.o) (__fp_pscB)
c:/program files (x86)/atmel/studio/7.0/toolchain/avr8/avr8-gnu-toolchain/bin/../lib/gcc/avr/5.4.0/../../../../avr/lib/avr5\libm.a(fp_round.o)
                              c:/program files (x86)/atmel/studio/7.0/toolchain/avr8/avr8-gnu-toolchain/bin/../lib/gcc/avr/5.4.0/../../../../avr/lib/avr5\libm.a(addsf3.o) (__fp_round)
c:/program files (x86)/atmel/studio/7.0/toolchain/avr8/avr8-gnu-toolchain/bin/../lib/gcc/avr/5.4.0/../../../../avr/lib/avr5\libm.a(fp_split3.o)
                              c:/program files (x86)/atmel/studio/7.0/toolchain/avr8/avr8-gnu-toolchain/bin/../lib/gcc/avr/5.4.0/../../../../avr/lib/avr5\libm.a(addsf3x.o) (__fp_split3)
c:/program files (x86)/atmel/studio/7.0/toolchain/avr8/avr8-gnu-toolchain/bin/../lib/gcc/avr/5.4.0/../../../../avr/lib/avr5\libm.a(fp_zero.o)
                              c:/program files (x86)/atmel/studio/7.0/toolchain/avr8/avr8-gnu-toolchain/bin/../lib/gcc/avr/5.4.0/../../../../avr/lib/avr5\libm.a(addsf3x.o) (__fp_zero)
c:/program files (x86)/atmel/studio/7.0/toolchain/avr8/avr8-gnu-toolchain/bin/../lib/gcc/avr/5.4.0/../../../../avr/lib/avr5\libm.a(mulsf3.o)
                              APP/WaveGen/WaveGen_prg.o (__mulsf3)
c:/program files (x86)/atmel/studio/7.0/toolchain/avr8/avr8-gnu-toolchain/bin/../lib/gcc/avr/5.4.0/../../../../avr/lib/avr5\libm.a(mulsf3x.o)
                              c:/program files (x86)/atmel/studio/7.0/toolchain/avr8/avr8-gnu-toolchain/bin/../lib/gcc/avr/5.4.0/../../../../avr/lib/avr5\libm.a(mulsf3.o) (__mulsf3x)
c:/program files (x86)/atmel/studio/7.0/toolchain/avr8/avr8-gnu-toolchain/bin/../lib/gcc/avr/5.4.0/avr5\libgcc.a(_divmodhi4.o)
                              APP/WaveGen/WaveGen_prg.o (__divmodhi4)
c:/program files (x86)/atmel/studio/7.0/toolchain/avr8/avr8-gnu-toolchain/bin/../lib/gcc/avr/5.4.0/avr5\libgcc.a(_exit.o)
                              c:/program files (x86)/atmel/studio/7.0/toolchain/avr8/avr8-gnu-toolchain/bin/../lib/gcc/avr/5.4.0/../../../../avr/lib/avr5/crtatmega32.o (exit)
c:/program files (x86)/atmel/studio/7.0/toolchain/avr8/avr8-gnu-toolchain/bin/../lib/gcc/avr/5.4.0/avr5\libgcc.a(_copy_data.o)
                              APP/LAB2/lab2_prg.o (__do_copy_data)
c:/program files (x86)/atmel/studio/7.0/toolchain/avr8/avr8-gnu-toolchain/bin/../lib/gcc/avr/5.4.0/avr5\libgcc.a(_clear_bss.o)
                              APP/LAB3/LAB3_prg.o (__do_clear_bss)
c:/program files (x86)/atmel/studio/7.0/toolchain/avr8/avr8-gnu-toolchain/bin/../lib/gcc/avr/5.4.0/avr5\libgcc.a(_udivmodhi4.o)
                              c:/program files (x86)/atmel/studio/7.0/toolchain/avr8/avr8-gnu-toolchain/bin/../lib/gcc/avr/5.4.0/avr5\libgcc.a(_divmodhi4.o) (__udivmodhi4)
c:/program files (x86)/atmel/studio/7.0/toolchain/avr8/avr8-gnu-toolchain/bin/../lib/gcc/avr/5.4.0/../../../../avr/lib/avr5\libc.a(sprintf.o)
                              APP/LAB2/lab2_prg.o (sprintf)
c:/program files (x86)/atmel/studio/7.0/toolchain/avr8/avr8-gnu-toolchain/bin/../lib/gcc/avr/5.4.0/../../../../avr/lib/avr5\libc.a(vfprintf_std.o)
                              c:/program files (x86)/atmel/studio/7.0/toolchain/avr8/avr8-gnu-toolchain/bin/../lib/gcc/avr/5.4.0/../../../../avr/lib/avr5\libc.a(sprintf.o) (vfprintf)
c:/program files (x86)/atmel/studio/7.0/toolchain/avr8/avr8-gnu-toolchain/bin/../lib/gcc/avr/5.4.0/../../../../avr/lib/avr5\libc.a(strnlen_P.o)
                              c:/program files (x86)/atmel/studio/7.0/toolchain/avr8/avr8-gnu-toolchain/bin/../lib/gcc/avr/5.4.0/../../../../avr/lib/avr5\libc.a(vfprintf_std.o) (strnlen_P)
c:/program files (x86)/atmel/studio/7.0/toolchain/avr8/avr8-gnu-toolchain/bin/../lib/gcc/avr/5.4.0/../../../../avr/lib/avr5\libc.a(strnlen.o)
                              c:/program files (x86)/atmel/studio/7.0/toolchain/avr8/avr8-gnu-toolchain/bin/../lib/gcc/avr/5.4.0/../../../../avr/lib/avr5\libc.a(vfprintf_std.o) (strnlen)
c:/program files (x86)/atmel/studio/7.0/toolchain/avr8/avr8-gnu-toolchain/bin/../lib/gcc/avr/5.4.0/../../../../avr/lib/avr5\libc.a(fputc.o)
                              c:/program files (x86)/atmel/studio/7.0/toolchain/avr8/avr8-gnu-toolchain/bin/../lib/gcc/avr/5.4.0/../../../../avr/lib/avr5\libc.a(vfprintf_std.o) (fputc)
c:/program files (x86)/atmel/studio/7.0/toolchain/avr8/avr8-gnu-toolchain/bin/../lib/gcc/avr/5.4.0/../../../../avr/lib/avr5\libc.a(ultoa_invert.o)
                              c:/program files (x86)/atmel/studio/7.0/toolchain/avr8/avr8-gnu-toolchain/bin/../lib/gcc/avr/5.4.0/../../../../avr/lib/avr5\libc.a(vfprintf_std.o) (__ultoa_invert)
c:/program files (x86)/atmel/studio/7.0/toolchain/avr8/avr8-gnu-toolchain/bin/../lib/gcc/avr/5.4.0/avr5\libgcc.a(_prologue.o)
                              c:/program files (x86)/atmel/studio/7.0/toolchain/avr8/avr8-gnu-toolchain/bin/../lib/gcc/avr/5.4.0/../../../../avr/lib/avr5\libc.a(sprintf.o) (__prologue_saves__)
c:/program files (x86)/atmel/studio/7.0/toolchain/avr8/avr8-gnu-toolchain/bin/../lib/gcc/avr/5.4.0/avr5\libgcc.a(_epilogue.o)
                              c:/program files (x86)/atmel/studio/7.0/toolchain/avr8/avr8-gnu-toolchain/bin/../lib/gcc/avr/5.4.0/../../../../avr/lib/avr5\libc.a(sprintf.o) (__epilogue_restores__)

Allocating common symbols
Common symbol       size              file

GLB_PTRF_TIM0_OVF   0x2               MCAL/TIMER/TIMER_prg.o
GLB_PTRF_TIM1_CTC   0x2               MCAL/TIMER/TIMER_prg.o
GLB_PTR_FUNC        0x2               MCAL/SPI/SPI_prg.o
GLB_PTRF_TIM2_CTC   0x2               MCAL/TIMER/TIMER_prg.o
GLB_PTRF_TIM0_CTC   0x2               MCAL/TIMER/TIMER_prg.o
G_vISRptr           0x2               MCAL/ADC/ADC_prg.o
GLB_PTRF_TIM2_OVF   0x2               MCAL/TIMER/TIMER_prg.o
GLB_PTRF_TIM1_OVF   0x2               MCAL/TIMER/TIMER_prg.o
G_PTR_FUNC_RX       0x2               MCAL/UART/UART_prg.o
GLB_PTRF_TIM1_ICU   0x2               MCAL/TIMER/TIMER_prg.o

Discarded input sections

 .data          0x00000000        0x0 c:/program files (x86)/atmel/studio/7.0/toolchain/avr8/avr8-gnu-toolchain/bin/../lib/gcc/avr/5.4.0/../../../../avr/lib/avr5/crtatmega32.o
 .bss           0x00000000        0x0 c:/program files (x86)/atmel/studio/7.0/toolchain/avr8/avr8-gnu-toolchain/bin/../lib/gcc/avr/5.4.0/../../../../avr/lib/avr5/crtatmega32.o
 .text          0x00000000        0x0 APP/LAB2/lab2_prg.o
 .data          0x00000000        0x0 APP/LAB2/lab2_prg.o
 .bss           0x00000000        0x0 APP/LAB2/lab2_prg.o
 .text.sendCharA
                0x00000000        0x6 APP/LAB2/lab2_prg.o
 .text.sendCharZ
                0x00000000        0x6 APP/LAB2/lab2_prg.o
 .text.controller
                0x00000000       0x3c APP/LAB2/lab2_prg.o
 .text.lab2_vSetup
                0x00000000       0x40 APP/LAB2/lab2_prg.o
 .rodata.str1.1
                0x00000000        0x3 APP/LAB2/lab2_prg.o
 .text.lab2_vloop
                0x00000000       0x70 APP/LAB2/lab2_prg.o
 .debug_info    0x00000000      0x3d0 APP/LAB2/lab2_prg.o
 .debug_abbrev  0x00000000      0x18a APP/LAB2/lab2_prg.o
 .debug_loc     0x00000000       0xc8 APP/LAB2/lab2_prg.o
 .debug_aranges
                0x00000000       0x40 APP/LAB2/lab2_prg.o
 .debug_ranges  0x00000000       0x30 APP/LAB2/lab2_prg.o
 .debug_line    0x00000000      0x23a APP/LAB2/lab2_prg.o
 .debug_str     0x00000000      0x2c3 APP/LAB2/lab2_prg.o
 .comment       0x00000000       0x31 APP/LAB2/lab2_prg.o
 .debug_frame   0x00000000       0x80 APP/LAB2/lab2_prg.o
 .text          0x00000000        0x0 APP/LAB3/LAB3_prg.o
 .data          0x00000000        0x0 APP/LAB3/LAB3_prg.o
 .bss           0x00000000        0x0 APP/LAB3/LAB3_prg.o
 .text.dataHandler
                0x00000000       0x76 APP/LAB3/LAB3_prg.o
 .text.LAB3_vInit
                0x00000000       0x1a APP/LAB3/LAB3_prg.o
 .text.LAB3_vUpdate
                0x00000000      0x172 APP/LAB3/LAB3_prg.o
 .bss.L_u8Index.1912
                0x00000000        0x1 APP/LAB3/LAB3_prg.o
 .bss.L_u8Flag.1913
                0x00000000        0x1 APP/LAB3/LAB3_prg.o
 .data.G_u8IsBufferReady
                0x00000000        0x1 APP/LAB3/LAB3_prg.o
 .bss.G_u8Buffer
                0x00000000       0x10 APP/LAB3/LAB3_prg.o
 .debug_info    0x00000000      0x3c7 APP/LAB3/LAB3_prg.o
 .debug_abbrev  0x00000000      0x19b APP/LAB3/LAB3_prg.o
 .debug_loc     0x00000000      0x330 APP/LAB3/LAB3_prg.o
 .debug_aranges
                0x00000000       0x30 APP/LAB3/LAB3_prg.o
 .debug_ranges  0x00000000       0x20 APP/LAB3/LAB3_prg.o
 .debug_line    0x00000000      0x36e APP/LAB3/LAB3_prg.o
 .debug_str     0x00000000      0x2f6 APP/LAB3/LAB3_prg.o
 .comment       0x00000000       0x31 APP/LAB3/LAB3_prg.o
 .debug_frame   0x00000000       0x58 APP/LAB3/LAB3_prg.o
 .text          0x00000000        0x0 APP/LogicAnalyzer/LogicAnalyzer_prg.o
 .data          0x00000000        0x0 APP/LogicAnalyzer/LogicAnalyzer_prg.o
 .bss           0x00000000        0x0 APP/LogicAnalyzer/LogicAnalyzer_prg.o
 .text          0x00000000        0x0 APP/main.o
 .data          0x00000000        0x0 APP/main.o
 .bss           0x00000000        0x0 APP/main.o
 .text          0x00000000        0x0 APP/Osc/Osc.o
 .data          0x00000000        0x0 APP/Osc/Osc.o
 .bss           0x00000000        0x0 APP/Osc/Osc.o
 .text.UART_ReceiveHander
                0x00000000       0x38 APP/Osc/Osc.o
 .text.toHex    0x00000000       0x7c APP/Osc/Osc.o
 .text.ADC_customInit
                0x00000000        0xc APP/Osc/Osc.o
 .text.ADC_sample
                0x00000000        0xa APP/Osc/Osc.o
 .text.Osc_Init
                0x00000000       0x1a APP/Osc/Osc.o
 .text.Osc_Main
                0x00000000      0x11e APP/Osc/Osc.o
 .bss.i.1859    0x00000000        0x1 APP/Osc/Osc.o
 .bss.i_sample.1855
                0x00000000        0x1 APP/Osc/Osc.o
 .bss.L_u8Flag.1869
                0x00000000        0x1 APP/Osc/Osc.o
 .bss.gTime_snap
                0x00000000      0x1f4 APP/Osc/Osc.o
 .bss.gAnalog_samples
                0x00000000       0xfa APP/Osc/Osc.o
 .bss.gGUI_currentState
                0x00000000        0x1 APP/Osc/Osc.o
 .bss.currentState
                0x00000000        0x1 APP/Osc/Osc.o
 .debug_info    0x00000000      0x44f APP/Osc/Osc.o
 .debug_abbrev  0x00000000      0x1ac APP/Osc/Osc.o
 .debug_loc     0x00000000      0x1cf APP/Osc/Osc.o
 .debug_aranges
                0x00000000       0x48 APP/Osc/Osc.o
 .debug_ranges  0x00000000       0x38 APP/Osc/Osc.o
 .debug_line    0x00000000      0x30f APP/Osc/Osc.o
 .debug_str     0x00000000      0x30c APP/Osc/Osc.o
 .comment       0x00000000       0x31 APP/Osc/Osc.o
 .debug_frame   0x00000000       0x8c APP/Osc/Osc.o
 .text          0x00000000        0x0 APP/WaveGen/WaveGen_prg.o
 .data          0x00000000        0x0 APP/WaveGen/WaveGen_prg.o
 .bss           0x00000000        0x0 APP/WaveGen/WaveGen_prg.o
 .text.dataHandler
                0x00000000       0x34 APP/WaveGen/WaveGen_prg.o
 .text.WaveGen_vInit
                0x00000000       0x2c APP/WaveGen/WaveGen_prg.o
 .text.my_delay_us
                0x00000000       0x14 APP/WaveGen/WaveGen_prg.o
 .text.WaveGen_vUpdate
                0x00000000      0x1d2 APP/WaveGen/WaveGen_prg.o
 .bss.L_u8Index.1886
                0x00000000        0x1 APP/WaveGen/WaveGen_prg.o
 .bss.L_u8Flag.1887
                0x00000000        0x1 APP/WaveGen/WaveGen_prg.o
 .data.sine_value
                0x00000000       0x5e APP/WaveGen/WaveGen_prg.o
 .data.G_u8Buffer
                0x00000000        0x3 APP/WaveGen/WaveGen_prg.o
 .debug_info    0x00000000      0x703 APP/WaveGen/WaveGen_prg.o
 .debug_abbrev  0x00000000      0x271 APP/WaveGen/WaveGen_prg.o
 .debug_loc     0x00000000      0x3e3 APP/WaveGen/WaveGen_prg.o
 .debug_aranges
                0x00000000       0x38 APP/WaveGen/WaveGen_prg.o
 .debug_ranges  0x00000000       0x78 APP/WaveGen/WaveGen_prg.o
 .debug_line    0x00000000      0x363 APP/WaveGen/WaveGen_prg.o
 .debug_str     0x00000000      0x359 APP/WaveGen/WaveGen_prg.o
 .comment       0x00000000       0x31 APP/WaveGen/WaveGen_prg.o
 .debug_frame   0x00000000       0x7c APP/WaveGen/WaveGen_prg.o
 .text          0x00000000        0x0 HAL/LCD/LCD_prg.o
 .data          0x00000000        0x0 HAL/LCD/LCD_prg.o
 .bss           0x00000000        0x0 HAL/LCD/LCD_prg.o
 .text.LCD_vWriteCommand
                0x00000000       0x36 HAL/LCD/LCD_prg.o
 .text.LCD_vInit
                0x00000000       0x66 HAL/LCD/LCD_prg.o
 .text.LCD_vDisplayChar
                0x00000000       0x36 HAL/LCD/LCD_prg.o
 .text.LCD_vDisplayString
                0x00000000       0x28 HAL/LCD/LCD_prg.o
 .rodata.str1.1
                0x00000000        0x6 HAL/LCD/LCD_prg.o
 .text.LCD_vDisplayNumInteger
                0x00000000       0x5c HAL/LCD/LCD_prg.o
 .text.LCD_vDisplayNumFloat
                0x00000000       0x5c HAL/LCD/LCD_prg.o
 .text.LCD_vClearDisplay
                0x00000000       0x14 HAL/LCD/LCD_prg.o
 .text.LCD_vSetPostion
                0x00000000       0x16 HAL/LCD/LCD_prg.o
 .text.LCD_vShiftRight
                0x00000000       0x32 HAL/LCD/LCD_prg.o
 .text.LCD_vShiftLeft
                0x00000000       0x32 HAL/LCD/LCD_prg.o
 .text.LCD_vReturnHome
                0x00000000       0x14 HAL/LCD/LCD_prg.o
 .text.LCD_vWriteSpecialChar
                0x00000000       0x54 HAL/LCD/LCD_prg.o
 .debug_info    0x00000000      0x8ba HAL/LCD/LCD_prg.o
 .debug_abbrev  0x00000000      0x238 HAL/LCD/LCD_prg.o
 .debug_loc     0x00000000      0x72e HAL/LCD/LCD_prg.o
 .debug_aranges
                0x00000000       0x78 HAL/LCD/LCD_prg.o
 .debug_ranges  0x00000000       0x68 HAL/LCD/LCD_prg.o
 .debug_line    0x00000000      0x3c9 HAL/LCD/LCD_prg.o
 .debug_str     0x00000000      0x3a5 HAL/LCD/LCD_prg.o
 .comment       0x00000000       0x31 HAL/LCD/LCD_prg.o
 .debug_frame   0x00000000      0x174 HAL/LCD/LCD_prg.o
 .text          0x00000000        0x0 HAL/TEMPS/TEMPS_prg.o
 .data          0x00000000        0x0 HAL/TEMPS/TEMPS_prg.o
 .bss           0x00000000        0x0 HAL/TEMPS/TEMPS_prg.o
 .text.TEMPS_vInit
                0x00000000        0x4 HAL/TEMPS/TEMPS_prg.o
 .text.TEMPS_f32GetTemp
                0x00000000       0x36 HAL/TEMPS/TEMPS_prg.o
 .debug_info    0x00000000      0x117 HAL/TEMPS/TEMPS_prg.o
 .debug_abbrev  0x00000000       0xa6 HAL/TEMPS/TEMPS_prg.o
 .debug_loc     0x00000000       0xcc HAL/TEMPS/TEMPS_prg.o
 .debug_aranges
                0x00000000       0x28 HAL/TEMPS/TEMPS_prg.o
 .debug_ranges  0x00000000       0x18 HAL/TEMPS/TEMPS_prg.o
 .debug_line    0x00000000       0xbd HAL/TEMPS/TEMPS_prg.o
 .debug_str     0x00000000      0x203 HAL/TEMPS/TEMPS_prg.o
 .comment       0x00000000       0x31 HAL/TEMPS/TEMPS_prg.o
 .debug_frame   0x00000000       0x34 HAL/TEMPS/TEMPS_prg.o
 .text          0x00000000        0x0 MCAL/ADC/ADC_prg.o
 .data          0x00000000        0x0 MCAL/ADC/ADC_prg.o
 .bss           0x00000000        0x0 MCAL/ADC/ADC_prg.o
 .text.ADC_vInit
                0x00000000       0x16 MCAL/ADC/ADC_prg.o
 .text.ADC_u16ReadDigitalDataSync
                0x00000000       0x16 MCAL/ADC/ADC_prg.o
 .text.ADC_vReadDigitalDataAsync
                0x00000000       0x16 MCAL/ADC/ADC_prg.o
 .text          0x00000000        0x0 MCAL/DIO/DIO_prg.o
 .data          0x00000000        0x0 MCAL/DIO/DIO_prg.o
 .bss           0x00000000        0x0 MCAL/DIO/DIO_prg.o
 .text.DIO_vSetPinVal
                0x00000000       0xa2 MCAL/DIO/DIO_prg.o
 .text.DIO_u8GetPinVal
                0x00000000       0x30 MCAL/DIO/DIO_prg.o
 .text.DIO_vTogPortVal
                0x00000000       0x30 MCAL/DIO/DIO_prg.o
 .text          0x00000000        0x0 MCAL/EXI/EXI_prg.o
 .data          0x00000000        0x0 MCAL/EXI/EXI_prg.o
 .bss           0x00000000        0x0 MCAL/EXI/EXI_prg.o
 .text.EXI_vINT0_Init
                0x00000000       0x24 MCAL/EXI/EXI_prg.o
 .text.EXI_vINT1_Init
                0x00000000       0x24 MCAL/EXI/EXI_prg.o
 .text.EXI_vINT2_Init
                0x00000000       0x22 MCAL/EXI/EXI_prg.o
 .text.EXI_vRegFunc
                0x00000000       0x2a MCAL/EXI/EXI_prg.o
 .text          0x00000000        0x0 MCAL/GIE/GIE_prg.o
 .data          0x00000000        0x0 MCAL/GIE/GIE_prg.o
 .bss           0x00000000        0x0 MCAL/GIE/GIE_prg.o
 .text.GIE_vDisableGlobalInterrupt
                0x00000000        0x8 MCAL/GIE/GIE_prg.o
 .text          0x00000000        0x0 MCAL/I2C/I2C_prg.o
 .data          0x00000000        0x0 MCAL/I2C/I2C_prg.o
 .bss           0x00000000        0x0 MCAL/I2C/I2C_prg.o
 .text.I2C_vMasterInit
                0x00000000       0x18 MCAL/I2C/I2C_prg.o
 .text.I2C_vSlaveInit
                0x00000000        0xc MCAL/I2C/I2C_prg.o
 .text.I2C_SendStartCondition
                0x00000000       0x18 MCAL/I2C/I2C_prg.o
 .text.I2C_SendRepeatedStart
                0x00000000       0x1a MCAL/I2C/I2C_prg.o
 .text.I2C_MasterWriteDataByte
                0x00000000       0x1c MCAL/I2C/I2C_prg.o
 .text.I2C_MasterReadDataByteNACK
                0x00000000       0x20 MCAL/I2C/I2C_prg.o
 .text.I2C_MasterReadDataByteACK
                0x00000000       0x2a MCAL/I2C/I2C_prg.o
 .text.I2C_SendSlaveAddressWithWrite
                0x00000000       0x20 MCAL/I2C/I2C_prg.o
 .text.I2C_SendSlaveAddressWithRead
                0x00000000       0x20 MCAL/I2C/I2C_prg.o
 .text.I2C_SendStopCondition
                0x00000000        0x6 MCAL/I2C/I2C_prg.o
 .debug_info    0x00000000      0x2a9 MCAL/I2C/I2C_prg.o
 .debug_abbrev  0x00000000       0xe0 MCAL/I2C/I2C_prg.o
 .debug_loc     0x00000000      0x1e4 MCAL/I2C/I2C_prg.o
 .debug_aranges
                0x00000000       0x68 MCAL/I2C/I2C_prg.o
 .debug_ranges  0x00000000       0x58 MCAL/I2C/I2C_prg.o
 .debug_line    0x00000000      0x28e MCAL/I2C/I2C_prg.o
 .debug_str     0x00000000      0x321 MCAL/I2C/I2C_prg.o
 .comment       0x00000000       0x31 MCAL/I2C/I2C_prg.o
 .debug_frame   0x00000000       0xb4 MCAL/I2C/I2C_prg.o
 .text          0x00000000        0x0 MCAL/SPI/SPI_prg.o
 .data          0x00000000        0x0 MCAL/SPI/SPI_prg.o
 .bss           0x00000000        0x0 MCAL/SPI/SPI_prg.o
 .text.SPI_vMasterInit
                0x00000000       0x3c MCAL/SPI/SPI_prg.o
 .text.SPI_vSlaveInit
                0x00000000       0x3c MCAL/SPI/SPI_prg.o
 .text.SPI_u8Traceiver
                0x00000000        0xa MCAL/SPI/SPI_prg.o
 .text.SPI_vTransmitData
                0x00000000        0x8 MCAL/SPI/SPI_prg.o
 .text.SPI_vTransmitString
                0x00000000       0x18 MCAL/SPI/SPI_prg.o
 .text.SPI_u8ReceiveData
                0x00000000        0x8 MCAL/SPI/SPI_prg.o
 .text.SPI_vReciceveDataAsync
                0x00000000       0x1a MCAL/SPI/SPI_prg.o
 .text          0x00000000        0x0 MCAL/TIMER/TIMER_prg.o
 .data          0x00000000        0x0 MCAL/TIMER/TIMER_prg.o
 .bss           0x00000000        0x0 MCAL/TIMER/TIMER_prg.o
 .text.TIMER_vSetOcrValue
                0x00000000       0x1a MCAL/TIMER/TIMER_prg.o
 .text.TIMER_vSetOCR1AWValue
                0x00000000        0x6 MCAL/TIMER/TIMER_prg.o
 .text.TIMER_vSetOCR1BWValue
                0x00000000        0x6 MCAL/TIMER/TIMER_prg.o
 .text.TIMER_vSetICR1WValue
                0x00000000        0x6 MCAL/TIMER/TIMER_prg.o
 .text.TIMER_vDelayMS
                0x00000000       0x2a MCAL/TIMER/TIMER_prg.o
 .text.TIMER_vPWMSignal
                0x00000000       0x88 MCAL/TIMER/TIMER_prg.o
 .text.TIMER_u16GetICU
                0x00000000        0x6 MCAL/TIMER/TIMER_prg.o
 .text.TIMER_vsetCallBackFunctionOvfTIMER1
                0x00000000        0xa MCAL/TIMER/TIMER_prg.o
 .text.TIMER_vsetCallBackFunctionIcuTIMER1
                0x00000000        0xa MCAL/TIMER/TIMER_prg.o
 .text.TIMER_vCongfigureICU
                0x00000000       0x48 MCAL/TIMER/TIMER_prg.o
 .text.TIMER_vDisableIntICU
                0x00000000        0x8 MCAL/TIMER/TIMER_prg.o
 .text.TIMER_vSetTriggeringICU
                0x00000000       0x18 MCAL/TIMER/TIMER_prg.o
 .text          0x00000000        0x0 MCAL/UART/UART_prg.o
 .data          0x00000000        0x0 MCAL/UART/UART_prg.o
 .bss           0x00000000        0x0 MCAL/UART/UART_prg.o
 .text.UART_vSendDataAsync
                0x00000000       0x12 MCAL/UART/UART_prg.o
 .text.UART_vSendString
                0x00000000       0x18 MCAL/UART/UART_prg.o
 .text.UART_u8GetData
                0x00000000        0x8 MCAL/UART/UART_prg.o
 .text.UART_vGetString
                0x00000000       0x42 MCAL/UART/UART_prg.o
 .text          0x00000000        0x0 MCAL/WDT/WDT_prg.o
 .data          0x00000000        0x0 MCAL/WDT/WDT_prg.o
 .bss           0x00000000        0x0 MCAL/WDT/WDT_prg.o
 .text.WDT_vEnable
                0x00000000        0x8 MCAL/WDT/WDT_prg.o
 .text.WDT_vDisable
                0x00000000        0x8 MCAL/WDT/WDT_prg.o
 .text.WDT_vSetSleep
                0x00000000        0xe MCAL/WDT/WDT_prg.o
 .debug_info    0x00000000       0xbe MCAL/WDT/WDT_prg.o
 .debug_abbrev  0x00000000       0x6d MCAL/WDT/WDT_prg.o
 .debug_loc     0x00000000       0x21 MCAL/WDT/WDT_prg.o
 .debug_aranges
                0x00000000       0x30 MCAL/WDT/WDT_prg.o
 .debug_ranges  0x00000000       0x20 MCAL/WDT/WDT_prg.o
 .debug_line    0x00000000       0xa6 MCAL/WDT/WDT_prg.o
 .debug_str     0x00000000      0x1b4 MCAL/WDT/WDT_prg.o
 .comment       0x00000000       0x31 MCAL/WDT/WDT_prg.o
 .debug_frame   0x00000000       0x44 MCAL/WDT/WDT_prg.o
 .text          0x00000000        0x0 c:/program files (x86)/atmel/studio/7.0/toolchain/avr8/avr8-gnu-toolchain/bin/../lib/gcc/avr/5.4.0/../../../../avr/lib/avr5\libm.a(addsf3.o)
 .data          0x00000000        0x0 c:/program files (x86)/atmel/studio/7.0/toolchain/avr8/avr8-gnu-toolchain/bin/../lib/gcc/avr/5.4.0/../../../../avr/lib/avr5\libm.a(addsf3.o)
 .bss           0x00000000        0x0 c:/program files (x86)/atmel/studio/7.0/toolchain/avr8/avr8-gnu-toolchain/bin/../lib/gcc/avr/5.4.0/../../../../avr/lib/avr5\libm.a(addsf3.o)
 .text.avr-libc.fplib
                0x00000000        0xe c:/program files (x86)/atmel/studio/7.0/toolchain/avr8/avr8-gnu-toolchain/bin/../lib/gcc/avr/5.4.0/../../../../avr/lib/avr5\libm.a(addsf3.o)
 .text          0x00000000        0x0 c:/program files (x86)/atmel/studio/7.0/toolchain/avr8/avr8-gnu-toolchain/bin/../lib/gcc/avr/5.4.0/../../../../avr/lib/avr5\libm.a(addsf3x.o)
 .data          0x00000000        0x0 c:/program files (x86)/atmel/studio/7.0/toolchain/avr8/avr8-gnu-toolchain/bin/../lib/gcc/avr/5.4.0/../../../../avr/lib/avr5\libm.a(addsf3x.o)
 .bss           0x00000000        0x0 c:/program files (x86)/atmel/studio/7.0/toolchain/avr8/avr8-gnu-toolchain/bin/../lib/gcc/avr/5.4.0/../../../../avr/lib/avr5\libm.a(addsf3x.o)
 .text.avr-libc.fplib
                0x00000000       0xcc c:/program files (x86)/atmel/studio/7.0/toolchain/avr8/avr8-gnu-toolchain/bin/../lib/gcc/avr/5.4.0/../../../../avr/lib/avr5\libm.a(addsf3x.o)
 .text          0x00000000        0x0 c:/program files (x86)/atmel/studio/7.0/toolchain/avr8/avr8-gnu-toolchain/bin/../lib/gcc/avr/5.4.0/../../../../avr/lib/avr5\libm.a(divsf3.o)
 .data          0x00000000        0x0 c:/program files (x86)/atmel/studio/7.0/toolchain/avr8/avr8-gnu-toolchain/bin/../lib/gcc/avr/5.4.0/../../../../avr/lib/avr5\libm.a(divsf3.o)
 .bss           0x00000000        0x0 c:/program files (x86)/atmel/studio/7.0/toolchain/avr8/avr8-gnu-toolchain/bin/../lib/gcc/avr/5.4.0/../../../../avr/lib/avr5\libm.a(divsf3.o)
 .text.avr-libc.fplib
                0x00000000        0x8 c:/program files (x86)/atmel/studio/7.0/toolchain/avr8/avr8-gnu-toolchain/bin/../lib/gcc/avr/5.4.0/../../../../avr/lib/avr5\libm.a(divsf3.o)
 .text          0x00000000        0x0 c:/program files (x86)/atmel/studio/7.0/toolchain/avr8/avr8-gnu-toolchain/bin/../lib/gcc/avr/5.4.0/../../../../avr/lib/avr5\libm.a(divsf3x.o)
 .data          0x00000000        0x0 c:/program files (x86)/atmel/studio/7.0/toolchain/avr8/avr8-gnu-toolchain/bin/../lib/gcc/avr/5.4.0/../../../../avr/lib/avr5\libm.a(divsf3x.o)
 .bss           0x00000000        0x0 c:/program files (x86)/atmel/studio/7.0/toolchain/avr8/avr8-gnu-toolchain/bin/../lib/gcc/avr/5.4.0/../../../../avr/lib/avr5\libm.a(divsf3x.o)
 .text.avr-libc.fplib
                0x00000000       0xdc c:/program files (x86)/atmel/studio/7.0/toolchain/avr8/avr8-gnu-toolchain/bin/../lib/gcc/avr/5.4.0/../../../../avr/lib/avr5\libm.a(divsf3x.o)
 .text          0x00000000        0x0 c:/program files (x86)/atmel/studio/7.0/toolchain/avr8/avr8-gnu-toolchain/bin/../lib/gcc/avr/5.4.0/../../../../avr/lib/avr5\libm.a(fixunssfsi.o)
 .data          0x00000000        0x0 c:/program files (x86)/atmel/studio/7.0/toolchain/avr8/avr8-gnu-toolchain/bin/../lib/gcc/avr/5.4.0/../../../../avr/lib/avr5\libm.a(fixunssfsi.o)
 .bss           0x00000000        0x0 c:/program files (x86)/atmel/studio/7.0/toolchain/avr8/avr8-gnu-toolchain/bin/../lib/gcc/avr/5.4.0/../../../../avr/lib/avr5\libm.a(fixunssfsi.o)
 .text.avr-libc.fplib
                0x00000000       0x5e c:/program files (x86)/atmel/studio/7.0/toolchain/avr8/avr8-gnu-toolchain/bin/../lib/gcc/avr/5.4.0/../../../../avr/lib/avr5\libm.a(fixunssfsi.o)
 .text          0x00000000        0x0 c:/program files (x86)/atmel/studio/7.0/toolchain/avr8/avr8-gnu-toolchain/bin/../lib/gcc/avr/5.4.0/../../../../avr/lib/avr5\libm.a(floatsisf.o)
 .data          0x00000000        0x0 c:/program files (x86)/atmel/studio/7.0/toolchain/avr8/avr8-gnu-toolchain/bin/../lib/gcc/avr/5.4.0/../../../../avr/lib/avr5\libm.a(floatsisf.o)
 .bss           0x00000000        0x0 c:/program files (x86)/atmel/studio/7.0/toolchain/avr8/avr8-gnu-toolchain/bin/../lib/gcc/avr/5.4.0/../../../../avr/lib/avr5\libm.a(floatsisf.o)
 .text.avr-libc.fplib
                0x00000000       0x7a c:/program files (x86)/atmel/studio/7.0/toolchain/avr8/avr8-gnu-toolchain/bin/../lib/gcc/avr/5.4.0/../../../../avr/lib/avr5\libm.a(floatsisf.o)
 .text          0x00000000        0x0 c:/program files (x86)/atmel/studio/7.0/toolchain/avr8/avr8-gnu-toolchain/bin/../lib/gcc/avr/5.4.0/../../../../avr/lib/avr5\libm.a(fp_inf.o)
 .data          0x00000000        0x0 c:/program files (x86)/atmel/studio/7.0/toolchain/avr8/avr8-gnu-toolchain/bin/../lib/gcc/avr/5.4.0/../../../../avr/lib/avr5\libm.a(fp_inf.o)
 .bss           0x00000000        0x0 c:/program files (x86)/atmel/studio/7.0/toolchain/avr8/avr8-gnu-toolchain/bin/../lib/gcc/avr/5.4.0/../../../../avr/lib/avr5\libm.a(fp_inf.o)
 .text.avr-libc.fplib
                0x00000000        0xc c:/program files (x86)/atmel/studio/7.0/toolchain/avr8/avr8-gnu-toolchain/bin/../lib/gcc/avr/5.4.0/../../../../avr/lib/avr5\libm.a(fp_inf.o)
 .text          0x00000000        0x0 c:/program files (x86)/atmel/studio/7.0/toolchain/avr8/avr8-gnu-toolchain/bin/../lib/gcc/avr/5.4.0/../../../../avr/lib/avr5\libm.a(fp_nan.o)
 .data          0x00000000        0x0 c:/program files (x86)/atmel/studio/7.0/toolchain/avr8/avr8-gnu-toolchain/bin/../lib/gcc/avr/5.4.0/../../../../avr/lib/avr5\libm.a(fp_nan.o)
 .bss           0x00000000        0x0 c:/program files (x86)/atmel/studio/7.0/toolchain/avr8/avr8-gnu-toolchain/bin/../lib/gcc/avr/5.4.0/../../../../avr/lib/avr5\libm.a(fp_nan.o)
 .text.avr-libc.fplib
                0x00000000        0x6 c:/program files (x86)/atmel/studio/7.0/toolchain/avr8/avr8-gnu-toolchain/bin/../lib/gcc/avr/5.4.0/../../../../avr/lib/avr5\libm.a(fp_nan.o)
 .text          0x00000000        0x0 c:/program files (x86)/atmel/studio/7.0/toolchain/avr8/avr8-gnu-toolchain/bin/../lib/gcc/avr/5.4.0/../../../../avr/lib/avr5\libm.a(fp_pscA.o)
 .data          0x00000000        0x0 c:/program files (x86)/atmel/studio/7.0/toolchain/avr8/avr8-gnu-toolchain/bin/../lib/gcc/avr/5.4.0/../../../../avr/lib/avr5\libm.a(fp_pscA.o)
 .bss           0x00000000        0x0 c:/program files (x86)/atmel/studio/7.0/toolchain/avr8/avr8-gnu-toolchain/bin/../lib/gcc/avr/5.4.0/../../../../avr/lib/avr5\libm.a(fp_pscA.o)
 .text.avr-libc.fplib
                0x00000000        0xe c:/program files (x86)/atmel/studio/7.0/toolchain/avr8/avr8-gnu-toolchain/bin/../lib/gcc/avr/5.4.0/../../../../avr/lib/avr5\libm.a(fp_pscA.o)
 .text          0x00000000        0x0 c:/program files (x86)/atmel/studio/7.0/toolchain/avr8/avr8-gnu-toolchain/bin/../lib/gcc/avr/5.4.0/../../../../avr/lib/avr5\libm.a(fp_pscB.o)
 .data          0x00000000        0x0 c:/program files (x86)/atmel/studio/7.0/toolchain/avr8/avr8-gnu-toolchain/bin/../lib/gcc/avr/5.4.0/../../../../avr/lib/avr5\libm.a(fp_pscB.o)
 .bss           0x00000000        0x0 c:/program files (x86)/atmel/studio/7.0/toolchain/avr8/avr8-gnu-toolchain/bin/../lib/gcc/avr/5.4.0/../../../../avr/lib/avr5\libm.a(fp_pscB.o)
 .text.avr-libc.fplib
                0x00000000        0xe c:/program files (x86)/atmel/studio/7.0/toolchain/avr8/avr8-gnu-toolchain/bin/../lib/gcc/avr/5.4.0/../../../../avr/lib/avr5\libm.a(fp_pscB.o)
 .text          0x00000000        0x0 c:/program files (x86)/atmel/studio/7.0/toolchain/avr8/avr8-gnu-toolchain/bin/../lib/gcc/avr/5.4.0/../../../../avr/lib/avr5\libm.a(fp_round.o)
 .data          0x00000000        0x0 c:/program files (x86)/atmel/studio/7.0/toolchain/avr8/avr8-gnu-toolchain/bin/../lib/gcc/avr/5.4.0/../../../../avr/lib/avr5\libm.a(fp_round.o)
 .bss           0x00000000        0x0 c:/program files (x86)/atmel/studio/7.0/toolchain/avr8/avr8-gnu-toolchain/bin/../lib/gcc/avr/5.4.0/../../../../avr/lib/avr5\libm.a(fp_round.o)
 .text.avr-libc.fplib
                0x00000000       0x22 c:/program files (x86)/atmel/studio/7.0/toolchain/avr8/avr8-gnu-toolchain/bin/../lib/gcc/avr/5.4.0/../../../../avr/lib/avr5\libm.a(fp_round.o)
 .text          0x00000000        0x0 c:/program files (x86)/atmel/studio/7.0/toolchain/avr8/avr8-gnu-toolchain/bin/../lib/gcc/avr/5.4.0/../../../../avr/lib/avr5\libm.a(fp_split3.o)
 .data          0x00000000        0x0 c:/program files (x86)/atmel/studio/7.0/toolchain/avr8/avr8-gnu-toolchain/bin/../lib/gcc/avr/5.4.0/../../../../avr/lib/avr5\libm.a(fp_split3.o)
 .bss           0x00000000        0x0 c:/program files (x86)/atmel/studio/7.0/toolchain/avr8/avr8-gnu-toolchain/bin/../lib/gcc/avr/5.4.0/../../../../avr/lib/avr5\libm.a(fp_split3.o)
 .text.avr-libc.fplib
                0x00000000       0x44 c:/program files (x86)/atmel/studio/7.0/toolchain/avr8/avr8-gnu-toolchain/bin/../lib/gcc/avr/5.4.0/../../../../avr/lib/avr5\libm.a(fp_split3.o)
 .text          0x00000000        0x0 c:/program files (x86)/atmel/studio/7.0/toolchain/avr8/avr8-gnu-toolchain/bin/../lib/gcc/avr/5.4.0/../../../../avr/lib/avr5\libm.a(fp_zero.o)
 .data          0x00000000        0x0 c:/program files (x86)/atmel/studio/7.0/toolchain/avr8/avr8-gnu-toolchain/bin/../lib/gcc/avr/5.4.0/../../../../avr/lib/avr5\libm.a(fp_zero.o)
 .bss           0x00000000        0x0 c:/program files (x86)/atmel/studio/7.0/toolchain/avr8/avr8-gnu-toolchain/bin/../lib/gcc/avr/5.4.0/../../../../avr/lib/avr5\libm.a(fp_zero.o)
 .text.avr-libc.fplib
                0x00000000        0xe c:/program files (x86)/atmel/studio/7.0/toolchain/avr8/avr8-gnu-toolchain/bin/../lib/gcc/avr/5.4.0/../../../../avr/lib/avr5\libm.a(fp_zero.o)
 .text          0x00000000        0x0 c:/program files (x86)/atmel/studio/7.0/toolchain/avr8/avr8-gnu-toolchain/bin/../lib/gcc/avr/5.4.0/../../../../avr/lib/avr5\libm.a(mulsf3.o)
 .data          0x00000000        0x0 c:/program files (x86)/atmel/studio/7.0/toolchain/avr8/avr8-gnu-toolchain/bin/../lib/gcc/avr/5.4.0/../../../../avr/lib/avr5\libm.a(mulsf3.o)
 .bss           0x00000000        0x0 c:/program files (x86)/atmel/studio/7.0/toolchain/avr8/avr8-gnu-toolchain/bin/../lib/gcc/avr/5.4.0/../../../../avr/lib/avr5\libm.a(mulsf3.o)
 .text.avr-libc.fplib
                0x00000000        0x8 c:/program files (x86)/atmel/studio/7.0/toolchain/avr8/avr8-gnu-toolchain/bin/../lib/gcc/avr/5.4.0/../../../../avr/lib/avr5\libm.a(mulsf3.o)
 .text          0x00000000        0x0 c:/program files (x86)/atmel/studio/7.0/toolchain/avr8/avr8-gnu-toolchain/bin/../lib/gcc/avr/5.4.0/../../../../avr/lib/avr5\libm.a(mulsf3x.o)
 .data          0x00000000        0x0 c:/program files (x86)/atmel/studio/7.0/toolchain/avr8/avr8-gnu-toolchain/bin/../lib/gcc/avr/5.4.0/../../../../avr/lib/avr5\libm.a(mulsf3x.o)
 .bss           0x00000000        0x0 c:/program files (x86)/atmel/studio/7.0/toolchain/avr8/avr8-gnu-toolchain/bin/../lib/gcc/avr/5.4.0/../../../../avr/lib/avr5\libm.a(mulsf3x.o)
 .text.avr-libc.fplib
                0x00000000       0xd2 c:/program files (x86)/atmel/studio/7.0/toolchain/avr8/avr8-gnu-toolchain/bin/../lib/gcc/avr/5.4.0/../../../../avr/lib/avr5\libm.a(mulsf3x.o)
 .text          0x00000000        0x0 c:/program files (x86)/atmel/studio/7.0/toolchain/avr8/avr8-gnu-toolchain/bin/../lib/gcc/avr/5.4.0/avr5\libgcc.a(_divmodhi4.o)
 .data          0x00000000        0x0 c:/program files (x86)/atmel/studio/7.0/toolchain/avr8/avr8-gnu-toolchain/bin/../lib/gcc/avr/5.4.0/avr5\libgcc.a(_divmodhi4.o)
 .bss           0x00000000        0x0 c:/program files (x86)/atmel/studio/7.0/toolchain/avr8/avr8-gnu-toolchain/bin/../lib/gcc/avr/5.4.0/avr5\libgcc.a(_divmodhi4.o)
 .text.libgcc.mul
                0x00000000        0x0 c:/program files (x86)/atmel/studio/7.0/toolchain/avr8/avr8-gnu-toolchain/bin/../lib/gcc/avr/5.4.0/avr5\libgcc.a(_divmodhi4.o)
 .text.libgcc.div
                0x00000000       0x28 c:/program files (x86)/atmel/studio/7.0/toolchain/avr8/avr8-gnu-toolchain/bin/../lib/gcc/avr/5.4.0/avr5\libgcc.a(_divmodhi4.o)
 .text.libgcc   0x00000000        0x0 c:/program files (x86)/atmel/studio/7.0/toolchain/avr8/avr8-gnu-toolchain/bin/../lib/gcc/avr/5.4.0/avr5\libgcc.a(_divmodhi4.o)
 .text.libgcc.prologue
                0x00000000        0x0 c:/program files (x86)/atmel/studio/7.0/toolchain/avr8/avr8-gnu-toolchain/bin/../lib/gcc/avr/5.4.0/avr5\libgcc.a(_divmodhi4.o)
 .text.libgcc.builtins
                0x00000000        0x0 c:/program files (x86)/atmel/studio/7.0/toolchain/avr8/avr8-gnu-toolchain/bin/../lib/gcc/avr/5.4.0/avr5\libgcc.a(_divmodhi4.o)
 .text.libgcc.fmul
                0x00000000        0x0 c:/program files (x86)/atmel/studio/7.0/toolchain/avr8/avr8-gnu-toolchain/bin/../lib/gcc/avr/5.4.0/avr5\libgcc.a(_divmodhi4.o)
 .text.libgcc.fixed
                0x00000000        0x0 c:/program files (x86)/atmel/studio/7.0/toolchain/avr8/avr8-gnu-toolchain/bin/../lib/gcc/avr/5.4.0/avr5\libgcc.a(_divmodhi4.o)
 .text          0x00000000        0x0 c:/program files (x86)/atmel/studio/7.0/toolchain/avr8/avr8-gnu-toolchain/bin/../lib/gcc/avr/5.4.0/avr5\libgcc.a(_exit.o)
 .data          0x00000000        0x0 c:/program files (x86)/atmel/studio/7.0/toolchain/avr8/avr8-gnu-toolchain/bin/../lib/gcc/avr/5.4.0/avr5\libgcc.a(_exit.o)
 .bss           0x00000000        0x0 c:/program files (x86)/atmel/studio/7.0/toolchain/avr8/avr8-gnu-toolchain/bin/../lib/gcc/avr/5.4.0/avr5\libgcc.a(_exit.o)
 .text.libgcc.mul
                0x00000000        0x0 c:/program files (x86)/atmel/studio/7.0/toolchain/avr8/avr8-gnu-toolchain/bin/../lib/gcc/avr/5.4.0/avr5\libgcc.a(_exit.o)
 .text.libgcc.div
                0x00000000        0x0 c:/program files (x86)/atmel/studio/7.0/toolchain/avr8/avr8-gnu-toolchain/bin/../lib/gcc/avr/5.4.0/avr5\libgcc.a(_exit.o)
 .text.libgcc   0x00000000        0x0 c:/program files (x86)/atmel/studio/7.0/toolchain/avr8/avr8-gnu-toolchain/bin/../lib/gcc/avr/5.4.0/avr5\libgcc.a(_exit.o)
 .text.libgcc.prologue
                0x00000000        0x0 c:/program files (x86)/atmel/studio/7.0/toolchain/avr8/avr8-gnu-toolchain/bin/../lib/gcc/avr/5.4.0/avr5\libgcc.a(_exit.o)
 .text.libgcc.builtins
                0x00000000        0x0 c:/program files (x86)/atmel/studio/7.0/toolchain/avr8/avr8-gnu-toolchain/bin/../lib/gcc/avr/5.4.0/avr5\libgcc.a(_exit.o)
 .text.libgcc.fmul
                0x00000000        0x0 c:/program files (x86)/atmel/studio/7.0/toolchain/avr8/avr8-gnu-toolchain/bin/../lib/gcc/avr/5.4.0/avr5\libgcc.a(_exit.o)
 .text.libgcc.fixed
                0x00000000        0x0 c:/program files (x86)/atmel/studio/7.0/toolchain/avr8/avr8-gnu-toolchain/bin/../lib/gcc/avr/5.4.0/avr5\libgcc.a(_exit.o)
 .text          0x00000000        0x0 c:/program files (x86)/atmel/studio/7.0/toolchain/avr8/avr8-gnu-toolchain/bin/../lib/gcc/avr/5.4.0/avr5\libgcc.a(_copy_data.o)
 .data          0x00000000        0x0 c:/program files (x86)/atmel/studio/7.0/toolchain/avr8/avr8-gnu-toolchain/bin/../lib/gcc/avr/5.4.0/avr5\libgcc.a(_copy_data.o)
 .bss           0x00000000        0x0 c:/program files (x86)/atmel/studio/7.0/toolchain/avr8/avr8-gnu-toolchain/bin/../lib/gcc/avr/5.4.0/avr5\libgcc.a(_copy_data.o)
 .text.libgcc.mul
                0x00000000        0x0 c:/program files (x86)/atmel/studio/7.0/toolchain/avr8/avr8-gnu-toolchain/bin/../lib/gcc/avr/5.4.0/avr5\libgcc.a(_copy_data.o)
 .text.libgcc.div
                0x00000000        0x0 c:/program files (x86)/atmel/studio/7.0/toolchain/avr8/avr8-gnu-toolchain/bin/../lib/gcc/avr/5.4.0/avr5\libgcc.a(_copy_data.o)
 .text.libgcc   0x00000000        0x0 c:/program files (x86)/atmel/studio/7.0/toolchain/avr8/avr8-gnu-toolchain/bin/../lib/gcc/avr/5.4.0/avr5\libgcc.a(_copy_data.o)
 .text.libgcc.prologue
                0x00000000        0x0 c:/program files (x86)/atmel/studio/7.0/toolchain/avr8/avr8-gnu-toolchain/bin/../lib/gcc/avr/5.4.0/avr5\libgcc.a(_copy_data.o)
 .text.libgcc.builtins
                0x00000000        0x0 c:/program files (x86)/atmel/studio/7.0/toolchain/avr8/avr8-gnu-toolchain/bin/../lib/gcc/avr/5.4.0/avr5\libgcc.a(_copy_data.o)
 .text.libgcc.fmul
                0x00000000        0x0 c:/program files (x86)/atmel/studio/7.0/toolchain/avr8/avr8-gnu-toolchain/bin/../lib/gcc/avr/5.4.0/avr5\libgcc.a(_copy_data.o)
 .text.libgcc.fixed
                0x00000000        0x0 c:/program files (x86)/atmel/studio/7.0/toolchain/avr8/avr8-gnu-toolchain/bin/../lib/gcc/avr/5.4.0/avr5\libgcc.a(_copy_data.o)
 .text          0x00000000        0x0 c:/program files (x86)/atmel/studio/7.0/toolchain/avr8/avr8-gnu-toolchain/bin/../lib/gcc/avr/5.4.0/avr5\libgcc.a(_clear_bss.o)
 .data          0x00000000        0x0 c:/program files (x86)/atmel/studio/7.0/toolchain/avr8/avr8-gnu-toolchain/bin/../lib/gcc/avr/5.4.0/avr5\libgcc.a(_clear_bss.o)
 .bss           0x00000000        0x0 c:/program files (x86)/atmel/studio/7.0/toolchain/avr8/avr8-gnu-toolchain/bin/../lib/gcc/avr/5.4.0/avr5\libgcc.a(_clear_bss.o)
 .text.libgcc.mul
                0x00000000        0x0 c:/program files (x86)/atmel/studio/7.0/toolchain/avr8/avr8-gnu-toolchain/bin/../lib/gcc/avr/5.4.0/avr5\libgcc.a(_clear_bss.o)
 .text.libgcc.div
                0x00000000        0x0 c:/program files (x86)/atmel/studio/7.0/toolchain/avr8/avr8-gnu-toolchain/bin/../lib/gcc/avr/5.4.0/avr5\libgcc.a(_clear_bss.o)
 .text.libgcc   0x00000000        0x0 c:/program files (x86)/atmel/studio/7.0/toolchain/avr8/avr8-gnu-toolchain/bin/../lib/gcc/avr/5.4.0/avr5\libgcc.a(_clear_bss.o)
 .text.libgcc.prologue
                0x00000000        0x0 c:/program files (x86)/atmel/studio/7.0/toolchain/avr8/avr8-gnu-toolchain/bin/../lib/gcc/avr/5.4.0/avr5\libgcc.a(_clear_bss.o)
 .text.libgcc.builtins
                0x00000000        0x0 c:/program files (x86)/atmel/studio/7.0/toolchain/avr8/avr8-gnu-toolchain/bin/../lib/gcc/avr/5.4.0/avr5\libgcc.a(_clear_bss.o)
 .text.libgcc.fmul
                0x00000000        0x0 c:/program files (x86)/atmel/studio/7.0/toolchain/avr8/avr8-gnu-toolchain/bin/../lib/gcc/avr/5.4.0/avr5\libgcc.a(_clear_bss.o)
 .text.libgcc.fixed
                0x00000000        0x0 c:/program files (x86)/atmel/studio/7.0/toolchain/avr8/avr8-gnu-toolchain/bin/../lib/gcc/avr/5.4.0/avr5\libgcc.a(_clear_bss.o)
 .text          0x00000000        0x0 c:/program files (x86)/atmel/studio/7.0/toolchain/avr8/avr8-gnu-toolchain/bin/../lib/gcc/avr/5.4.0/avr5\libgcc.a(_udivmodhi4.o)
 .data          0x00000000        0x0 c:/program files (x86)/atmel/studio/7.0/toolchain/avr8/avr8-gnu-toolchain/bin/../lib/gcc/avr/5.4.0/avr5\libgcc.a(_udivmodhi4.o)
 .bss           0x00000000        0x0 c:/program files (x86)/atmel/studio/7.0/toolchain/avr8/avr8-gnu-toolchain/bin/../lib/gcc/avr/5.4.0/avr5\libgcc.a(_udivmodhi4.o)
 .text.libgcc.mul
                0x00000000        0x0 c:/program files (x86)/atmel/studio/7.0/toolchain/avr8/avr8-gnu-toolchain/bin/../lib/gcc/avr/5.4.0/avr5\libgcc.a(_udivmodhi4.o)
 .text.libgcc.div
                0x00000000       0x28 c:/program files (x86)/atmel/studio/7.0/toolchain/avr8/avr8-gnu-toolchain/bin/../lib/gcc/avr/5.4.0/avr5\libgcc.a(_udivmodhi4.o)
 .text.libgcc   0x00000000        0x0 c:/program files (x86)/atmel/studio/7.0/toolchain/avr8/avr8-gnu-toolchain/bin/../lib/gcc/avr/5.4.0/avr5\libgcc.a(_udivmodhi4.o)
 .text.libgcc.prologue
                0x00000000        0x0 c:/program files (x86)/atmel/studio/7.0/toolchain/avr8/avr8-gnu-toolchain/bin/../lib/gcc/avr/5.4.0/avr5\libgcc.a(_udivmodhi4.o)
 .text.libgcc.builtins
                0x00000000        0x0 c:/program files (x86)/atmel/studio/7.0/toolchain/avr8/avr8-gnu-toolchain/bin/../lib/gcc/avr/5.4.0/avr5\libgcc.a(_udivmodhi4.o)
 .text.libgcc.fmul
                0x00000000        0x0 c:/program files (x86)/atmel/studio/7.0/toolchain/avr8/avr8-gnu-toolchain/bin/../lib/gcc/avr/5.4.0/avr5\libgcc.a(_udivmodhi4.o)
 .text.libgcc.fixed
                0x00000000        0x0 c:/program files (x86)/atmel/studio/7.0/toolchain/avr8/avr8-gnu-toolchain/bin/../lib/gcc/avr/5.4.0/avr5\libgcc.a(_udivmodhi4.o)
 .text          0x00000000        0x0 c:/program files (x86)/atmel/studio/7.0/toolchain/avr8/avr8-gnu-toolchain/bin/../lib/gcc/avr/5.4.0/../../../../avr/lib/avr5\libc.a(sprintf.o)
 .data          0x00000000        0x0 c:/program files (x86)/atmel/studio/7.0/toolchain/avr8/avr8-gnu-toolchain/bin/../lib/gcc/avr/5.4.0/../../../../avr/lib/avr5\libc.a(sprintf.o)
 .bss           0x00000000        0x0 c:/program files (x86)/atmel/studio/7.0/toolchain/avr8/avr8-gnu-toolchain/bin/../lib/gcc/avr/5.4.0/../../../../avr/lib/avr5\libc.a(sprintf.o)
 .text.avr-libc
                0x00000000       0x44 c:/program files (x86)/atmel/studio/7.0/toolchain/avr8/avr8-gnu-toolchain/bin/../lib/gcc/avr/5.4.0/../../../../avr/lib/avr5\libc.a(sprintf.o)
 .comment       0x00000000       0x31 c:/program files (x86)/atmel/studio/7.0/toolchain/avr8/avr8-gnu-toolchain/bin/../lib/gcc/avr/5.4.0/../../../../avr/lib/avr5\libc.a(sprintf.o)
 .text          0x00000000        0x0 c:/program files (x86)/atmel/studio/7.0/toolchain/avr8/avr8-gnu-toolchain/bin/../lib/gcc/avr/5.4.0/../../../../avr/lib/avr5\libc.a(vfprintf_std.o)
 .data          0x00000000        0x0 c:/program files (x86)/atmel/studio/7.0/toolchain/avr8/avr8-gnu-toolchain/bin/../lib/gcc/avr/5.4.0/../../../../avr/lib/avr5\libc.a(vfprintf_std.o)
 .bss           0x00000000        0x0 c:/program files (x86)/atmel/studio/7.0/toolchain/avr8/avr8-gnu-toolchain/bin/../lib/gcc/avr/5.4.0/../../../../avr/lib/avr5\libc.a(vfprintf_std.o)
 .text.avr-libc
                0x00000000      0x3c2 c:/program files (x86)/atmel/studio/7.0/toolchain/avr8/avr8-gnu-toolchain/bin/../lib/gcc/avr/5.4.0/../../../../avr/lib/avr5\libc.a(vfprintf_std.o)
 .comment       0x00000000       0x2d c:/program files (x86)/atmel/studio/7.0/toolchain/avr8/avr8-gnu-toolchain/bin/../lib/gcc/avr/5.4.0/../../../../avr/lib/avr5\libc.a(vfprintf_std.o)
 .text          0x00000000        0x0 c:/program files (x86)/atmel/studio/7.0/toolchain/avr8/avr8-gnu-toolchain/bin/../lib/gcc/avr/5.4.0/../../../../avr/lib/avr5\libc.a(strnlen_P.o)
 .data          0x00000000        0x0 c:/program files (x86)/atmel/studio/7.0/toolchain/avr8/avr8-gnu-toolchain/bin/../lib/gcc/avr/5.4.0/../../../../avr/lib/avr5\libc.a(strnlen_P.o)
 .bss           0x00000000        0x0 c:/program files (x86)/atmel/studio/7.0/toolchain/avr8/avr8-gnu-toolchain/bin/../lib/gcc/avr/5.4.0/../../../../avr/lib/avr5\libc.a(strnlen_P.o)
 .text.avr-libc
                0x00000000       0x16 c:/program files (x86)/atmel/studio/7.0/toolchain/avr8/avr8-gnu-toolchain/bin/../lib/gcc/avr/5.4.0/../../../../avr/lib/avr5\libc.a(strnlen_P.o)
 .text          0x00000000        0x0 c:/program files (x86)/atmel/studio/7.0/toolchain/avr8/avr8-gnu-toolchain/bin/../lib/gcc/avr/5.4.0/../../../../avr/lib/avr5\libc.a(strnlen.o)
 .data          0x00000000        0x0 c:/program files (x86)/atmel/studio/7.0/toolchain/avr8/avr8-gnu-toolchain/bin/../lib/gcc/avr/5.4.0/../../../../avr/lib/avr5\libc.a(strnlen.o)
 .bss           0x00000000        0x0 c:/program files (x86)/atmel/studio/7.0/toolchain/avr8/avr8-gnu-toolchain/bin/../lib/gcc/avr/5.4.0/../../../../avr/lib/avr5\libc.a(strnlen.o)
 .text.avr-libc
                0x00000000       0x16 c:/program files (x86)/atmel/studio/7.0/toolchain/avr8/avr8-gnu-toolchain/bin/../lib/gcc/avr/5.4.0/../../../../avr/lib/avr5\libc.a(strnlen.o)
 .text          0x00000000        0x0 c:/program files (x86)/atmel/studio/7.0/toolchain/avr8/avr8-gnu-toolchain/bin/../lib/gcc/avr/5.4.0/../../../../avr/lib/avr5\libc.a(fputc.o)
 .data          0x00000000        0x0 c:/program files (x86)/atmel/studio/7.0/toolchain/avr8/avr8-gnu-toolchain/bin/../lib/gcc/avr/5.4.0/../../../../avr/lib/avr5\libc.a(fputc.o)
 .bss           0x00000000        0x0 c:/program files (x86)/atmel/studio/7.0/toolchain/avr8/avr8-gnu-toolchain/bin/../lib/gcc/avr/5.4.0/../../../../avr/lib/avr5\libc.a(fputc.o)
 .text.avr-libc
                0x00000000       0x78 c:/program files (x86)/atmel/studio/7.0/toolchain/avr8/avr8-gnu-toolchain/bin/../lib/gcc/avr/5.4.0/../../../../avr/lib/avr5\libc.a(fputc.o)
 .comment       0x00000000       0x31 c:/program files (x86)/atmel/studio/7.0/toolchain/avr8/avr8-gnu-toolchain/bin/../lib/gcc/avr/5.4.0/../../../../avr/lib/avr5\libc.a(fputc.o)
 .text          0x00000000        0x0 c:/program files (x86)/atmel/studio/7.0/toolchain/avr8/avr8-gnu-toolchain/bin/../lib/gcc/avr/5.4.0/../../../../avr/lib/avr5\libc.a(ultoa_invert.o)
 .data          0x00000000        0x0 c:/program files (x86)/atmel/studio/7.0/toolchain/avr8/avr8-gnu-toolchain/bin/../lib/gcc/avr/5.4.0/../../../../avr/lib/avr5\libc.a(ultoa_invert.o)
 .bss           0x00000000        0x0 c:/program files (x86)/atmel/studio/7.0/toolchain/avr8/avr8-gnu-toolchain/bin/../lib/gcc/avr/5.4.0/../../../../avr/lib/avr5\libc.a(ultoa_invert.o)
 .text.avr-libc
                0x00000000       0xbc c:/program files (x86)/atmel/studio/7.0/toolchain/avr8/avr8-gnu-toolchain/bin/../lib/gcc/avr/5.4.0/../../../../avr/lib/avr5\libc.a(ultoa_invert.o)
 .text          0x00000000        0x0 c:/program files (x86)/atmel/studio/7.0/toolchain/avr8/avr8-gnu-toolchain/bin/../lib/gcc/avr/5.4.0/avr5\libgcc.a(_prologue.o)
 .data          0x00000000        0x0 c:/program files (x86)/atmel/studio/7.0/toolchain/avr8/avr8-gnu-toolchain/bin/../lib/gcc/avr/5.4.0/avr5\libgcc.a(_prologue.o)
 .bss           0x00000000        0x0 c:/program files (x86)/atmel/studio/7.0/toolchain/avr8/avr8-gnu-toolchain/bin/../lib/gcc/avr/5.4.0/avr5\libgcc.a(_prologue.o)
 .text.libgcc.mul
                0x00000000        0x0 c:/program files (x86)/atmel/studio/7.0/toolchain/avr8/avr8-gnu-toolchain/bin/../lib/gcc/avr/5.4.0/avr5\libgcc.a(_prologue.o)
 .text.libgcc.div
                0x00000000        0x0 c:/program files (x86)/atmel/studio/7.0/toolchain/avr8/avr8-gnu-toolchain/bin/../lib/gcc/avr/5.4.0/avr5\libgcc.a(_prologue.o)
 .text.libgcc   0x00000000        0x0 c:/program files (x86)/atmel/studio/7.0/toolchain/avr8/avr8-gnu-toolchain/bin/../lib/gcc/avr/5.4.0/avr5\libgcc.a(_prologue.o)
 .text.libgcc.prologue
                0x00000000       0x38 c:/program files (x86)/atmel/studio/7.0/toolchain/avr8/avr8-gnu-toolchain/bin/../lib/gcc/avr/5.4.0/avr5\libgcc.a(_prologue.o)
 .text.libgcc.builtins
                0x00000000        0x0 c:/program files (x86)/atmel/studio/7.0/toolchain/avr8/avr8-gnu-toolchain/bin/../lib/gcc/avr/5.4.0/avr5\libgcc.a(_prologue.o)
 .text.libgcc.fmul
                0x00000000        0x0 c:/program files (x86)/atmel/studio/7.0/toolchain/avr8/avr8-gnu-toolchain/bin/../lib/gcc/avr/5.4.0/avr5\libgcc.a(_prologue.o)
 .text.libgcc.fixed
                0x00000000        0x0 c:/program files (x86)/atmel/studio/7.0/toolchain/avr8/avr8-gnu-toolchain/bin/../lib/gcc/avr/5.4.0/avr5\libgcc.a(_prologue.o)
 .text          0x00000000        0x0 c:/program files (x86)/atmel/studio/7.0/toolchain/avr8/avr8-gnu-toolchain/bin/../lib/gcc/avr/5.4.0/avr5\libgcc.a(_epilogue.o)
 .data          0x00000000        0x0 c:/program files (x86)/atmel/studio/7.0/toolchain/avr8/avr8-gnu-toolchain/bin/../lib/gcc/avr/5.4.0/avr5\libgcc.a(_epilogue.o)
 .bss           0x00000000        0x0 c:/program files (x86)/atmel/studio/7.0/toolchain/avr8/avr8-gnu-toolchain/bin/../lib/gcc/avr/5.4.0/avr5\libgcc.a(_epilogue.o)
 .text.libgcc.mul
                0x00000000        0x0 c:/program files (x86)/atmel/studio/7.0/toolchain/avr8/avr8-gnu-toolchain/bin/../lib/gcc/avr/5.4.0/avr5\libgcc.a(_epilogue.o)
 .text.libgcc.div
                0x00000000        0x0 c:/program files (x86)/atmel/studio/7.0/toolchain/avr8/avr8-gnu-toolchain/bin/../lib/gcc/avr/5.4.0/avr5\libgcc.a(_epilogue.o)
 .text.libgcc   0x00000000        0x0 c:/program files (x86)/atmel/studio/7.0/toolchain/avr8/avr8-gnu-toolchain/bin/../lib/gcc/avr/5.4.0/avr5\libgcc.a(_epilogue.o)
 .text.libgcc.prologue
                0x00000000       0x36 c:/program files (x86)/atmel/studio/7.0/toolchain/avr8/avr8-gnu-toolchain/bin/../lib/gcc/avr/5.4.0/avr5\libgcc.a(_epilogue.o)
 .text.libgcc.builtins
                0x00000000        0x0 c:/program files (x86)/atmel/studio/7.0/toolchain/avr8/avr8-gnu-toolchain/bin/../lib/gcc/avr/5.4.0/avr5\libgcc.a(_epilogue.o)
 .text.libgcc.fmul
                0x00000000        0x0 c:/program files (x86)/atmel/studio/7.0/toolchain/avr8/avr8-gnu-toolchain/bin/../lib/gcc/avr/5.4.0/avr5\libgcc.a(_epilogue.o)
 .text.libgcc.fixed
                0x00000000        0x0 c:/program files (x86)/atmel/studio/7.0/toolchain/avr8/avr8-gnu-toolchain/bin/../lib/gcc/avr/5.4.0/avr5\libgcc.a(_epilogue.o)

Memory Configuration

Name             Origin             Length             Attributes
text             0x00000000         0x00008000         xr
data             0x00800060         0x00000800         rw !x
eeprom           0x00810000         0x00000400         rw !x
fuse             0x00820000         0x00000002         rw !x
lock             0x00830000         0x00000400         rw !x
signature        0x00840000         0x00000400         rw !x
user_signatures  0x00850000         0x00000400         rw !x
*default*        0x00000000         0xffffffff

Linker script and memory map

LOAD c:/program files (x86)/atmel/studio/7.0/toolchain/avr8/avr8-gnu-toolchain/bin/../lib/gcc/avr/5.4.0/../../../../avr/lib/avr5/crtatmega32.o
LOAD APP/LAB2/lab2_prg.o
LOAD APP/LAB3/LAB3_prg.o
LOAD APP/LogicAnalyzer/LogicAnalyzer_prg.o
LOAD APP/main.o
LOAD APP/Osc/Osc.o
LOAD APP/WaveGen/WaveGen_prg.o
LOAD HAL/LCD/LCD_prg.o
LOAD HAL/TEMPS/TEMPS_prg.o
LOAD MCAL/ADC/ADC_prg.o
LOAD MCAL/DIO/DIO_prg.o
LOAD MCAL/EXI/EXI_prg.o
LOAD MCAL/GIE/GIE_prg.o
LOAD MCAL/I2C/I2C_prg.o
LOAD MCAL/SPI/SPI_prg.o
LOAD MCAL/TIMER/TIMER_prg.o
LOAD MCAL/UART/UART_prg.o
LOAD MCAL/WDT/WDT_prg.o
START GROUP
LOAD c:/program files (x86)/atmel/studio/7.0/toolchain/avr8/avr8-gnu-toolchain/bin/../lib/gcc/avr/5.4.0/../../../../avr/lib/avr5\libm.a
END GROUP
START GROUP
LOAD c:/program files (x86)/atmel/studio/7.0/toolchain/avr8/avr8-gnu-toolchain/bin/../lib/gcc/avr/5.4.0/avr5\libgcc.a
LOAD c:/program files (x86)/atmel/studio/7.0/toolchain/avr8/avr8-gnu-toolchain/bin/../lib/gcc/avr/5.4.0/../../../../avr/lib/avr5\libm.a
LOAD c:/program files (x86)/atmel/studio/7.0/toolchain/avr8/avr8-gnu-toolchain/bin/../lib/gcc/avr/5.4.0/../../../../avr/lib/avr5\libc.a
LOAD c:/program files (x86)/atmel/studio/7.0/toolchain/avr8/avr8-gnu-toolchain/bin/../lib/gcc/avr/5.4.0/../../../../avr/lib/avr5\libatmega32.a
END GROUP
                0x00000000                __TEXT_REGION_ORIGIN__ = DEFINED (__TEXT_REGION_ORIGIN__)?__TEXT_REGION_ORIGIN__:0x0
                [0x00800060]                __DATA_REGION_ORIGIN__ = DEFINED (__DATA_REGION_ORIGIN__)?__DATA_REGION_ORIGIN__:0x800060
                [0x00008000]                __TEXT_REGION_LENGTH__ = DEFINED (__TEXT_REGION_LENGTH__)?__TEXT_REGION_LENGTH__:0x20000
                [0x00000800]                __DATA_REGION_LENGTH__ = DEFINED (__DATA_REGION_LENGTH__)?__DATA_REGION_LENGTH__:0xffa0
                [0x00000400]                __EEPROM_REGION_LENGTH__ = DEFINED (__EEPROM_REGION_LENGTH__)?__EEPROM_REGION_LENGTH__:0x10000
                [0x00000002]                __FUSE_REGION_LENGTH__ = DEFINED (__FUSE_REGION_LENGTH__)?__FUSE_REGION_LENGTH__:0x400
                0x00000400                __LOCK_REGION_LENGTH__ = DEFINED (__LOCK_REGION_LENGTH__)?__LOCK_REGION_LENGTH__:0x400
                0x00000400                __SIGNATURE_REGION_LENGTH__ = DEFINED (__SIGNATURE_REGION_LENGTH__)?__SIGNATURE_REGION_LENGTH__:0x400
                0x00000400                __USER_SIGNATURE_REGION_LENGTH__ = DEFINED (__USER_SIGNATURE_REGION_LENGTH__)?__USER_SIGNATURE_REGION_LENGTH__:0x400

.hash
 *(.hash)

.dynsym
 *(.dynsym)

.dynstr
 *(.dynstr)

.gnu.version
 *(.gnu.version)

.gnu.version_d
 *(.gnu.version_d)

.gnu.version_r
 *(.gnu.version_r)

.rel.init
 *(.rel.init)

.rela.init
 *(.rela.init)

.rel.text
 *(.rel.text)
 *(.rel.text.*)
 *(.rel.gnu.linkonce.t*)

.rela.text
 *(.rela.text)
 *(.rela.text.*)
 *(.rela.gnu.linkonce.t*)

.rel.fini
 *(.rel.fini)

.rela.fini
 *(.rela.fini)

.rel.rodata
 *(.rel.rodata)
 *(.rel.rodata.*)
 *(.rel.gnu.linkonce.r*)

.rela.rodata
 *(.rela.rodata)
 *(.rela.rodata.*)
 *(.rela.gnu.linkonce.r*)

.rel.data
 *(.rel.data)
 *(.rel.data.*)
 *(.rel.gnu.linkonce.d*)

.rela.data
 *(.rela.data)
 *(.rela.data.*)
 *(.rela.gnu.linkonce.d*)

.rel.ctors
 *(.rel.ctors)

.rela.ctors
 *(.rela.ctors)

.rel.dtors
 *(.rel.dtors)

.rela.dtors
 *(.rela.dtors)

.rel.got
 *(.rel.got)

.rela.got
 *(.rela.got)

.rel.bss
 *(.rel.bss)

.rela.bss
 *(.rela.bss)

.rel.plt
 *(.rel.plt)

.rela.plt
 *(.rela.plt)

.text           0x00000000      0x926
 *(.vectors)
 .vectors       0x00000000       0x54 c:/program files (x86)/atmel/studio/7.0/toolchain/avr8/avr8-gnu-toolchain/bin/../lib/gcc/avr/5.4.0/../../../../avr/lib/avr5/crtatmega32.o
                0x00000000                __vector_default
                0x00000000                __vectors
 *(.vectors)
 *(.progmem.gcc*)
                0x00000054                . = ALIGN (0x2)
                0x00000054                __trampolines_start = .
 *(.trampolines)
 .trampolines   0x00000054        0x0 linker stubs
 *(.trampolines*)
                0x00000054                __trampolines_end = .
 *libprintf_flt.a:*(.progmem.data)
 *libc.a:*(.progmem.data)
 *(.progmem*)
                0x00000054                . = ALIGN (0x2)
 *(.jumptables)
 *(.jumptables*)
 *(.lowtext)
 *(.lowtext*)
                0x00000054                __ctors_start = .
 *(.ctors)
                0x00000054                __ctors_end = .
                0x00000054                __dtors_start = .
 *(.dtors)
                0x00000054                __dtors_end = .
 SORT(*)(.ctors)
 SORT(*)(.dtors)
 *(.init0)
 .init0         0x00000054        0x0 c:/program files (x86)/atmel/studio/7.0/toolchain/avr8/avr8-gnu-toolchain/bin/../lib/gcc/avr/5.4.0/../../../../avr/lib/avr5/crtatmega32.o
                0x00000054                __init
 *(.init0)
 *(.init1)
 *(.init1)
 *(.init2)
 .init2         0x00000054        0xc c:/program files (x86)/atmel/studio/7.0/toolchain/avr8/avr8-gnu-toolchain/bin/../lib/gcc/avr/5.4.0/../../../../avr/lib/avr5/crtatmega32.o
 *(.init2)
 *(.init3)
 *(.init3)
 *(.init4)
 .init4         0x00000060       0x16 c:/program files (x86)/atmel/studio/7.0/toolchain/avr8/avr8-gnu-toolchain/bin/../lib/gcc/avr/5.4.0/avr5\libgcc.a(_copy_data.o)
                0x00000060                __do_copy_data
 .init4         0x00000076       0x10 c:/program files (x86)/atmel/studio/7.0/toolchain/avr8/avr8-gnu-toolchain/bin/../lib/gcc/avr/5.4.0/avr5\libgcc.a(_clear_bss.o)
                0x00000076                __do_clear_bss
 *(.init4)
 *(.init5)
 *(.init5)
 *(.init6)
 *(.init6)
 *(.init7)
 *(.init7)
 *(.init8)
 *(.init8)
 *(.init9)
 .init9         0x00000086        0x8 c:/program files (x86)/atmel/studio/7.0/toolchain/avr8/avr8-gnu-toolchain/bin/../lib/gcc/avr/5.4.0/../../../../avr/lib/avr5/crtatmega32.o
 *(.init9)
 *(.text)
 .text          0x0000008e        0x4 c:/program files (x86)/atmel/studio/7.0/toolchain/avr8/avr8-gnu-toolchain/bin/../lib/gcc/avr/5.4.0/../../../../avr/lib/avr5/crtatmega32.o
                0x0000008e                __vector_17
                0x0000008e                __vector_19
                0x0000008e                __vector_7
                0x0000008e                __vector_8
                0x0000008e                __vector_18
                0x0000008e                __vector_20
                0x0000008e                __bad_interrupt
                0x00000092                . = ALIGN (0x2)
 *(.text.*)
 .text.dataHandler
                0x00000092       0x36 APP/LogicAnalyzer/LogicAnalyzer_prg.o
 .text.toHex    0x000000c8       0x7c APP/LogicAnalyzer/LogicAnalyzer_prg.o
 .text.LogicAnalyzer_vInit
                0x00000144       0x26 APP/LogicAnalyzer/LogicAnalyzer_prg.o
                0x00000144                LogicAnalyzer_vInit
 .text.LogicAnalyzer_vUpdate
                0x0000016a       0xe8 APP/LogicAnalyzer/LogicAnalyzer_prg.o
                0x0000016a                LogicAnalyzer_vUpdate
 .text.startup.main
                0x00000252        0xa APP/main.o
                0x00000252                main
 .text.__vector_16
                0x0000025c       0x54 MCAL/ADC/ADC_prg.o
                0x0000025c                __vector_16
 .text.DIO_vSetPinDir
                0x000002b0       0xa2 MCAL/DIO/DIO_prg.o
                0x000002b0                DIO_vSetPinDir
 .text.DIO_vTogPinVal
                0x00000352       0x60 MCAL/DIO/DIO_prg.o
                0x00000352                DIO_vTogPinVal
 .text.DIO_vSetPortDir
                0x000003b2       0x20 MCAL/DIO/DIO_prg.o
                0x000003b2                DIO_vSetPortDir
 .text.DIO_vSetPortVal
                0x000003d2       0x20 MCAL/DIO/DIO_prg.o
                0x000003d2                DIO_vSetPortVal
 .text.DIO_u8GetPortVal
                0x000003f2       0x20 MCAL/DIO/DIO_prg.o
                0x000003f2                DIO_u8GetPortVal
 .text.__vector_1
                0x00000412       0x4e MCAL/EXI/EXI_prg.o
                0x00000412                __vector_1
 .text.__vector_2
                0x00000460       0x4e MCAL/EXI/EXI_prg.o
                0x00000460                __vector_2
 .text.__vector_3
                0x000004ae       0x4e MCAL/EXI/EXI_prg.o
                0x000004ae                __vector_3
 .text.GIE_vSetGlobalInterrupt
                0x000004fc        0x8 MCAL/GIE/GIE_prg.o
                0x000004fc                GIE_vSetGlobalInterrupt
 .text.__vector_12
                0x00000504       0x50 MCAL/SPI/SPI_prg.o
                0x00000504                __vector_12
 .text.TIMER_vInit
                0x00000554       0x42 MCAL/TIMER/TIMER_prg.o
                0x00000554                TIMER_vInit
 .text.TIMER_vSetPreLoad
                0x00000596       0x1a MCAL/TIMER/TIMER_prg.o
                0x00000596                TIMER_vSetPreLoad
 .text.TIMER_u16GetTCNT1W
                0x000005b0        0x6 MCAL/TIMER/TIMER_prg.o
                0x000005b0                TIMER_u16GetTCNT1W
 .text.__vector_10
                0x000005b6       0x7c MCAL/TIMER/TIMER_prg.o
                0x000005b6                __vector_10
 .text.__vector_11
                0x00000632       0x7e MCAL/TIMER/TIMER_prg.o
                0x00000632                __vector_11
 .text.__vector_4
                0x000006b0       0x7c MCAL/TIMER/TIMER_prg.o
                0x000006b0                __vector_4
 .text.__vector_5
                0x0000072c       0x7e MCAL/TIMER/TIMER_prg.o
                0x0000072c                __vector_5
 .text.__vector_6
                0x000007aa       0x4e MCAL/TIMER/TIMER_prg.o
                0x000007aa                __vector_6
 .text.__vector_9
                0x000007f8       0x4e MCAL/TIMER/TIMER_prg.o
                0x000007f8                __vector_9
 .text.UART_vInit
                0x00000846       0x38 MCAL/UART/UART_prg.o
                0x00000846                UART_vInit
 .text.UART_vSendData
                0x0000087e        0x8 MCAL/UART/UART_prg.o
                0x0000087e                UART_vSendData
 .text.UART_u8GetDataAsync
                0x00000886       0x1a MCAL/UART/UART_prg.o
                0x00000886                UART_u8GetDataAsync
 .text.__vector_13
                0x000008a0       0x50 MCAL/UART/UART_prg.o
                0x000008a0                __vector_13
 .text.__vector_14
                0x000008f0       0x1e MCAL/UART/UART_prg.o
                0x000008f0                __vector_14
 .text.__vector_15
                0x0000090e       0x14 MCAL/UART/UART_prg.o
                0x0000090e                __vector_15
                0x00000922                . = ALIGN (0x2)
 *(.fini9)
 .fini9         0x00000922        0x0 c:/program files (x86)/atmel/studio/7.0/toolchain/avr8/avr8-gnu-toolchain/bin/../lib/gcc/avr/5.4.0/avr5\libgcc.a(_exit.o)
                0x00000922                _exit
                0x00000922                exit
 *(.fini9)
 *(.fini8)
 *(.fini8)
 *(.fini7)
 *(.fini7)
 *(.fini6)
 *(.fini6)
 *(.fini5)
 *(.fini5)
 *(.fini4)
 *(.fini4)
 *(.fini3)
 *(.fini3)
 *(.fini2)
 *(.fini2)
 *(.fini1)
 *(.fini1)
 *(.fini0)
 .fini0         0x00000922        0x4 c:/program files (x86)/atmel/studio/7.0/toolchain/avr8/avr8-gnu-toolchain/bin/../lib/gcc/avr/5.4.0/avr5\libgcc.a(_exit.o)
 *(.fini0)
                0x00000926                _etext = .

.data           0x00800060        0x2 load address 0x00000926
                0x00800060                PROVIDE (__data_start, .)
 *(.data)
 *(.data*)
 .data.G_u8UARTBuffer
                0x00800060        0x1 APP/LogicAnalyzer/LogicAnalyzer_prg.o
 *(.gnu.linkonce.d*)
 *(.rodata)
 *(.rodata*)
 *(.gnu.linkonce.r*)
                0x00800062                . = ALIGN (0x2)
 *fill*         0x00800061        0x1 
                0x00800062                _edata = .
                0x00800062                PROVIDE (__data_end, .)

.bss            0x00800062       0x77
                0x00800062                PROVIDE (__bss_start, .)
 *(.bss)
 *(.bss*)
 .bss.L_u8Flag.1867
                0x00800062        0x1 APP/LogicAnalyzer/LogicAnalyzer_prg.o
 .bss.G_u16TimeStamp
                0x00800063       0x32 APP/LogicAnalyzer/LogicAnalyzer_prg.o
 .bss.G_u8LogicBuffer
                0x00800095       0x19 APP/LogicAnalyzer/LogicAnalyzer_prg.o
 .bss.G_vISRptr2
                0x008000ae        0x2 MCAL/EXI/EXI_prg.o
 .bss.G_vISRptr1
                0x008000b0        0x2 MCAL/EXI/EXI_prg.o
 .bss.G_vISRptr0
                0x008000b2        0x2 MCAL/EXI/EXI_prg.o
 .bss.L_u32Counter.1770
                0x008000b4        0x4 MCAL/TIMER/TIMER_prg.o
 .bss.L_u32Counter.1766
                0x008000b8        0x4 MCAL/TIMER/TIMER_prg.o
 .bss.L_u32Counter.1762
                0x008000bc        0x4 MCAL/TIMER/TIMER_prg.o
 .bss.L_u32Counter.1758
                0x008000c0        0x4 MCAL/TIMER/TIMER_prg.o
 .bss.G_u8DataSend
                0x008000c4        0x1 MCAL/UART/UART_prg.o
 *(COMMON)
 COMMON         0x008000c5        0x2 MCAL/ADC/ADC_prg.o
                0x008000c5                G_vISRptr
 COMMON         0x008000c7        0x2 MCAL/SPI/SPI_prg.o
                0x008000c7                GLB_PTR_FUNC
 COMMON         0x008000c9        0xe MCAL/TIMER/TIMER_prg.o
                0x008000c9                GLB_PTRF_TIM0_OVF
                0x008000cb                GLB_PTRF_TIM1_CTC
                0x008000cd                GLB_PTRF_TIM2_CTC
                0x008000cf                GLB_PTRF_TIM0_CTC
                0x008000d1                GLB_PTRF_TIM2_OVF
                0x008000d3                GLB_PTRF_TIM1_OVF
                0x008000d5                GLB_PTRF_TIM1_ICU
 COMMON         0x008000d7        0x2 MCAL/UART/UART_prg.o
                0x008000d7                G_PTR_FUNC_RX
                0x008000d9                PROVIDE (__bss_end, .)
                0x00000926                __data_load_start = LOADADDR (.data)
                0x00000928                __data_load_end = (__data_load_start + SIZEOF (.data))

.noinit         0x008000d9        0x0
                [!provide]                PROVIDE (__noinit_start, .)
 *(.noinit*)
                [!provide]                PROVIDE (__noinit_end, .)
                0x008000d9                _end = .
                [!provide]                PROVIDE (__heap_start, .)

.eeprom         0x00810000        0x0
 *(.eeprom*)
                0x00810000                __eeprom_end = .

.fuse
 *(.fuse)
 *(.lfuse)
 *(.hfuse)
 *(.efuse)

.lock
 *(.lock*)

.signature
 *(.signature*)

.user_signatures
 *(.user_signatures*)

.stab
 *(.stab)

.stabstr
 *(.stabstr)

.stab.excl
 *(.stab.excl)

.stab.exclstr
 *(.stab.exclstr)

.stab.index
 *(.stab.index)

.stab.indexstr
 *(.stab.indexstr)

.comment        0x00000000       0x30
 *(.comment)
 .comment       0x00000000       0x30 APP/LogicAnalyzer/LogicAnalyzer_prg.o
                                 0x31 (size before relaxing)
 .comment       0x00000030       0x31 APP/main.o
 .comment       0x00000030       0x31 MCAL/ADC/ADC_prg.o
 .comment       0x00000030       0x31 MCAL/DIO/DIO_prg.o
 .comment       0x00000030       0x31 MCAL/EXI/EXI_prg.o
 .comment       0x00000030       0x31 MCAL/GIE/GIE_prg.o
 .comment       0x00000030       0x31 MCAL/SPI/SPI_prg.o
 .comment       0x00000030       0x31 MCAL/TIMER/TIMER_prg.o
 .comment       0x00000030       0x31 MCAL/UART/UART_prg.o

.note.gnu.avr.deviceinfo
                0x00000000       0x3c
 .note.gnu.avr.deviceinfo
                0x00000000       0x3c c:/program files (x86)/atmel/studio/7.0/toolchain/avr8/avr8-gnu-toolchain/bin/../lib/gcc/avr/5.4.0/../../../../avr/lib/avr5/crtatmega32.o

.note.gnu.build-id
 *(.note.gnu.build-id)

.debug
 *(.debug)

.line
 *(.line)

.debug_srcinfo
 *(.debug_srcinfo)

.debug_sfnames
 *(.debug_sfnames)

.debug_aranges  0x00000000      0x2e0
 *(.debug_aranges)
 .debug_aranges
                0x00000000       0x38 APP/LogicAnalyzer/LogicAnalyzer_prg.o
 .debug_aranges
                0x00000038       0x20 APP/main.o
 .debug_aranges
                0x00000058       0x38 MCAL/ADC/ADC_prg.o
 .debug_aranges
                0x00000090       0x58 MCAL/DIO/DIO_prg.o
 .debug_aranges
                0x000000e8       0x50 MCAL/EXI/EXI_prg.o
 .debug_aranges
                0x00000138       0x28 MCAL/GIE/GIE_prg.o
 .debug_aranges
                0x00000160       0x58 MCAL/SPI/SPI_prg.o
 .debug_aranges
                0x000001b8       0xc0 MCAL/TIMER/TIMER_prg.o
 .debug_aranges
                0x00000278       0x68 MCAL/UART/UART_prg.o

.debug_pubnames
 *(.debug_pubnames)

.debug_info     0x00000000     0x1daa
 *(.debug_info .gnu.linkonce.wi.*)
 .debug_info    0x00000000      0x4e6 c:/program files (x86)/atmel/studio/7.0/toolchain/avr8/avr8-gnu-toolchain/bin/../lib/gcc/avr/5.4.0/../../../../avr/lib/avr5/crtatmega32.o
 .debug_info    0x000004e6      0x543 APP/LogicAnalyzer/LogicAnalyzer_prg.o
 .debug_info    0x00000a29       0xca APP/main.o
 .debug_info    0x00000af3      0x13c MCAL/ADC/ADC_prg.o
 .debug_info    0x00000c2f      0x244 MCAL/DIO/DIO_prg.o
 .debug_info    0x00000e73      0x230 MCAL/EXI/EXI_prg.o
 .debug_info    0x000010a3       0xc3 MCAL/GIE/GIE_prg.o
 .debug_info    0x00001166      0x2db MCAL/SPI/SPI_prg.o
 .debug_info    0x00001441      0x6ab MCAL/TIMER/TIMER_prg.o
 .debug_info    0x00001aec      0x2be MCAL/UART/UART_prg.o

.debug_abbrev   0x00000000      0xf1a
 *(.debug_abbrev)
 .debug_abbrev  0x00000000      0x4a3 c:/program files (x86)/atmel/studio/7.0/toolchain/avr8/avr8-gnu-toolchain/bin/../lib/gcc/avr/5.4.0/../../../../avr/lib/avr5/crtatmega32.o
 .debug_abbrev  0x000004a3      0x1ec APP/LogicAnalyzer/LogicAnalyzer_prg.o
 .debug_abbrev  0x0000068f       0x68 APP/main.o
 .debug_abbrev  0x000006f7       0xe9 MCAL/ADC/ADC_prg.o
 .debug_abbrev  0x000007e0       0xba MCAL/DIO/DIO_prg.o
 .debug_abbrev  0x0000089a       0xc4 MCAL/EXI/EXI_prg.o
 .debug_abbrev  0x0000095e       0x5c MCAL/GIE/GIE_prg.o
 .debug_abbrev  0x000009ba      0x15c MCAL/SPI/SPI_prg.o
 .debug_abbrev  0x00000b16      0x26b MCAL/TIMER/TIMER_prg.o
 .debug_abbrev  0x00000d81      0x199 MCAL/UART/UART_prg.o

.debug_line     0x00000000     0x116b
 *(.debug_line .debug_line.* .debug_line_end)
 .debug_line    0x00000000       0x1a c:/program files (x86)/atmel/studio/7.0/toolchain/avr8/avr8-gnu-toolchain/bin/../lib/gcc/avr/5.4.0/../../../../avr/lib/avr5/crtatmega32.o
 .debug_line    0x0000001a      0x31f APP/LogicAnalyzer/LogicAnalyzer_prg.o
 .debug_line    0x00000339       0x77 APP/main.o
 .debug_line    0x000003b0      0x102 MCAL/ADC/ADC_prg.o
 .debug_line    0x000004b2      0x25d MCAL/DIO/DIO_prg.o
 .debug_line    0x0000070f      0x17b MCAL/EXI/EXI_prg.o
 .debug_line    0x0000088a       0x91 MCAL/GIE/GIE_prg.o
 .debug_line    0x0000091b      0x228 MCAL/SPI/SPI_prg.o
 .debug_line    0x00000b43      0x3f0 MCAL/TIMER/TIMER_prg.o
 .debug_line    0x00000f33      0x238 MCAL/UART/UART_prg.o

.debug_frame    0x00000000      0x8e0
 *(.debug_frame)
 .debug_frame   0x00000000       0x7c APP/LogicAnalyzer/LogicAnalyzer_prg.o
 .debug_frame   0x0000007c       0x24 APP/main.o
 .debug_frame   0x000000a0       0x9c MCAL/ADC/ADC_prg.o
 .debug_frame   0x0000013c       0x94 MCAL/DIO/DIO_prg.o
 .debug_frame   0x000001d0      0x15c MCAL/EXI/EXI_prg.o
 .debug_frame   0x0000032c       0x34 MCAL/GIE/GIE_prg.o
 .debug_frame   0x00000360       0xf4 MCAL/SPI/SPI_prg.o
 .debug_frame   0x00000454      0x338 MCAL/TIMER/TIMER_prg.o
 .debug_frame   0x0000078c      0x154 MCAL/UART/UART_prg.o

.debug_str      0x00000000      0xc94
 *(.debug_str)
 .debug_str     0x00000000      0x196 c:/program files (x86)/atmel/studio/7.0/toolchain/avr8/avr8-gnu-toolchain/bin/../lib/gcc/avr/5.4.0/../../../../avr/lib/avr5/crtatmega32.o
 .debug_str     0x00000196      0x365 APP/LogicAnalyzer/LogicAnalyzer_prg.o
                                0x399 (size before relaxing)
 .debug_str     0x000004fb       0x6d APP/main.o
                                0x1d3 (size before relaxing)
 .debug_str     0x00000568       0xf4 MCAL/ADC/ADC_prg.o
                                0x1fe (size before relaxing)
 .debug_str     0x0000065c       0x7f MCAL/DIO/DIO_prg.o
                                0x236 (size before relaxing)
 .debug_str     0x000006db       0xa2 MCAL/EXI/EXI_prg.o
                                0x228 (size before relaxing)
 .debug_str     0x0000077d       0x32 MCAL/GIE/GIE_prg.o
                                0x1b2 (size before relaxing)
 .debug_str     0x000007af       0xc4 MCAL/SPI/SPI_prg.o
                                0x25c (size before relaxing)
 .debug_str     0x00000873      0x36c MCAL/TIMER/TIMER_prg.o
                                0x539 (size before relaxing)
 .debug_str     0x00000bdf       0xb5 MCAL/UART/UART_prg.o
                                0x2bb (size before relaxing)

.debug_loc      0x00000000     0x1515
 *(.debug_loc)
 .debug_loc     0x00000000      0x274 APP/LogicAnalyzer/LogicAnalyzer_prg.o
 .debug_loc     0x00000274      0x10d MCAL/ADC/ADC_prg.o
 .debug_loc     0x00000381      0x2ad MCAL/DIO/DIO_prg.o
 .debug_loc     0x0000062e      0x261 MCAL/EXI/EXI_prg.o
 .debug_loc     0x0000088f      0x1a5 MCAL/SPI/SPI_prg.o
 .debug_loc     0x00000a34      0x7f6 MCAL/TIMER/TIMER_prg.o
 .debug_loc     0x0000122a      0x2eb MCAL/UART/UART_prg.o

.debug_macinfo
 *(.debug_macinfo)

.debug_weaknames
 *(.debug_weaknames)

.debug_funcnames
 *(.debug_funcnames)

.debug_typenames
 *(.debug_typenames)

.debug_varnames
 *(.debug_varnames)

.debug_pubtypes
 *(.debug_pubtypes)

.debug_ranges   0x00000000      0x250
 *(.debug_ranges)
 .debug_ranges  0x00000000       0x28 APP/LogicAnalyzer/LogicAnalyzer_prg.o
 .debug_ranges  0x00000028       0x10 APP/main.o
 .debug_ranges  0x00000038       0x28 MCAL/ADC/ADC_prg.o
 .debug_ranges  0x00000060       0x48 MCAL/DIO/DIO_prg.o
 .debug_ranges  0x000000a8       0x40 MCAL/EXI/EXI_prg.o
 .debug_ranges  0x000000e8       0x18 MCAL/GIE/GIE_prg.o
 .debug_ranges  0x00000100       0x48 MCAL/SPI/SPI_prg.o
 .debug_ranges  0x00000148       0xb0 MCAL/TIMER/TIMER_prg.o
 .debug_ranges  0x000001f8       0x58 MCAL/UART/UART_prg.o

.debug_macro
 *(.debug_macro)
OUTPUT(Computer Interface Lap.elf elf32-avr)
LOAD linker stubs
