Archive member included to satisfy reference by file (symbol)

d:/engineering/3rd year (computer dep.)/2nd term/avr studio/7.0/toolchain/avr8/avr8-gnu-toolchain/bin/../lib/gcc/avr/5.4.0/../../../../avr/lib/avr5\libm.a(addsf3.o)
                              MCAL/TIMER/TIMER_prg.o (__subsf3)
d:/engineering/3rd year (computer dep.)/2nd term/avr studio/7.0/toolchain/avr8/avr8-gnu-toolchain/bin/../lib/gcc/avr/5.4.0/../../../../avr/lib/avr5\libm.a(addsf3x.o)
                              d:/engineering/3rd year (computer dep.)/2nd term/avr studio/7.0/toolchain/avr8/avr8-gnu-toolchain/bin/../lib/gcc/avr/5.4.0/../../../../avr/lib/avr5\libm.a(addsf3.o) (__addsf3x)
d:/engineering/3rd year (computer dep.)/2nd term/avr studio/7.0/toolchain/avr8/avr8-gnu-toolchain/bin/../lib/gcc/avr/5.4.0/../../../../avr/lib/avr5\libm.a(divsf3.o)
                              HAL/TEMPS/TEMPS_prg.o (__divsf3)
d:/engineering/3rd year (computer dep.)/2nd term/avr studio/7.0/toolchain/avr8/avr8-gnu-toolchain/bin/../lib/gcc/avr/5.4.0/../../../../avr/lib/avr5\libm.a(divsf3x.o)
                              d:/engineering/3rd year (computer dep.)/2nd term/avr studio/7.0/toolchain/avr8/avr8-gnu-toolchain/bin/../lib/gcc/avr/5.4.0/../../../../avr/lib/avr5\libm.a(divsf3.o) (__divsf3x)
d:/engineering/3rd year (computer dep.)/2nd term/avr studio/7.0/toolchain/avr8/avr8-gnu-toolchain/bin/../lib/gcc/avr/5.4.0/../../../../avr/lib/avr5\libm.a(fixunssfsi.o)
                              APP/LAB2/lab2_prg.o (__fixunssfsi)
d:/engineering/3rd year (computer dep.)/2nd term/avr studio/7.0/toolchain/avr8/avr8-gnu-toolchain/bin/../lib/gcc/avr/5.4.0/../../../../avr/lib/avr5\libm.a(floatsisf.o)
                              HAL/TEMPS/TEMPS_prg.o (__floatunsisf)
d:/engineering/3rd year (computer dep.)/2nd term/avr studio/7.0/toolchain/avr8/avr8-gnu-toolchain/bin/../lib/gcc/avr/5.4.0/../../../../avr/lib/avr5\libm.a(fp_inf.o)
                              d:/engineering/3rd year (computer dep.)/2nd term/avr studio/7.0/toolchain/avr8/avr8-gnu-toolchain/bin/../lib/gcc/avr/5.4.0/../../../../avr/lib/avr5\libm.a(addsf3x.o) (__fp_inf)
d:/engineering/3rd year (computer dep.)/2nd term/avr studio/7.0/toolchain/avr8/avr8-gnu-toolchain/bin/../lib/gcc/avr/5.4.0/../../../../avr/lib/avr5\libm.a(fp_nan.o)
                              d:/engineering/3rd year (computer dep.)/2nd term/avr studio/7.0/toolchain/avr8/avr8-gnu-toolchain/bin/../lib/gcc/avr/5.4.0/../../../../avr/lib/avr5\libm.a(addsf3x.o) (__fp_nan)
d:/engineering/3rd year (computer dep.)/2nd term/avr studio/7.0/toolchain/avr8/avr8-gnu-toolchain/bin/../lib/gcc/avr/5.4.0/../../../../avr/lib/avr5\libm.a(fp_pscA.o)
                              d:/engineering/3rd year (computer dep.)/2nd term/avr studio/7.0/toolchain/avr8/avr8-gnu-toolchain/bin/../lib/gcc/avr/5.4.0/../../../../avr/lib/avr5\libm.a(addsf3x.o) (__fp_pscA)
d:/engineering/3rd year (computer dep.)/2nd term/avr studio/7.0/toolchain/avr8/avr8-gnu-toolchain/bin/../lib/gcc/avr/5.4.0/../../../../avr/lib/avr5\libm.a(fp_pscB.o)
                              d:/engineering/3rd year (computer dep.)/2nd term/avr studio/7.0/toolchain/avr8/avr8-gnu-toolchain/bin/../lib/gcc/avr/5.4.0/../../../../avr/lib/avr5\libm.a(addsf3x.o) (__fp_pscB)
d:/engineering/3rd year (computer dep.)/2nd term/avr studio/7.0/toolchain/avr8/avr8-gnu-toolchain/bin/../lib/gcc/avr/5.4.0/../../../../avr/lib/avr5\libm.a(fp_round.o)
                              d:/engineering/3rd year (computer dep.)/2nd term/avr studio/7.0/toolchain/avr8/avr8-gnu-toolchain/bin/../lib/gcc/avr/5.4.0/../../../../avr/lib/avr5\libm.a(addsf3.o) (__fp_round)
d:/engineering/3rd year (computer dep.)/2nd term/avr studio/7.0/toolchain/avr8/avr8-gnu-toolchain/bin/../lib/gcc/avr/5.4.0/../../../../avr/lib/avr5\libm.a(fp_split3.o)
                              d:/engineering/3rd year (computer dep.)/2nd term/avr studio/7.0/toolchain/avr8/avr8-gnu-toolchain/bin/../lib/gcc/avr/5.4.0/../../../../avr/lib/avr5\libm.a(addsf3x.o) (__fp_split3)
d:/engineering/3rd year (computer dep.)/2nd term/avr studio/7.0/toolchain/avr8/avr8-gnu-toolchain/bin/../lib/gcc/avr/5.4.0/../../../../avr/lib/avr5\libm.a(fp_zero.o)
                              d:/engineering/3rd year (computer dep.)/2nd term/avr studio/7.0/toolchain/avr8/avr8-gnu-toolchain/bin/../lib/gcc/avr/5.4.0/../../../../avr/lib/avr5\libm.a(addsf3x.o) (__fp_zero)
d:/engineering/3rd year (computer dep.)/2nd term/avr studio/7.0/toolchain/avr8/avr8-gnu-toolchain/bin/../lib/gcc/avr/5.4.0/../../../../avr/lib/avr5\libm.a(mulsf3.o)
                              HAL/TEMPS/TEMPS_prg.o (__mulsf3)
d:/engineering/3rd year (computer dep.)/2nd term/avr studio/7.0/toolchain/avr8/avr8-gnu-toolchain/bin/../lib/gcc/avr/5.4.0/../../../../avr/lib/avr5\libm.a(mulsf3x.o)
                              d:/engineering/3rd year (computer dep.)/2nd term/avr studio/7.0/toolchain/avr8/avr8-gnu-toolchain/bin/../lib/gcc/avr/5.4.0/../../../../avr/lib/avr5\libm.a(mulsf3.o) (__mulsf3x)
d:/engineering/3rd year (computer dep.)/2nd term/avr studio/7.0/toolchain/avr8/avr8-gnu-toolchain/bin/../lib/gcc/avr/5.4.0/avr5\libgcc.a(_exit.o)
                              d:/engineering/3rd year (computer dep.)/2nd term/avr studio/7.0/toolchain/avr8/avr8-gnu-toolchain/bin/../lib/gcc/avr/5.4.0/../../../../avr/lib/avr5/crtatmega32.o (exit)
d:/engineering/3rd year (computer dep.)/2nd term/avr studio/7.0/toolchain/avr8/avr8-gnu-toolchain/bin/../lib/gcc/avr/5.4.0/avr5\libgcc.a(_copy_data.o)
                              APP/LAB2/lab2_prg.o (__do_copy_data)
d:/engineering/3rd year (computer dep.)/2nd term/avr studio/7.0/toolchain/avr8/avr8-gnu-toolchain/bin/../lib/gcc/avr/5.4.0/avr5\libgcc.a(_clear_bss.o)
                              APP/LAB3/LAB3_prg.o (__do_clear_bss)
d:/engineering/3rd year (computer dep.)/2nd term/avr studio/7.0/toolchain/avr8/avr8-gnu-toolchain/bin/../lib/gcc/avr/5.4.0/../../../../avr/lib/avr5\libc.a(sprintf.o)
                              APP/LAB2/lab2_prg.o (sprintf)
d:/engineering/3rd year (computer dep.)/2nd term/avr studio/7.0/toolchain/avr8/avr8-gnu-toolchain/bin/../lib/gcc/avr/5.4.0/../../../../avr/lib/avr5\libc.a(vfprintf_std.o)
                              d:/engineering/3rd year (computer dep.)/2nd term/avr studio/7.0/toolchain/avr8/avr8-gnu-toolchain/bin/../lib/gcc/avr/5.4.0/../../../../avr/lib/avr5\libc.a(sprintf.o) (vfprintf)
d:/engineering/3rd year (computer dep.)/2nd term/avr studio/7.0/toolchain/avr8/avr8-gnu-toolchain/bin/../lib/gcc/avr/5.4.0/../../../../avr/lib/avr5\libc.a(strnlen_P.o)
                              d:/engineering/3rd year (computer dep.)/2nd term/avr studio/7.0/toolchain/avr8/avr8-gnu-toolchain/bin/../lib/gcc/avr/5.4.0/../../../../avr/lib/avr5\libc.a(vfprintf_std.o) (strnlen_P)
d:/engineering/3rd year (computer dep.)/2nd term/avr studio/7.0/toolchain/avr8/avr8-gnu-toolchain/bin/../lib/gcc/avr/5.4.0/../../../../avr/lib/avr5\libc.a(strnlen.o)
                              d:/engineering/3rd year (computer dep.)/2nd term/avr studio/7.0/toolchain/avr8/avr8-gnu-toolchain/bin/../lib/gcc/avr/5.4.0/../../../../avr/lib/avr5\libc.a(vfprintf_std.o) (strnlen)
d:/engineering/3rd year (computer dep.)/2nd term/avr studio/7.0/toolchain/avr8/avr8-gnu-toolchain/bin/../lib/gcc/avr/5.4.0/../../../../avr/lib/avr5\libc.a(fputc.o)
                              d:/engineering/3rd year (computer dep.)/2nd term/avr studio/7.0/toolchain/avr8/avr8-gnu-toolchain/bin/../lib/gcc/avr/5.4.0/../../../../avr/lib/avr5\libc.a(vfprintf_std.o) (fputc)
d:/engineering/3rd year (computer dep.)/2nd term/avr studio/7.0/toolchain/avr8/avr8-gnu-toolchain/bin/../lib/gcc/avr/5.4.0/../../../../avr/lib/avr5\libc.a(ultoa_invert.o)
                              d:/engineering/3rd year (computer dep.)/2nd term/avr studio/7.0/toolchain/avr8/avr8-gnu-toolchain/bin/../lib/gcc/avr/5.4.0/../../../../avr/lib/avr5\libc.a(vfprintf_std.o) (__ultoa_invert)
d:/engineering/3rd year (computer dep.)/2nd term/avr studio/7.0/toolchain/avr8/avr8-gnu-toolchain/bin/../lib/gcc/avr/5.4.0/avr5\libgcc.a(_prologue.o)
                              d:/engineering/3rd year (computer dep.)/2nd term/avr studio/7.0/toolchain/avr8/avr8-gnu-toolchain/bin/../lib/gcc/avr/5.4.0/../../../../avr/lib/avr5\libc.a(sprintf.o) (__prologue_saves__)
d:/engineering/3rd year (computer dep.)/2nd term/avr studio/7.0/toolchain/avr8/avr8-gnu-toolchain/bin/../lib/gcc/avr/5.4.0/avr5\libgcc.a(_epilogue.o)
                              d:/engineering/3rd year (computer dep.)/2nd term/avr studio/7.0/toolchain/avr8/avr8-gnu-toolchain/bin/../lib/gcc/avr/5.4.0/../../../../avr/lib/avr5\libc.a(sprintf.o) (__epilogue_restores__)

Allocating common symbols
Common symbol       size              file

GLB_PTRF_TIM0_OVF   0x2               MCAL/TIMER/TIMER_prg.o
GLB_PTRF_TIM1_CTC   0x2               MCAL/TIMER/TIMER_prg.o
GLB_PTR_FUNC        0x2               MCAL/SPI/SPI_prg.o
GLB_PTRF_TIM2_CTC   0x2               MCAL/TIMER/TIMER_prg.o
GLB_PTRF_TIM0_CTC   0x2               MCAL/TIMER/TIMER_prg.o
G_vISRptr           0x2               MCAL/ADC/ADC_prg.o
GLB_PTRF_TIM2_OVF   0x2               MCAL/TIMER/TIMER_prg.o
GLB_PTRF_TIM1_OVF   0x2               MCAL/TIMER/TIMER_prg.o
G_PTR_FUNC_RX       0x2               MCAL/UART/UART_prg.o
GLB_PTRF_TIM1_ICU   0x2               MCAL/TIMER/TIMER_prg.o

Discarded input sections

 .data          0x00000000        0x0 d:/engineering/3rd year (computer dep.)/2nd term/avr studio/7.0/toolchain/avr8/avr8-gnu-toolchain/bin/../lib/gcc/avr/5.4.0/../../../../avr/lib/avr5/crtatmega32.o
 .bss           0x00000000        0x0 d:/engineering/3rd year (computer dep.)/2nd term/avr studio/7.0/toolchain/avr8/avr8-gnu-toolchain/bin/../lib/gcc/avr/5.4.0/../../../../avr/lib/avr5/crtatmega32.o
 .text          0x00000000        0x0 APP/LAB2/lab2_prg.o
 .data          0x00000000        0x0 APP/LAB2/lab2_prg.o
 .bss           0x00000000        0x0 APP/LAB2/lab2_prg.o
 .text.sendCharA
                0x00000000        0x6 APP/LAB2/lab2_prg.o
 .text.sendCharZ
                0x00000000        0x6 APP/LAB2/lab2_prg.o
 .text.controller
                0x00000000       0x3c APP/LAB2/lab2_prg.o
 .text.lab2_vSetup
                0x00000000       0x40 APP/LAB2/lab2_prg.o
 .rodata.str1.1
                0x00000000        0x3 APP/LAB2/lab2_prg.o
 .text.lab2_vloop
                0x00000000       0x70 APP/LAB2/lab2_prg.o
 .debug_info    0x00000000      0x3d0 APP/LAB2/lab2_prg.o
 .debug_abbrev  0x00000000      0x18a APP/LAB2/lab2_prg.o
 .debug_loc     0x00000000       0xc8 APP/LAB2/lab2_prg.o
 .debug_aranges
                0x00000000       0x40 APP/LAB2/lab2_prg.o
 .debug_ranges  0x00000000       0x30 APP/LAB2/lab2_prg.o
 .debug_line    0x00000000      0x23a APP/LAB2/lab2_prg.o
 .debug_str     0x00000000      0x2c3 APP/LAB2/lab2_prg.o
 .comment       0x00000000       0x31 APP/LAB2/lab2_prg.o
 .debug_frame   0x00000000       0x80 APP/LAB2/lab2_prg.o
 .text          0x00000000        0x0 APP/LAB3/LAB3_prg.o
 .data          0x00000000        0x0 APP/LAB3/LAB3_prg.o
 .bss           0x00000000        0x0 APP/LAB3/LAB3_prg.o
 .text.dataHandler
                0x00000000       0x76 APP/LAB3/LAB3_prg.o
 .text.LAB3_vInit
                0x00000000       0x1a APP/LAB3/LAB3_prg.o
 .text.LAB3_vUpdate
                0x00000000      0x172 APP/LAB3/LAB3_prg.o
 .bss.L_u8Index.1912
                0x00000000        0x1 APP/LAB3/LAB3_prg.o
 .bss.L_u8Flag.1913
                0x00000000        0x1 APP/LAB3/LAB3_prg.o
 .data.G_u8IsBufferReady
                0x00000000        0x1 APP/LAB3/LAB3_prg.o
 .bss.G_u8Buffer
                0x00000000       0x10 APP/LAB3/LAB3_prg.o
 .debug_info    0x00000000      0x3c7 APP/LAB3/LAB3_prg.o
 .debug_abbrev  0x00000000      0x19b APP/LAB3/LAB3_prg.o
 .debug_loc     0x00000000      0x330 APP/LAB3/LAB3_prg.o
 .debug_aranges
                0x00000000       0x30 APP/LAB3/LAB3_prg.o
 .debug_ranges  0x00000000       0x20 APP/LAB3/LAB3_prg.o
 .debug_line    0x00000000      0x386 APP/LAB3/LAB3_prg.o
 .debug_str     0x00000000      0x2fa APP/LAB3/LAB3_prg.o
 .comment       0x00000000       0x31 APP/LAB3/LAB3_prg.o
 .debug_frame   0x00000000       0x58 APP/LAB3/LAB3_prg.o
 .text          0x00000000        0x0 APP/main.o
 .data          0x00000000        0x0 APP/main.o
 .bss           0x00000000        0x0 APP/main.o
 .text          0x00000000        0x0 APP/WaveGen/WaveGen_prg.o
 .data          0x00000000        0x0 APP/WaveGen/WaveGen_prg.o
 .bss           0x00000000        0x0 APP/WaveGen/WaveGen_prg.o
 .data.sine_value
                0x00000000       0x25 APP/WaveGen/WaveGen_prg.o
 .text          0x00000000        0x0 HAL/LCD/LCD_prg.o
 .data          0x00000000        0x0 HAL/LCD/LCD_prg.o
 .bss           0x00000000        0x0 HAL/LCD/LCD_prg.o
 .text.LCD_vWriteCommand
                0x00000000       0x36 HAL/LCD/LCD_prg.o
 .text.LCD_vInit
                0x00000000       0x66 HAL/LCD/LCD_prg.o
 .text.LCD_vDisplayChar
                0x00000000       0x36 HAL/LCD/LCD_prg.o
 .text.LCD_vDisplayString
                0x00000000       0x28 HAL/LCD/LCD_prg.o
 .rodata.str1.1
                0x00000000        0x6 HAL/LCD/LCD_prg.o
 .text.LCD_vDisplayNumInteger
                0x00000000       0x5c HAL/LCD/LCD_prg.o
 .text.LCD_vDisplayNumFloat
                0x00000000       0x5c HAL/LCD/LCD_prg.o
 .text.LCD_vClearDisplay
                0x00000000       0x14 HAL/LCD/LCD_prg.o
 .text.LCD_vSetPostion
                0x00000000       0x16 HAL/LCD/LCD_prg.o
 .text.LCD_vShiftRight
                0x00000000       0x32 HAL/LCD/LCD_prg.o
 .text.LCD_vShiftLeft
                0x00000000       0x32 HAL/LCD/LCD_prg.o
 .text.LCD_vReturnHome
                0x00000000       0x14 HAL/LCD/LCD_prg.o
 .text.LCD_vWriteSpecialChar
                0x00000000       0x54 HAL/LCD/LCD_prg.o
 .debug_info    0x00000000      0x8ba HAL/LCD/LCD_prg.o
 .debug_abbrev  0x00000000      0x238 HAL/LCD/LCD_prg.o
 .debug_loc     0x00000000      0x72e HAL/LCD/LCD_prg.o
 .debug_aranges
                0x00000000       0x78 HAL/LCD/LCD_prg.o
 .debug_ranges  0x00000000       0x68 HAL/LCD/LCD_prg.o
 .debug_line    0x00000000      0x3f9 HAL/LCD/LCD_prg.o
 .debug_str     0x00000000      0x3ae HAL/LCD/LCD_prg.o
 .comment       0x00000000       0x31 HAL/LCD/LCD_prg.o
 .debug_frame   0x00000000      0x174 HAL/LCD/LCD_prg.o
 .text          0x00000000        0x0 HAL/TEMPS/TEMPS_prg.o
 .data          0x00000000        0x0 HAL/TEMPS/TEMPS_prg.o
 .bss           0x00000000        0x0 HAL/TEMPS/TEMPS_prg.o
 .text.TEMPS_vInit
                0x00000000        0x4 HAL/TEMPS/TEMPS_prg.o
 .text.TEMPS_f32GetTemp
                0x00000000       0x36 HAL/TEMPS/TEMPS_prg.o
 .debug_info    0x00000000      0x117 HAL/TEMPS/TEMPS_prg.o
 .debug_abbrev  0x00000000       0xa6 HAL/TEMPS/TEMPS_prg.o
 .debug_loc     0x00000000       0xcc HAL/TEMPS/TEMPS_prg.o
 .debug_aranges
                0x00000000       0x28 HAL/TEMPS/TEMPS_prg.o
 .debug_ranges  0x00000000       0x18 HAL/TEMPS/TEMPS_prg.o
 .debug_line    0x00000000       0xbd HAL/TEMPS/TEMPS_prg.o
 .debug_str     0x00000000      0x203 HAL/TEMPS/TEMPS_prg.o
 .comment       0x00000000       0x31 HAL/TEMPS/TEMPS_prg.o
 .debug_frame   0x00000000       0x34 HAL/TEMPS/TEMPS_prg.o
 .text          0x00000000        0x0 MCAL/ADC/ADC_prg.o
 .data          0x00000000        0x0 MCAL/ADC/ADC_prg.o
 .bss           0x00000000        0x0 MCAL/ADC/ADC_prg.o
 .text.ADC_vInit
                0x00000000       0x16 MCAL/ADC/ADC_prg.o
 .text.ADC_u16ReadDigitalDataSync
                0x00000000       0x16 MCAL/ADC/ADC_prg.o
 .text.ADC_vReadDigitalDataAsync
                0x00000000       0x16 MCAL/ADC/ADC_prg.o
 .text          0x00000000        0x0 MCAL/DIO/DIO_prg.o
 .data          0x00000000        0x0 MCAL/DIO/DIO_prg.o
 .bss           0x00000000        0x0 MCAL/DIO/DIO_prg.o
 .text.DIO_vSetPinVal
                0x00000000       0xa2 MCAL/DIO/DIO_prg.o
 .text.DIO_vTogPinVal
                0x00000000       0x60 MCAL/DIO/DIO_prg.o
 .text.DIO_u8GetPinVal
                0x00000000       0x30 MCAL/DIO/DIO_prg.o
 .text.DIO_vTogPortVal
                0x00000000       0x30 MCAL/DIO/DIO_prg.o
 .text.DIO_u8GetPortVal
                0x00000000       0x20 MCAL/DIO/DIO_prg.o
 .text          0x00000000        0x0 MCAL/EXI/EXI_prg.o
 .data          0x00000000        0x0 MCAL/EXI/EXI_prg.o
 .bss           0x00000000        0x0 MCAL/EXI/EXI_prg.o
 .text.EXI_vINT0_Init
                0x00000000       0x24 MCAL/EXI/EXI_prg.o
 .text.EXI_vINT1_Init
                0x00000000       0x24 MCAL/EXI/EXI_prg.o
 .text.EXI_vINT2_Init
                0x00000000       0x22 MCAL/EXI/EXI_prg.o
 .text.EXI_vRegFunc
                0x00000000       0x2a MCAL/EXI/EXI_prg.o
 .text          0x00000000        0x0 MCAL/GIE/GIE_prg.o
 .data          0x00000000        0x0 MCAL/GIE/GIE_prg.o
 .bss           0x00000000        0x0 MCAL/GIE/GIE_prg.o
 .text.GIE_vDisableGlobalInterrupt
                0x00000000        0x8 MCAL/GIE/GIE_prg.o
 .text          0x00000000        0x0 MCAL/I2C/I2C_prg.o
 .data          0x00000000        0x0 MCAL/I2C/I2C_prg.o
 .bss           0x00000000        0x0 MCAL/I2C/I2C_prg.o
 .text.I2C_vMasterInit
                0x00000000       0x18 MCAL/I2C/I2C_prg.o
 .text.I2C_vSlaveInit
                0x00000000        0xc MCAL/I2C/I2C_prg.o
 .text.I2C_SendStartCondition
                0x00000000       0x18 MCAL/I2C/I2C_prg.o
 .text.I2C_SendRepeatedStart
                0x00000000       0x1a MCAL/I2C/I2C_prg.o
 .text.I2C_MasterWriteDataByte
                0x00000000       0x1c MCAL/I2C/I2C_prg.o
 .text.I2C_MasterReadDataByteNACK
                0x00000000       0x20 MCAL/I2C/I2C_prg.o
 .text.I2C_MasterReadDataByteACK
                0x00000000       0x2a MCAL/I2C/I2C_prg.o
 .text.I2C_SendSlaveAddressWithWrite
                0x00000000       0x20 MCAL/I2C/I2C_prg.o
 .text.I2C_SendSlaveAddressWithRead
                0x00000000       0x20 MCAL/I2C/I2C_prg.o
 .text.I2C_SendStopCondition
                0x00000000        0x6 MCAL/I2C/I2C_prg.o
 .debug_info    0x00000000      0x2a9 MCAL/I2C/I2C_prg.o
 .debug_abbrev  0x00000000       0xe0 MCAL/I2C/I2C_prg.o
 .debug_loc     0x00000000      0x1e4 MCAL/I2C/I2C_prg.o
 .debug_aranges
                0x00000000       0x68 MCAL/I2C/I2C_prg.o
 .debug_ranges  0x00000000       0x58 MCAL/I2C/I2C_prg.o
 .debug_line    0x00000000      0x28e MCAL/I2C/I2C_prg.o
 .debug_str     0x00000000      0x321 MCAL/I2C/I2C_prg.o
 .comment       0x00000000       0x31 MCAL/I2C/I2C_prg.o
 .debug_frame   0x00000000       0xb4 MCAL/I2C/I2C_prg.o
 .text          0x00000000        0x0 MCAL/SPI/SPI_prg.o
 .data          0x00000000        0x0 MCAL/SPI/SPI_prg.o
 .bss           0x00000000        0x0 MCAL/SPI/SPI_prg.o
 .text.SPI_vMasterInit
                0x00000000       0x3c MCAL/SPI/SPI_prg.o
 .text.SPI_vSlaveInit
                0x00000000       0x3c MCAL/SPI/SPI_prg.o
 .text.SPI_u8Traceiver
                0x00000000        0xa MCAL/SPI/SPI_prg.o
 .text.SPI_vTransmitData
                0x00000000        0x8 MCAL/SPI/SPI_prg.o
 .text.SPI_vTransmitString
                0x00000000       0x18 MCAL/SPI/SPI_prg.o
 .text.SPI_u8ReceiveData
                0x00000000        0x8 MCAL/SPI/SPI_prg.o
 .text.SPI_vReciceveDataAsync
                0x00000000       0x1a MCAL/SPI/SPI_prg.o
 .text          0x00000000        0x0 MCAL/TIMER/TIMER_prg.o
 .data          0x00000000        0x0 MCAL/TIMER/TIMER_prg.o
 .bss           0x00000000        0x0 MCAL/TIMER/TIMER_prg.o
 .text.TIMER_vSetPreLoad
                0x00000000       0x1a MCAL/TIMER/TIMER_prg.o
 .text.TIMER_vSetOcrValue
                0x00000000       0x1a MCAL/TIMER/TIMER_prg.o
 .text.TIMER_vSetOCR1AWValue
                0x00000000        0x6 MCAL/TIMER/TIMER_prg.o
 .text.TIMER_vSetOCR1BWValue
                0x00000000        0x6 MCAL/TIMER/TIMER_prg.o
 .text.TIMER_vSetICR1WValue
                0x00000000        0x6 MCAL/TIMER/TIMER_prg.o
 .text.TIMER_vDelayMS
                0x00000000       0x2a MCAL/TIMER/TIMER_prg.o
 .text.TIMER_u16GetICU
                0x00000000        0x6 MCAL/TIMER/TIMER_prg.o
 .text.TIMER_vsetCallBackFunctionOvfTIMER1
                0x00000000        0xa MCAL/TIMER/TIMER_prg.o
 .text.TIMER_vsetCallBackFunctionIcuTIMER1
                0x00000000        0xa MCAL/TIMER/TIMER_prg.o
 .text.TIMER_vCongfigureICU
                0x00000000       0x48 MCAL/TIMER/TIMER_prg.o
 .text.TIMER_vDisableIntICU
                0x00000000        0x8 MCAL/TIMER/TIMER_prg.o
 .text.TIMER_vSetTriggeringICU
                0x00000000       0x18 MCAL/TIMER/TIMER_prg.o
 .text          0x00000000        0x0 MCAL/UART/UART_prg.o
 .data          0x00000000        0x0 MCAL/UART/UART_prg.o
 .bss           0x00000000        0x0 MCAL/UART/UART_prg.o
 .text.UART_vSendData
                0x00000000        0x8 MCAL/UART/UART_prg.o
 .text.UART_vSendDataAsync
                0x00000000       0x12 MCAL/UART/UART_prg.o
 .text.UART_vSendString
                0x00000000       0x18 MCAL/UART/UART_prg.o
 .text.UART_u8GetData
                0x00000000        0x8 MCAL/UART/UART_prg.o
 .text.UART_vGetString
                0x00000000       0x42 MCAL/UART/UART_prg.o
 .text          0x00000000        0x0 MCAL/WDT/WDT_prg.o
 .data          0x00000000        0x0 MCAL/WDT/WDT_prg.o
 .bss           0x00000000        0x0 MCAL/WDT/WDT_prg.o
 .text.WDT_vEnable
                0x00000000        0x8 MCAL/WDT/WDT_prg.o
 .text.WDT_vDisable
                0x00000000        0x8 MCAL/WDT/WDT_prg.o
 .text.WDT_vSetSleep
                0x00000000        0xe MCAL/WDT/WDT_prg.o
 .debug_info    0x00000000       0xbe MCAL/WDT/WDT_prg.o
 .debug_abbrev  0x00000000       0x6d MCAL/WDT/WDT_prg.o
 .debug_loc     0x00000000       0x21 MCAL/WDT/WDT_prg.o
 .debug_aranges
                0x00000000       0x30 MCAL/WDT/WDT_prg.o
 .debug_ranges  0x00000000       0x20 MCAL/WDT/WDT_prg.o
 .debug_line    0x00000000       0xa6 MCAL/WDT/WDT_prg.o
 .debug_str     0x00000000      0x1b4 MCAL/WDT/WDT_prg.o
 .comment       0x00000000       0x31 MCAL/WDT/WDT_prg.o
 .debug_frame   0x00000000       0x44 MCAL/WDT/WDT_prg.o
 .text          0x00000000        0x0 d:/engineering/3rd year (computer dep.)/2nd term/avr studio/7.0/toolchain/avr8/avr8-gnu-toolchain/bin/../lib/gcc/avr/5.4.0/../../../../avr/lib/avr5\libm.a(addsf3.o)
 .data          0x00000000        0x0 d:/engineering/3rd year (computer dep.)/2nd term/avr studio/7.0/toolchain/avr8/avr8-gnu-toolchain/bin/../lib/gcc/avr/5.4.0/../../../../avr/lib/avr5\libm.a(addsf3.o)
 .bss           0x00000000        0x0 d:/engineering/3rd year (computer dep.)/2nd term/avr studio/7.0/toolchain/avr8/avr8-gnu-toolchain/bin/../lib/gcc/avr/5.4.0/../../../../avr/lib/avr5\libm.a(addsf3.o)
 .text          0x00000000        0x0 d:/engineering/3rd year (computer dep.)/2nd term/avr studio/7.0/toolchain/avr8/avr8-gnu-toolchain/bin/../lib/gcc/avr/5.4.0/../../../../avr/lib/avr5\libm.a(addsf3x.o)
 .data          0x00000000        0x0 d:/engineering/3rd year (computer dep.)/2nd term/avr studio/7.0/toolchain/avr8/avr8-gnu-toolchain/bin/../lib/gcc/avr/5.4.0/../../../../avr/lib/avr5\libm.a(addsf3x.o)
 .bss           0x00000000        0x0 d:/engineering/3rd year (computer dep.)/2nd term/avr studio/7.0/toolchain/avr8/avr8-gnu-toolchain/bin/../lib/gcc/avr/5.4.0/../../../../avr/lib/avr5\libm.a(addsf3x.o)
 .text          0x00000000        0x0 d:/engineering/3rd year (computer dep.)/2nd term/avr studio/7.0/toolchain/avr8/avr8-gnu-toolchain/bin/../lib/gcc/avr/5.4.0/../../../../avr/lib/avr5\libm.a(divsf3.o)
 .data          0x00000000        0x0 d:/engineering/3rd year (computer dep.)/2nd term/avr studio/7.0/toolchain/avr8/avr8-gnu-toolchain/bin/../lib/gcc/avr/5.4.0/../../../../avr/lib/avr5\libm.a(divsf3.o)
 .bss           0x00000000        0x0 d:/engineering/3rd year (computer dep.)/2nd term/avr studio/7.0/toolchain/avr8/avr8-gnu-toolchain/bin/../lib/gcc/avr/5.4.0/../../../../avr/lib/avr5\libm.a(divsf3.o)
 .text          0x00000000        0x0 d:/engineering/3rd year (computer dep.)/2nd term/avr studio/7.0/toolchain/avr8/avr8-gnu-toolchain/bin/../lib/gcc/avr/5.4.0/../../../../avr/lib/avr5\libm.a(divsf3x.o)
 .data          0x00000000        0x0 d:/engineering/3rd year (computer dep.)/2nd term/avr studio/7.0/toolchain/avr8/avr8-gnu-toolchain/bin/../lib/gcc/avr/5.4.0/../../../../avr/lib/avr5\libm.a(divsf3x.o)
 .bss           0x00000000        0x0 d:/engineering/3rd year (computer dep.)/2nd term/avr studio/7.0/toolchain/avr8/avr8-gnu-toolchain/bin/../lib/gcc/avr/5.4.0/../../../../avr/lib/avr5\libm.a(divsf3x.o)
 .text          0x00000000        0x0 d:/engineering/3rd year (computer dep.)/2nd term/avr studio/7.0/toolchain/avr8/avr8-gnu-toolchain/bin/../lib/gcc/avr/5.4.0/../../../../avr/lib/avr5\libm.a(fixunssfsi.o)
 .data          0x00000000        0x0 d:/engineering/3rd year (computer dep.)/2nd term/avr studio/7.0/toolchain/avr8/avr8-gnu-toolchain/bin/../lib/gcc/avr/5.4.0/../../../../avr/lib/avr5\libm.a(fixunssfsi.o)
 .bss           0x00000000        0x0 d:/engineering/3rd year (computer dep.)/2nd term/avr studio/7.0/toolchain/avr8/avr8-gnu-toolchain/bin/../lib/gcc/avr/5.4.0/../../../../avr/lib/avr5\libm.a(fixunssfsi.o)
 .text          0x00000000        0x0 d:/engineering/3rd year (computer dep.)/2nd term/avr studio/7.0/toolchain/avr8/avr8-gnu-toolchain/bin/../lib/gcc/avr/5.4.0/../../../../avr/lib/avr5\libm.a(floatsisf.o)
 .data          0x00000000        0x0 d:/engineering/3rd year (computer dep.)/2nd term/avr studio/7.0/toolchain/avr8/avr8-gnu-toolchain/bin/../lib/gcc/avr/5.4.0/../../../../avr/lib/avr5\libm.a(floatsisf.o)
 .bss           0x00000000        0x0 d:/engineering/3rd year (computer dep.)/2nd term/avr studio/7.0/toolchain/avr8/avr8-gnu-toolchain/bin/../lib/gcc/avr/5.4.0/../../../../avr/lib/avr5\libm.a(floatsisf.o)
 .text.avr-libc.fplib
                0x00000000       0x7a d:/engineering/3rd year (computer dep.)/2nd term/avr studio/7.0/toolchain/avr8/avr8-gnu-toolchain/bin/../lib/gcc/avr/5.4.0/../../../../avr/lib/avr5\libm.a(floatsisf.o)
 .text          0x00000000        0x0 d:/engineering/3rd year (computer dep.)/2nd term/avr studio/7.0/toolchain/avr8/avr8-gnu-toolchain/bin/../lib/gcc/avr/5.4.0/../../../../avr/lib/avr5\libm.a(fp_inf.o)
 .data          0x00000000        0x0 d:/engineering/3rd year (computer dep.)/2nd term/avr studio/7.0/toolchain/avr8/avr8-gnu-toolchain/bin/../lib/gcc/avr/5.4.0/../../../../avr/lib/avr5\libm.a(fp_inf.o)
 .bss           0x00000000        0x0 d:/engineering/3rd year (computer dep.)/2nd term/avr studio/7.0/toolchain/avr8/avr8-gnu-toolchain/bin/../lib/gcc/avr/5.4.0/../../../../avr/lib/avr5\libm.a(fp_inf.o)
 .text          0x00000000        0x0 d:/engineering/3rd year (computer dep.)/2nd term/avr studio/7.0/toolchain/avr8/avr8-gnu-toolchain/bin/../lib/gcc/avr/5.4.0/../../../../avr/lib/avr5\libm.a(fp_nan.o)
 .data          0x00000000        0x0 d:/engineering/3rd year (computer dep.)/2nd term/avr studio/7.0/toolchain/avr8/avr8-gnu-toolchain/bin/../lib/gcc/avr/5.4.0/../../../../avr/lib/avr5\libm.a(fp_nan.o)
 .bss           0x00000000        0x0 d:/engineering/3rd year (computer dep.)/2nd term/avr studio/7.0/toolchain/avr8/avr8-gnu-toolchain/bin/../lib/gcc/avr/5.4.0/../../../../avr/lib/avr5\libm.a(fp_nan.o)
 .text          0x00000000        0x0 d:/engineering/3rd year (computer dep.)/2nd term/avr studio/7.0/toolchain/avr8/avr8-gnu-toolchain/bin/../lib/gcc/avr/5.4.0/../../../../avr/lib/avr5\libm.a(fp_pscA.o)
 .data          0x00000000        0x0 d:/engineering/3rd year (computer dep.)/2nd term/avr studio/7.0/toolchain/avr8/avr8-gnu-toolchain/bin/../lib/gcc/avr/5.4.0/../../../../avr/lib/avr5\libm.a(fp_pscA.o)
 .bss           0x00000000        0x0 d:/engineering/3rd year (computer dep.)/2nd term/avr studio/7.0/toolchain/avr8/avr8-gnu-toolchain/bin/../lib/gcc/avr/5.4.0/../../../../avr/lib/avr5\libm.a(fp_pscA.o)
 .text          0x00000000        0x0 d:/engineering/3rd year (computer dep.)/2nd term/avr studio/7.0/toolchain/avr8/avr8-gnu-toolchain/bin/../lib/gcc/avr/5.4.0/../../../../avr/lib/avr5\libm.a(fp_pscB.o)
 .data          0x00000000        0x0 d:/engineering/3rd year (computer dep.)/2nd term/avr studio/7.0/toolchain/avr8/avr8-gnu-toolchain/bin/../lib/gcc/avr/5.4.0/../../../../avr/lib/avr5\libm.a(fp_pscB.o)
 .bss           0x00000000        0x0 d:/engineering/3rd year (computer dep.)/2nd term/avr studio/7.0/toolchain/avr8/avr8-gnu-toolchain/bin/../lib/gcc/avr/5.4.0/../../../../avr/lib/avr5\libm.a(fp_pscB.o)
 .text          0x00000000        0x0 d:/engineering/3rd year (computer dep.)/2nd term/avr studio/7.0/toolchain/avr8/avr8-gnu-toolchain/bin/../lib/gcc/avr/5.4.0/../../../../avr/lib/avr5\libm.a(fp_round.o)
 .data          0x00000000        0x0 d:/engineering/3rd year (computer dep.)/2nd term/avr studio/7.0/toolchain/avr8/avr8-gnu-toolchain/bin/../lib/gcc/avr/5.4.0/../../../../avr/lib/avr5\libm.a(fp_round.o)
 .bss           0x00000000        0x0 d:/engineering/3rd year (computer dep.)/2nd term/avr studio/7.0/toolchain/avr8/avr8-gnu-toolchain/bin/../lib/gcc/avr/5.4.0/../../../../avr/lib/avr5\libm.a(fp_round.o)
 .text          0x00000000        0x0 d:/engineering/3rd year (computer dep.)/2nd term/avr studio/7.0/toolchain/avr8/avr8-gnu-toolchain/bin/../lib/gcc/avr/5.4.0/../../../../avr/lib/avr5\libm.a(fp_split3.o)
 .data          0x00000000        0x0 d:/engineering/3rd year (computer dep.)/2nd term/avr studio/7.0/toolchain/avr8/avr8-gnu-toolchain/bin/../lib/gcc/avr/5.4.0/../../../../avr/lib/avr5\libm.a(fp_split3.o)
 .bss           0x00000000        0x0 d:/engineering/3rd year (computer dep.)/2nd term/avr studio/7.0/toolchain/avr8/avr8-gnu-toolchain/bin/../lib/gcc/avr/5.4.0/../../../../avr/lib/avr5\libm.a(fp_split3.o)
 .text          0x00000000        0x0 d:/engineering/3rd year (computer dep.)/2nd term/avr studio/7.0/toolchain/avr8/avr8-gnu-toolchain/bin/../lib/gcc/avr/5.4.0/../../../../avr/lib/avr5\libm.a(fp_zero.o)
 .data          0x00000000        0x0 d:/engineering/3rd year (computer dep.)/2nd term/avr studio/7.0/toolchain/avr8/avr8-gnu-toolchain/bin/../lib/gcc/avr/5.4.0/../../../../avr/lib/avr5\libm.a(fp_zero.o)
 .bss           0x00000000        0x0 d:/engineering/3rd year (computer dep.)/2nd term/avr studio/7.0/toolchain/avr8/avr8-gnu-toolchain/bin/../lib/gcc/avr/5.4.0/../../../../avr/lib/avr5\libm.a(fp_zero.o)
 .text          0x00000000        0x0 d:/engineering/3rd year (computer dep.)/2nd term/avr studio/7.0/toolchain/avr8/avr8-gnu-toolchain/bin/../lib/gcc/avr/5.4.0/../../../../avr/lib/avr5\libm.a(mulsf3.o)
 .data          0x00000000        0x0 d:/engineering/3rd year (computer dep.)/2nd term/avr studio/7.0/toolchain/avr8/avr8-gnu-toolchain/bin/../lib/gcc/avr/5.4.0/../../../../avr/lib/avr5\libm.a(mulsf3.o)
 .bss           0x00000000        0x0 d:/engineering/3rd year (computer dep.)/2nd term/avr studio/7.0/toolchain/avr8/avr8-gnu-toolchain/bin/../lib/gcc/avr/5.4.0/../../../../avr/lib/avr5\libm.a(mulsf3.o)
 .text          0x00000000        0x0 d:/engineering/3rd year (computer dep.)/2nd term/avr studio/7.0/toolchain/avr8/avr8-gnu-toolchain/bin/../lib/gcc/avr/5.4.0/../../../../avr/lib/avr5\libm.a(mulsf3x.o)
 .data          0x00000000        0x0 d:/engineering/3rd year (computer dep.)/2nd term/avr studio/7.0/toolchain/avr8/avr8-gnu-toolchain/bin/../lib/gcc/avr/5.4.0/../../../../avr/lib/avr5\libm.a(mulsf3x.o)
 .bss           0x00000000        0x0 d:/engineering/3rd year (computer dep.)/2nd term/avr studio/7.0/toolchain/avr8/avr8-gnu-toolchain/bin/../lib/gcc/avr/5.4.0/../../../../avr/lib/avr5\libm.a(mulsf3x.o)
 .text          0x00000000        0x0 d:/engineering/3rd year (computer dep.)/2nd term/avr studio/7.0/toolchain/avr8/avr8-gnu-toolchain/bin/../lib/gcc/avr/5.4.0/avr5\libgcc.a(_exit.o)
 .data          0x00000000        0x0 d:/engineering/3rd year (computer dep.)/2nd term/avr studio/7.0/toolchain/avr8/avr8-gnu-toolchain/bin/../lib/gcc/avr/5.4.0/avr5\libgcc.a(_exit.o)
 .bss           0x00000000        0x0 d:/engineering/3rd year (computer dep.)/2nd term/avr studio/7.0/toolchain/avr8/avr8-gnu-toolchain/bin/../lib/gcc/avr/5.4.0/avr5\libgcc.a(_exit.o)
 .text.libgcc.mul
                0x00000000        0x0 d:/engineering/3rd year (computer dep.)/2nd term/avr studio/7.0/toolchain/avr8/avr8-gnu-toolchain/bin/../lib/gcc/avr/5.4.0/avr5\libgcc.a(_exit.o)
 .text.libgcc.div
                0x00000000        0x0 d:/engineering/3rd year (computer dep.)/2nd term/avr studio/7.0/toolchain/avr8/avr8-gnu-toolchain/bin/../lib/gcc/avr/5.4.0/avr5\libgcc.a(_exit.o)
 .text.libgcc   0x00000000        0x0 d:/engineering/3rd year (computer dep.)/2nd term/avr studio/7.0/toolchain/avr8/avr8-gnu-toolchain/bin/../lib/gcc/avr/5.4.0/avr5\libgcc.a(_exit.o)
 .text.libgcc.prologue
                0x00000000        0x0 d:/engineering/3rd year (computer dep.)/2nd term/avr studio/7.0/toolchain/avr8/avr8-gnu-toolchain/bin/../lib/gcc/avr/5.4.0/avr5\libgcc.a(_exit.o)
 .text.libgcc.builtins
                0x00000000        0x0 d:/engineering/3rd year (computer dep.)/2nd term/avr studio/7.0/toolchain/avr8/avr8-gnu-toolchain/bin/../lib/gcc/avr/5.4.0/avr5\libgcc.a(_exit.o)
 .text.libgcc.fmul
                0x00000000        0x0 d:/engineering/3rd year (computer dep.)/2nd term/avr studio/7.0/toolchain/avr8/avr8-gnu-toolchain/bin/../lib/gcc/avr/5.4.0/avr5\libgcc.a(_exit.o)
 .text.libgcc.fixed
                0x00000000        0x0 d:/engineering/3rd year (computer dep.)/2nd term/avr studio/7.0/toolchain/avr8/avr8-gnu-toolchain/bin/../lib/gcc/avr/5.4.0/avr5\libgcc.a(_exit.o)
 .text          0x00000000        0x0 d:/engineering/3rd year (computer dep.)/2nd term/avr studio/7.0/toolchain/avr8/avr8-gnu-toolchain/bin/../lib/gcc/avr/5.4.0/avr5\libgcc.a(_copy_data.o)
 .data          0x00000000        0x0 d:/engineering/3rd year (computer dep.)/2nd term/avr studio/7.0/toolchain/avr8/avr8-gnu-toolchain/bin/../lib/gcc/avr/5.4.0/avr5\libgcc.a(_copy_data.o)
 .bss           0x00000000        0x0 d:/engineering/3rd year (computer dep.)/2nd term/avr studio/7.0/toolchain/avr8/avr8-gnu-toolchain/bin/../lib/gcc/avr/5.4.0/avr5\libgcc.a(_copy_data.o)
 .text.libgcc.mul
                0x00000000        0x0 d:/engineering/3rd year (computer dep.)/2nd term/avr studio/7.0/toolchain/avr8/avr8-gnu-toolchain/bin/../lib/gcc/avr/5.4.0/avr5\libgcc.a(_copy_data.o)
 .text.libgcc.div
                0x00000000        0x0 d:/engineering/3rd year (computer dep.)/2nd term/avr studio/7.0/toolchain/avr8/avr8-gnu-toolchain/bin/../lib/gcc/avr/5.4.0/avr5\libgcc.a(_copy_data.o)
 .text.libgcc   0x00000000        0x0 d:/engineering/3rd year (computer dep.)/2nd term/avr studio/7.0/toolchain/avr8/avr8-gnu-toolchain/bin/../lib/gcc/avr/5.4.0/avr5\libgcc.a(_copy_data.o)
 .text.libgcc.prologue
                0x00000000        0x0 d:/engineering/3rd year (computer dep.)/2nd term/avr studio/7.0/toolchain/avr8/avr8-gnu-toolchain/bin/../lib/gcc/avr/5.4.0/avr5\libgcc.a(_copy_data.o)
 .text.libgcc.builtins
                0x00000000        0x0 d:/engineering/3rd year (computer dep.)/2nd term/avr studio/7.0/toolchain/avr8/avr8-gnu-toolchain/bin/../lib/gcc/avr/5.4.0/avr5\libgcc.a(_copy_data.o)
 .text.libgcc.fmul
                0x00000000        0x0 d:/engineering/3rd year (computer dep.)/2nd term/avr studio/7.0/toolchain/avr8/avr8-gnu-toolchain/bin/../lib/gcc/avr/5.4.0/avr5\libgcc.a(_copy_data.o)
 .text.libgcc.fixed
                0x00000000        0x0 d:/engineering/3rd year (computer dep.)/2nd term/avr studio/7.0/toolchain/avr8/avr8-gnu-toolchain/bin/../lib/gcc/avr/5.4.0/avr5\libgcc.a(_copy_data.o)
 .text          0x00000000        0x0 d:/engineering/3rd year (computer dep.)/2nd term/avr studio/7.0/toolchain/avr8/avr8-gnu-toolchain/bin/../lib/gcc/avr/5.4.0/avr5\libgcc.a(_clear_bss.o)
 .data          0x00000000        0x0 d:/engineering/3rd year (computer dep.)/2nd term/avr studio/7.0/toolchain/avr8/avr8-gnu-toolchain/bin/../lib/gcc/avr/5.4.0/avr5\libgcc.a(_clear_bss.o)
 .bss           0x00000000        0x0 d:/engineering/3rd year (computer dep.)/2nd term/avr studio/7.0/toolchain/avr8/avr8-gnu-toolchain/bin/../lib/gcc/avr/5.4.0/avr5\libgcc.a(_clear_bss.o)
 .text.libgcc.mul
                0x00000000        0x0 d:/engineering/3rd year (computer dep.)/2nd term/avr studio/7.0/toolchain/avr8/avr8-gnu-toolchain/bin/../lib/gcc/avr/5.4.0/avr5\libgcc.a(_clear_bss.o)
 .text.libgcc.div
                0x00000000        0x0 d:/engineering/3rd year (computer dep.)/2nd term/avr studio/7.0/toolchain/avr8/avr8-gnu-toolchain/bin/../lib/gcc/avr/5.4.0/avr5\libgcc.a(_clear_bss.o)
 .text.libgcc   0x00000000        0x0 d:/engineering/3rd year (computer dep.)/2nd term/avr studio/7.0/toolchain/avr8/avr8-gnu-toolchain/bin/../lib/gcc/avr/5.4.0/avr5\libgcc.a(_clear_bss.o)
 .text.libgcc.prologue
                0x00000000        0x0 d:/engineering/3rd year (computer dep.)/2nd term/avr studio/7.0/toolchain/avr8/avr8-gnu-toolchain/bin/../lib/gcc/avr/5.4.0/avr5\libgcc.a(_clear_bss.o)
 .text.libgcc.builtins
                0x00000000        0x0 d:/engineering/3rd year (computer dep.)/2nd term/avr studio/7.0/toolchain/avr8/avr8-gnu-toolchain/bin/../lib/gcc/avr/5.4.0/avr5\libgcc.a(_clear_bss.o)
 .text.libgcc.fmul
                0x00000000        0x0 d:/engineering/3rd year (computer dep.)/2nd term/avr studio/7.0/toolchain/avr8/avr8-gnu-toolchain/bin/../lib/gcc/avr/5.4.0/avr5\libgcc.a(_clear_bss.o)
 .text.libgcc.fixed
                0x00000000        0x0 d:/engineering/3rd year (computer dep.)/2nd term/avr studio/7.0/toolchain/avr8/avr8-gnu-toolchain/bin/../lib/gcc/avr/5.4.0/avr5\libgcc.a(_clear_bss.o)
 .text          0x00000000        0x0 d:/engineering/3rd year (computer dep.)/2nd term/avr studio/7.0/toolchain/avr8/avr8-gnu-toolchain/bin/../lib/gcc/avr/5.4.0/../../../../avr/lib/avr5\libc.a(sprintf.o)
 .data          0x00000000        0x0 d:/engineering/3rd year (computer dep.)/2nd term/avr studio/7.0/toolchain/avr8/avr8-gnu-toolchain/bin/../lib/gcc/avr/5.4.0/../../../../avr/lib/avr5\libc.a(sprintf.o)
 .bss           0x00000000        0x0 d:/engineering/3rd year (computer dep.)/2nd term/avr studio/7.0/toolchain/avr8/avr8-gnu-toolchain/bin/../lib/gcc/avr/5.4.0/../../../../avr/lib/avr5\libc.a(sprintf.o)
 .text.avr-libc
                0x00000000       0x44 d:/engineering/3rd year (computer dep.)/2nd term/avr studio/7.0/toolchain/avr8/avr8-gnu-toolchain/bin/../lib/gcc/avr/5.4.0/../../../../avr/lib/avr5\libc.a(sprintf.o)
 .comment       0x00000000       0x31 d:/engineering/3rd year (computer dep.)/2nd term/avr studio/7.0/toolchain/avr8/avr8-gnu-toolchain/bin/../lib/gcc/avr/5.4.0/../../../../avr/lib/avr5\libc.a(sprintf.o)
 .text          0x00000000        0x0 d:/engineering/3rd year (computer dep.)/2nd term/avr studio/7.0/toolchain/avr8/avr8-gnu-toolchain/bin/../lib/gcc/avr/5.4.0/../../../../avr/lib/avr5\libc.a(vfprintf_std.o)
 .data          0x00000000        0x0 d:/engineering/3rd year (computer dep.)/2nd term/avr studio/7.0/toolchain/avr8/avr8-gnu-toolchain/bin/../lib/gcc/avr/5.4.0/../../../../avr/lib/avr5\libc.a(vfprintf_std.o)
 .bss           0x00000000        0x0 d:/engineering/3rd year (computer dep.)/2nd term/avr studio/7.0/toolchain/avr8/avr8-gnu-toolchain/bin/../lib/gcc/avr/5.4.0/../../../../avr/lib/avr5\libc.a(vfprintf_std.o)
 .text.avr-libc
                0x00000000      0x3c2 d:/engineering/3rd year (computer dep.)/2nd term/avr studio/7.0/toolchain/avr8/avr8-gnu-toolchain/bin/../lib/gcc/avr/5.4.0/../../../../avr/lib/avr5\libc.a(vfprintf_std.o)
 .comment       0x00000000       0x2d d:/engineering/3rd year (computer dep.)/2nd term/avr studio/7.0/toolchain/avr8/avr8-gnu-toolchain/bin/../lib/gcc/avr/5.4.0/../../../../avr/lib/avr5\libc.a(vfprintf_std.o)
 .text          0x00000000        0x0 d:/engineering/3rd year (computer dep.)/2nd term/avr studio/7.0/toolchain/avr8/avr8-gnu-toolchain/bin/../lib/gcc/avr/5.4.0/../../../../avr/lib/avr5\libc.a(strnlen_P.o)
 .data          0x00000000        0x0 d:/engineering/3rd year (computer dep.)/2nd term/avr studio/7.0/toolchain/avr8/avr8-gnu-toolchain/bin/../lib/gcc/avr/5.4.0/../../../../avr/lib/avr5\libc.a(strnlen_P.o)
 .bss           0x00000000        0x0 d:/engineering/3rd year (computer dep.)/2nd term/avr studio/7.0/toolchain/avr8/avr8-gnu-toolchain/bin/../lib/gcc/avr/5.4.0/../../../../avr/lib/avr5\libc.a(strnlen_P.o)
 .text.avr-libc
                0x00000000       0x16 d:/engineering/3rd year (computer dep.)/2nd term/avr studio/7.0/toolchain/avr8/avr8-gnu-toolchain/bin/../lib/gcc/avr/5.4.0/../../../../avr/lib/avr5\libc.a(strnlen_P.o)
 .text          0x00000000        0x0 d:/engineering/3rd year (computer dep.)/2nd term/avr studio/7.0/toolchain/avr8/avr8-gnu-toolchain/bin/../lib/gcc/avr/5.4.0/../../../../avr/lib/avr5\libc.a(strnlen.o)
 .data          0x00000000        0x0 d:/engineering/3rd year (computer dep.)/2nd term/avr studio/7.0/toolchain/avr8/avr8-gnu-toolchain/bin/../lib/gcc/avr/5.4.0/../../../../avr/lib/avr5\libc.a(strnlen.o)
 .bss           0x00000000        0x0 d:/engineering/3rd year (computer dep.)/2nd term/avr studio/7.0/toolchain/avr8/avr8-gnu-toolchain/bin/../lib/gcc/avr/5.4.0/../../../../avr/lib/avr5\libc.a(strnlen.o)
 .text.avr-libc
                0x00000000       0x16 d:/engineering/3rd year (computer dep.)/2nd term/avr studio/7.0/toolchain/avr8/avr8-gnu-toolchain/bin/../lib/gcc/avr/5.4.0/../../../../avr/lib/avr5\libc.a(strnlen.o)
 .text          0x00000000        0x0 d:/engineering/3rd year (computer dep.)/2nd term/avr studio/7.0/toolchain/avr8/avr8-gnu-toolchain/bin/../lib/gcc/avr/5.4.0/../../../../avr/lib/avr5\libc.a(fputc.o)
 .data          0x00000000        0x0 d:/engineering/3rd year (computer dep.)/2nd term/avr studio/7.0/toolchain/avr8/avr8-gnu-toolchain/bin/../lib/gcc/avr/5.4.0/../../../../avr/lib/avr5\libc.a(fputc.o)
 .bss           0x00000000        0x0 d:/engineering/3rd year (computer dep.)/2nd term/avr studio/7.0/toolchain/avr8/avr8-gnu-toolchain/bin/../lib/gcc/avr/5.4.0/../../../../avr/lib/avr5\libc.a(fputc.o)
 .text.avr-libc
                0x00000000       0x78 d:/engineering/3rd year (computer dep.)/2nd term/avr studio/7.0/toolchain/avr8/avr8-gnu-toolchain/bin/../lib/gcc/avr/5.4.0/../../../../avr/lib/avr5\libc.a(fputc.o)
 .comment       0x00000000       0x31 d:/engineering/3rd year (computer dep.)/2nd term/avr studio/7.0/toolchain/avr8/avr8-gnu-toolchain/bin/../lib/gcc/avr/5.4.0/../../../../avr/lib/avr5\libc.a(fputc.o)
 .text          0x00000000        0x0 d:/engineering/3rd year (computer dep.)/2nd term/avr studio/7.0/toolchain/avr8/avr8-gnu-toolchain/bin/../lib/gcc/avr/5.4.0/../../../../avr/lib/avr5\libc.a(ultoa_invert.o)
 .data          0x00000000        0x0 d:/engineering/3rd year (computer dep.)/2nd term/avr studio/7.0/toolchain/avr8/avr8-gnu-toolchain/bin/../lib/gcc/avr/5.4.0/../../../../avr/lib/avr5\libc.a(ultoa_invert.o)
 .bss           0x00000000        0x0 d:/engineering/3rd year (computer dep.)/2nd term/avr studio/7.0/toolchain/avr8/avr8-gnu-toolchain/bin/../lib/gcc/avr/5.4.0/../../../../avr/lib/avr5\libc.a(ultoa_invert.o)
 .text.avr-libc
                0x00000000       0xbc d:/engineering/3rd year (computer dep.)/2nd term/avr studio/7.0/toolchain/avr8/avr8-gnu-toolchain/bin/../lib/gcc/avr/5.4.0/../../../../avr/lib/avr5\libc.a(ultoa_invert.o)
 .text          0x00000000        0x0 d:/engineering/3rd year (computer dep.)/2nd term/avr studio/7.0/toolchain/avr8/avr8-gnu-toolchain/bin/../lib/gcc/avr/5.4.0/avr5\libgcc.a(_prologue.o)
 .data          0x00000000        0x0 d:/engineering/3rd year (computer dep.)/2nd term/avr studio/7.0/toolchain/avr8/avr8-gnu-toolchain/bin/../lib/gcc/avr/5.4.0/avr5\libgcc.a(_prologue.o)
 .bss           0x00000000        0x0 d:/engineering/3rd year (computer dep.)/2nd term/avr studio/7.0/toolchain/avr8/avr8-gnu-toolchain/bin/../lib/gcc/avr/5.4.0/avr5\libgcc.a(_prologue.o)
 .text.libgcc.mul
                0x00000000        0x0 d:/engineering/3rd year (computer dep.)/2nd term/avr studio/7.0/toolchain/avr8/avr8-gnu-toolchain/bin/../lib/gcc/avr/5.4.0/avr5\libgcc.a(_prologue.o)
 .text.libgcc.div
                0x00000000        0x0 d:/engineering/3rd year (computer dep.)/2nd term/avr studio/7.0/toolchain/avr8/avr8-gnu-toolchain/bin/../lib/gcc/avr/5.4.0/avr5\libgcc.a(_prologue.o)
 .text.libgcc   0x00000000        0x0 d:/engineering/3rd year (computer dep.)/2nd term/avr studio/7.0/toolchain/avr8/avr8-gnu-toolchain/bin/../lib/gcc/avr/5.4.0/avr5\libgcc.a(_prologue.o)
 .text.libgcc.prologue
                0x00000000       0x38 d:/engineering/3rd year (computer dep.)/2nd term/avr studio/7.0/toolchain/avr8/avr8-gnu-toolchain/bin/../lib/gcc/avr/5.4.0/avr5\libgcc.a(_prologue.o)
 .text.libgcc.builtins
                0x00000000        0x0 d:/engineering/3rd year (computer dep.)/2nd term/avr studio/7.0/toolchain/avr8/avr8-gnu-toolchain/bin/../lib/gcc/avr/5.4.0/avr5\libgcc.a(_prologue.o)
 .text.libgcc.fmul
                0x00000000        0x0 d:/engineering/3rd year (computer dep.)/2nd term/avr studio/7.0/toolchain/avr8/avr8-gnu-toolchain/bin/../lib/gcc/avr/5.4.0/avr5\libgcc.a(_prologue.o)
 .text.libgcc.fixed
                0x00000000        0x0 d:/engineering/3rd year (computer dep.)/2nd term/avr studio/7.0/toolchain/avr8/avr8-gnu-toolchain/bin/../lib/gcc/avr/5.4.0/avr5\libgcc.a(_prologue.o)
 .text          0x00000000        0x0 d:/engineering/3rd year (computer dep.)/2nd term/avr studio/7.0/toolchain/avr8/avr8-gnu-toolchain/bin/../lib/gcc/avr/5.4.0/avr5\libgcc.a(_epilogue.o)
 .data          0x00000000        0x0 d:/engineering/3rd year (computer dep.)/2nd term/avr studio/7.0/toolchain/avr8/avr8-gnu-toolchain/bin/../lib/gcc/avr/5.4.0/avr5\libgcc.a(_epilogue.o)
 .bss           0x00000000        0x0 d:/engineering/3rd year (computer dep.)/2nd term/avr studio/7.0/toolchain/avr8/avr8-gnu-toolchain/bin/../lib/gcc/avr/5.4.0/avr5\libgcc.a(_epilogue.o)
 .text.libgcc.mul
                0x00000000        0x0 d:/engineering/3rd year (computer dep.)/2nd term/avr studio/7.0/toolchain/avr8/avr8-gnu-toolchain/bin/../lib/gcc/avr/5.4.0/avr5\libgcc.a(_epilogue.o)
 .text.libgcc.div
                0x00000000        0x0 d:/engineering/3rd year (computer dep.)/2nd term/avr studio/7.0/toolchain/avr8/avr8-gnu-toolchain/bin/../lib/gcc/avr/5.4.0/avr5\libgcc.a(_epilogue.o)
 .text.libgcc   0x00000000        0x0 d:/engineering/3rd year (computer dep.)/2nd term/avr studio/7.0/toolchain/avr8/avr8-gnu-toolchain/bin/../lib/gcc/avr/5.4.0/avr5\libgcc.a(_epilogue.o)
 .text.libgcc.prologue
                0x00000000       0x36 d:/engineering/3rd year (computer dep.)/2nd term/avr studio/7.0/toolchain/avr8/avr8-gnu-toolchain/bin/../lib/gcc/avr/5.4.0/avr5\libgcc.a(_epilogue.o)
 .text.libgcc.builtins
                0x00000000        0x0 d:/engineering/3rd year (computer dep.)/2nd term/avr studio/7.0/toolchain/avr8/avr8-gnu-toolchain/bin/../lib/gcc/avr/5.4.0/avr5\libgcc.a(_epilogue.o)
 .text.libgcc.fmul
                0x00000000        0x0 d:/engineering/3rd year (computer dep.)/2nd term/avr studio/7.0/toolchain/avr8/avr8-gnu-toolchain/bin/../lib/gcc/avr/5.4.0/avr5\libgcc.a(_epilogue.o)
 .text.libgcc.fixed
                0x00000000        0x0 d:/engineering/3rd year (computer dep.)/2nd term/avr studio/7.0/toolchain/avr8/avr8-gnu-toolchain/bin/../lib/gcc/avr/5.4.0/avr5\libgcc.a(_epilogue.o)

Memory Configuration

Name             Origin             Length             Attributes
text             0x00000000         0x00008000         xr
data             0x00800060         0x00000800         rw !x
eeprom           0x00810000         0x00000400         rw !x
fuse             0x00820000         0x00000002         rw !x
lock             0x00830000         0x00000400         rw !x
signature        0x00840000         0x00000400         rw !x
user_signatures  0x00850000         0x00000400         rw !x
*default*        0x00000000         0xffffffff

Linker script and memory map

LOAD d:/engineering/3rd year (computer dep.)/2nd term/avr studio/7.0/toolchain/avr8/avr8-gnu-toolchain/bin/../lib/gcc/avr/5.4.0/../../../../avr/lib/avr5/crtatmega32.o
LOAD APP/LAB2/lab2_prg.o
LOAD APP/LAB3/LAB3_prg.o
LOAD APP/main.o
LOAD APP/WaveGen/WaveGen_prg.o
LOAD HAL/LCD/LCD_prg.o
LOAD HAL/TEMPS/TEMPS_prg.o
LOAD MCAL/ADC/ADC_prg.o
LOAD MCAL/DIO/DIO_prg.o
LOAD MCAL/EXI/EXI_prg.o
LOAD MCAL/GIE/GIE_prg.o
LOAD MCAL/I2C/I2C_prg.o
LOAD MCAL/SPI/SPI_prg.o
LOAD MCAL/TIMER/TIMER_prg.o
LOAD MCAL/UART/UART_prg.o
LOAD MCAL/WDT/WDT_prg.o
START GROUP
LOAD d:/engineering/3rd year (computer dep.)/2nd term/avr studio/7.0/toolchain/avr8/avr8-gnu-toolchain/bin/../lib/gcc/avr/5.4.0/../../../../avr/lib/avr5\libm.a
END GROUP
START GROUP
LOAD d:/engineering/3rd year (computer dep.)/2nd term/avr studio/7.0/toolchain/avr8/avr8-gnu-toolchain/bin/../lib/gcc/avr/5.4.0/avr5\libgcc.a
LOAD d:/engineering/3rd year (computer dep.)/2nd term/avr studio/7.0/toolchain/avr8/avr8-gnu-toolchain/bin/../lib/gcc/avr/5.4.0/../../../../avr/lib/avr5\libm.a
LOAD d:/engineering/3rd year (computer dep.)/2nd term/avr studio/7.0/toolchain/avr8/avr8-gnu-toolchain/bin/../lib/gcc/avr/5.4.0/../../../../avr/lib/avr5\libc.a
LOAD d:/engineering/3rd year (computer dep.)/2nd term/avr studio/7.0/toolchain/avr8/avr8-gnu-toolchain/bin/../lib/gcc/avr/5.4.0/../../../../avr/lib/avr5\libatmega32.a
END GROUP
                0x00000000                __TEXT_REGION_ORIGIN__ = DEFINED (__TEXT_REGION_ORIGIN__)?__TEXT_REGION_ORIGIN__:0x0
                [0x00800060]                __DATA_REGION_ORIGIN__ = DEFINED (__DATA_REGION_ORIGIN__)?__DATA_REGION_ORIGIN__:0x800060
                [0x00008000]                __TEXT_REGION_LENGTH__ = DEFINED (__TEXT_REGION_LENGTH__)?__TEXT_REGION_LENGTH__:0x20000
                [0x00000800]                __DATA_REGION_LENGTH__ = DEFINED (__DATA_REGION_LENGTH__)?__DATA_REGION_LENGTH__:0xffa0
                [0x00000400]                __EEPROM_REGION_LENGTH__ = DEFINED (__EEPROM_REGION_LENGTH__)?__EEPROM_REGION_LENGTH__:0x10000
                [0x00000002]                __FUSE_REGION_LENGTH__ = DEFINED (__FUSE_REGION_LENGTH__)?__FUSE_REGION_LENGTH__:0x400
                0x00000400                __LOCK_REGION_LENGTH__ = DEFINED (__LOCK_REGION_LENGTH__)?__LOCK_REGION_LENGTH__:0x400
                0x00000400                __SIGNATURE_REGION_LENGTH__ = DEFINED (__SIGNATURE_REGION_LENGTH__)?__SIGNATURE_REGION_LENGTH__:0x400
                0x00000400                __USER_SIGNATURE_REGION_LENGTH__ = DEFINED (__USER_SIGNATURE_REGION_LENGTH__)?__USER_SIGNATURE_REGION_LENGTH__:0x400

.hash
 *(.hash)

.dynsym
 *(.dynsym)

.dynstr
 *(.dynstr)

.gnu.version
 *(.gnu.version)

.gnu.version_d
 *(.gnu.version_d)

.gnu.version_r
 *(.gnu.version_r)

.rel.init
 *(.rel.init)

.rela.init
 *(.rela.init)

.rel.text
 *(.rel.text)
 *(.rel.text.*)
 *(.rel.gnu.linkonce.t*)

.rela.text
 *(.rela.text)
 *(.rela.text.*)
 *(.rela.gnu.linkonce.t*)

.rel.fini
 *(.rel.fini)

.rela.fini
 *(.rela.fini)

.rel.rodata
 *(.rel.rodata)
 *(.rel.rodata.*)
 *(.rel.gnu.linkonce.r*)

.rela.rodata
 *(.rela.rodata)
 *(.rela.rodata.*)
 *(.rela.gnu.linkonce.r*)

.rel.data
 *(.rel.data)
 *(.rel.data.*)
 *(.rel.gnu.linkonce.d*)

.rela.data
 *(.rela.data)
 *(.rela.data.*)
 *(.rela.gnu.linkonce.d*)

.rel.ctors
 *(.rel.ctors)

.rela.ctors
 *(.rela.ctors)

.rel.dtors
 *(.rel.dtors)

.rela.dtors
 *(.rela.dtors)

.rel.got
 *(.rel.got)

.rela.got
 *(.rela.got)

.rel.bss
 *(.rel.bss)

.rela.bss
 *(.rela.bss)

.rel.plt
 *(.rel.plt)

.rela.plt
 *(.rela.plt)

.text           0x00000000      0xb54
 *(.vectors)
 .vectors       0x00000000       0x54 d:/engineering/3rd year (computer dep.)/2nd term/avr studio/7.0/toolchain/avr8/avr8-gnu-toolchain/bin/../lib/gcc/avr/5.4.0/../../../../avr/lib/avr5/crtatmega32.o
                0x00000000                __vector_default
                0x00000000                __vectors
 *(.vectors)
 *(.progmem.gcc*)
                0x00000054                . = ALIGN (0x2)
                0x00000054                __trampolines_start = .
 *(.trampolines)
 .trampolines   0x00000054        0x0 linker stubs
 *(.trampolines*)
                0x00000054                __trampolines_end = .
 *libprintf_flt.a:*(.progmem.data)
 *libc.a:*(.progmem.data)
 *(.progmem*)
                0x00000054                . = ALIGN (0x2)
 *(.jumptables)
 *(.jumptables*)
 *(.lowtext)
 *(.lowtext*)
                0x00000054                __ctors_start = .
 *(.ctors)
                0x00000054                __ctors_end = .
                0x00000054                __dtors_start = .
 *(.dtors)
                0x00000054                __dtors_end = .
 SORT(*)(.ctors)
 SORT(*)(.dtors)
 *(.init0)
 .init0         0x00000054        0x0 d:/engineering/3rd year (computer dep.)/2nd term/avr studio/7.0/toolchain/avr8/avr8-gnu-toolchain/bin/../lib/gcc/avr/5.4.0/../../../../avr/lib/avr5/crtatmega32.o
                0x00000054                __init
 *(.init0)
 *(.init1)
 *(.init1)
 *(.init2)
 .init2         0x00000054        0xc d:/engineering/3rd year (computer dep.)/2nd term/avr studio/7.0/toolchain/avr8/avr8-gnu-toolchain/bin/../lib/gcc/avr/5.4.0/../../../../avr/lib/avr5/crtatmega32.o
 *(.init2)
 *(.init3)
 *(.init3)
 *(.init4)
 .init4         0x00000060       0x16 d:/engineering/3rd year (computer dep.)/2nd term/avr studio/7.0/toolchain/avr8/avr8-gnu-toolchain/bin/../lib/gcc/avr/5.4.0/avr5\libgcc.a(_copy_data.o)
                0x00000060                __do_copy_data
 .init4         0x00000076       0x10 d:/engineering/3rd year (computer dep.)/2nd term/avr studio/7.0/toolchain/avr8/avr8-gnu-toolchain/bin/../lib/gcc/avr/5.4.0/avr5\libgcc.a(_clear_bss.o)
                0x00000076                __do_clear_bss
 *(.init4)
 *(.init5)
 *(.init5)
 *(.init6)
 *(.init6)
 *(.init7)
 *(.init7)
 *(.init8)
 *(.init8)
 *(.init9)
 .init9         0x00000086        0x8 d:/engineering/3rd year (computer dep.)/2nd term/avr studio/7.0/toolchain/avr8/avr8-gnu-toolchain/bin/../lib/gcc/avr/5.4.0/../../../../avr/lib/avr5/crtatmega32.o
 *(.init9)
 *(.text)
 .text          0x0000008e        0x4 d:/engineering/3rd year (computer dep.)/2nd term/avr studio/7.0/toolchain/avr8/avr8-gnu-toolchain/bin/../lib/gcc/avr/5.4.0/../../../../avr/lib/avr5/crtatmega32.o
                0x0000008e                __vector_17
                0x0000008e                __vector_19
                0x0000008e                __vector_7
                0x0000008e                __vector_8
                0x0000008e                __vector_18
                0x0000008e                __vector_20
                0x0000008e                __bad_interrupt
                0x00000092                . = ALIGN (0x2)
 *(.text.*)
 .text.startup.main
                0x00000092        0xa APP/main.o
                0x00000092                main
 .text.dataHandler
                0x0000009c       0x34 APP/WaveGen/WaveGen_prg.o
 .text.WaveGen_vInit
                0x000000d0       0x2c APP/WaveGen/WaveGen_prg.o
                0x000000d0                WaveGen_vInit
 .text.WaveGen_vUpdate
                0x000000fc       0x16 APP/WaveGen/WaveGen_prg.o
                0x000000fc                WaveGen_vUpdate
 .text.__vector_16
                0x00000112       0x54 MCAL/ADC/ADC_prg.o
                0x00000112                __vector_16
 .text.DIO_vSetPinDir
                0x00000166       0xa2 MCAL/DIO/DIO_prg.o
                0x00000166                DIO_vSetPinDir
 .text.DIO_vSetPortDir
                0x00000208       0x20 MCAL/DIO/DIO_prg.o
                0x00000208                DIO_vSetPortDir
 .text.DIO_vSetPortVal
                0x00000228       0x20 MCAL/DIO/DIO_prg.o
                0x00000228                DIO_vSetPortVal
 .text.__vector_1
                0x00000248       0x4e MCAL/EXI/EXI_prg.o
                0x00000248                __vector_1
 .text.__vector_2
                0x00000296       0x4e MCAL/EXI/EXI_prg.o
                0x00000296                __vector_2
 .text.__vector_3
                0x000002e4       0x4e MCAL/EXI/EXI_prg.o
                0x000002e4                __vector_3
 .text.GIE_vSetGlobalInterrupt
                0x00000332        0x8 MCAL/GIE/GIE_prg.o
                0x00000332                GIE_vSetGlobalInterrupt
 .text.__vector_12
                0x0000033a       0x50 MCAL/SPI/SPI_prg.o
                0x0000033a                __vector_12
 .text.TIMER_vInit
                0x0000038a       0x42 MCAL/TIMER/TIMER_prg.o
                0x0000038a                TIMER_vInit
 .text.TIMER_vPWMSignal
                0x000003cc       0x88 MCAL/TIMER/TIMER_prg.o
                0x000003cc                TIMER_vPWMSignal
 .text.__vector_10
                0x00000454       0x7c MCAL/TIMER/TIMER_prg.o
                0x00000454                __vector_10
 .text.__vector_11
                0x000004d0       0x7e MCAL/TIMER/TIMER_prg.o
                0x000004d0                __vector_11
 .text.__vector_4
                0x0000054e       0x7c MCAL/TIMER/TIMER_prg.o
                0x0000054e                __vector_4
 .text.__vector_5
                0x000005ca       0x7e MCAL/TIMER/TIMER_prg.o
                0x000005ca                __vector_5
 .text.__vector_6
                0x00000648       0x4e MCAL/TIMER/TIMER_prg.o
                0x00000648                __vector_6
 .text.__vector_9
                0x00000696       0x4e MCAL/TIMER/TIMER_prg.o
                0x00000696                __vector_9
 .text.UART_vInit
                0x000006e4       0x38 MCAL/UART/UART_prg.o
                0x000006e4                UART_vInit
 .text.UART_u8GetDataAsync
                0x0000071c       0x1a MCAL/UART/UART_prg.o
                0x0000071c                UART_u8GetDataAsync
 .text.__vector_13
                0x00000736       0x50 MCAL/UART/UART_prg.o
                0x00000736                __vector_13
 .text.__vector_14
                0x00000786       0x1e MCAL/UART/UART_prg.o
                0x00000786                __vector_14
 .text.__vector_15
                0x000007a4       0x14 MCAL/UART/UART_prg.o
                0x000007a4                __vector_15
 .text.avr-libc.fplib
                0x000007b8        0xe d:/engineering/3rd year (computer dep.)/2nd term/avr studio/7.0/toolchain/avr8/avr8-gnu-toolchain/bin/../lib/gcc/avr/5.4.0/../../../../avr/lib/avr5\libm.a(addsf3.o)
                0x000007b8                __subsf3
                0x000007ba                __addsf3
 .text.avr-libc.fplib
                0x000007c6       0xcc d:/engineering/3rd year (computer dep.)/2nd term/avr studio/7.0/toolchain/avr8/avr8-gnu-toolchain/bin/../lib/gcc/avr/5.4.0/../../../../avr/lib/avr5\libm.a(addsf3x.o)
                0x000007e8                __addsf3x
 .text.avr-libc.fplib
                0x00000892        0x8 d:/engineering/3rd year (computer dep.)/2nd term/avr studio/7.0/toolchain/avr8/avr8-gnu-toolchain/bin/../lib/gcc/avr/5.4.0/../../../../avr/lib/avr5\libm.a(divsf3.o)
                0x00000892                __divsf3
 .text.avr-libc.fplib
                0x0000089a       0xdc d:/engineering/3rd year (computer dep.)/2nd term/avr studio/7.0/toolchain/avr8/avr8-gnu-toolchain/bin/../lib/gcc/avr/5.4.0/../../../../avr/lib/avr5\libm.a(divsf3x.o)
                0x000008ba                __divsf3x
                0x000008c0                __divsf3_pse
 .text.avr-libc.fplib
                0x00000976       0x5e d:/engineering/3rd year (computer dep.)/2nd term/avr studio/7.0/toolchain/avr8/avr8-gnu-toolchain/bin/../lib/gcc/avr/5.4.0/../../../../avr/lib/avr5\libm.a(fixunssfsi.o)
                0x00000976                __fixunssfsi
 .text.avr-libc.fplib
                0x000009d4        0xc d:/engineering/3rd year (computer dep.)/2nd term/avr studio/7.0/toolchain/avr8/avr8-gnu-toolchain/bin/../lib/gcc/avr/5.4.0/../../../../avr/lib/avr5\libm.a(fp_inf.o)
                0x000009d4                __fp_inf
 .text.avr-libc.fplib
                0x000009e0        0x6 d:/engineering/3rd year (computer dep.)/2nd term/avr studio/7.0/toolchain/avr8/avr8-gnu-toolchain/bin/../lib/gcc/avr/5.4.0/../../../../avr/lib/avr5\libm.a(fp_nan.o)
                0x000009e0                __fp_nan
 .text.avr-libc.fplib
                0x000009e6        0xe d:/engineering/3rd year (computer dep.)/2nd term/avr studio/7.0/toolchain/avr8/avr8-gnu-toolchain/bin/../lib/gcc/avr/5.4.0/../../../../avr/lib/avr5\libm.a(fp_pscA.o)
                0x000009e6                __fp_pscA
 .text.avr-libc.fplib
                0x000009f4        0xe d:/engineering/3rd year (computer dep.)/2nd term/avr studio/7.0/toolchain/avr8/avr8-gnu-toolchain/bin/../lib/gcc/avr/5.4.0/../../../../avr/lib/avr5\libm.a(fp_pscB.o)
                0x000009f4                __fp_pscB
 .text.avr-libc.fplib
                0x00000a02       0x22 d:/engineering/3rd year (computer dep.)/2nd term/avr studio/7.0/toolchain/avr8/avr8-gnu-toolchain/bin/../lib/gcc/avr/5.4.0/../../../../avr/lib/avr5\libm.a(fp_round.o)
                0x00000a02                __fp_round
 .text.avr-libc.fplib
                0x00000a24       0x44 d:/engineering/3rd year (computer dep.)/2nd term/avr studio/7.0/toolchain/avr8/avr8-gnu-toolchain/bin/../lib/gcc/avr/5.4.0/../../../../avr/lib/avr5\libm.a(fp_split3.o)
                0x00000a24                __fp_split3
                0x00000a34                __fp_splitA
 .text.avr-libc.fplib
                0x00000a68        0xe d:/engineering/3rd year (computer dep.)/2nd term/avr studio/7.0/toolchain/avr8/avr8-gnu-toolchain/bin/../lib/gcc/avr/5.4.0/../../../../avr/lib/avr5\libm.a(fp_zero.o)
                0x00000a68                __fp_zero
                0x00000a6a                __fp_szero
 .text.avr-libc.fplib
                0x00000a76        0x8 d:/engineering/3rd year (computer dep.)/2nd term/avr studio/7.0/toolchain/avr8/avr8-gnu-toolchain/bin/../lib/gcc/avr/5.4.0/../../../../avr/lib/avr5\libm.a(mulsf3.o)
                0x00000a76                __mulsf3
 .text.avr-libc.fplib
                0x00000a7e       0xd2 d:/engineering/3rd year (computer dep.)/2nd term/avr studio/7.0/toolchain/avr8/avr8-gnu-toolchain/bin/../lib/gcc/avr/5.4.0/../../../../avr/lib/avr5\libm.a(mulsf3x.o)
                0x00000a9c                __mulsf3x
                0x00000aa2                __mulsf3_pse
                0x00000b50                . = ALIGN (0x2)
 *(.fini9)
 .fini9         0x00000b50        0x0 d:/engineering/3rd year (computer dep.)/2nd term/avr studio/7.0/toolchain/avr8/avr8-gnu-toolchain/bin/../lib/gcc/avr/5.4.0/avr5\libgcc.a(_exit.o)
                0x00000b50                _exit
                0x00000b50                exit
 *(.fini9)
 *(.fini8)
 *(.fini8)
 *(.fini7)
 *(.fini7)
 *(.fini6)
 *(.fini6)
 *(.fini5)
 *(.fini5)
 *(.fini4)
 *(.fini4)
 *(.fini3)
 *(.fini3)
 *(.fini2)
 *(.fini2)
 *(.fini1)
 *(.fini1)
 *(.fini0)
 .fini0         0x00000b50        0x4 d:/engineering/3rd year (computer dep.)/2nd term/avr studio/7.0/toolchain/avr8/avr8-gnu-toolchain/bin/../lib/gcc/avr/5.4.0/avr5\libgcc.a(_exit.o)
 *(.fini0)
                0x00000b54                _etext = .

.data           0x00800060        0x4 load address 0x00000b54
                0x00800060                PROVIDE (__data_start, .)
 *(.data)
 *(.data*)
 .data.G_u8Buffer
                0x00800060        0x3 APP/WaveGen/WaveGen_prg.o
                0x00800060                G_u8Buffer
 *(.gnu.linkonce.d*)
 *(.rodata)
 *(.rodata*)
 *(.gnu.linkonce.r*)
                0x00800064                . = ALIGN (0x2)
 *fill*         0x00800063        0x1 
                0x00800064                _edata = .
                0x00800064                PROVIDE (__data_end, .)

.bss            0x00800064       0x2d
                0x00800064                PROVIDE (__bss_start, .)
 *(.bss)
 *(.bss*)
 .bss.L_u8Index.1864
                0x00800064        0x1 APP/WaveGen/WaveGen_prg.o
 .bss.L_u8Flag.1865
                0x00800065        0x1 APP/WaveGen/WaveGen_prg.o
 .bss.G_vISRptr2
                0x00800066        0x2 MCAL/EXI/EXI_prg.o
 .bss.G_vISRptr1
                0x00800068        0x2 MCAL/EXI/EXI_prg.o
 .bss.G_vISRptr0
                0x0080006a        0x2 MCAL/EXI/EXI_prg.o
 .bss.L_u32Counter.1767
                0x0080006c        0x4 MCAL/TIMER/TIMER_prg.o
 .bss.L_u32Counter.1763
                0x00800070        0x4 MCAL/TIMER/TIMER_prg.o
 .bss.L_u32Counter.1759
                0x00800074        0x4 MCAL/TIMER/TIMER_prg.o
 .bss.L_u32Counter.1755
                0x00800078        0x4 MCAL/TIMER/TIMER_prg.o
 .bss.G_u8DataSend
                0x0080007c        0x1 MCAL/UART/UART_prg.o
 *(COMMON)
 COMMON         0x0080007d        0x2 MCAL/ADC/ADC_prg.o
                0x0080007d                G_vISRptr
 COMMON         0x0080007f        0x2 MCAL/SPI/SPI_prg.o
                0x0080007f                GLB_PTR_FUNC
 COMMON         0x00800081        0xe MCAL/TIMER/TIMER_prg.o
                0x00800081                GLB_PTRF_TIM0_OVF
                0x00800083                GLB_PTRF_TIM1_CTC
                0x00800085                GLB_PTRF_TIM2_CTC
                0x00800087                GLB_PTRF_TIM0_CTC
                0x00800089                GLB_PTRF_TIM2_OVF
                0x0080008b                GLB_PTRF_TIM1_OVF
                0x0080008d                GLB_PTRF_TIM1_ICU
 COMMON         0x0080008f        0x2 MCAL/UART/UART_prg.o
                0x0080008f                G_PTR_FUNC_RX
                0x00800091                PROVIDE (__bss_end, .)
                0x00000b54                __data_load_start = LOADADDR (.data)
                0x00000b58                __data_load_end = (__data_load_start + SIZEOF (.data))

.noinit         0x00800091        0x0
                [!provide]                PROVIDE (__noinit_start, .)
 *(.noinit*)
                [!provide]                PROVIDE (__noinit_end, .)
                0x00800091                _end = .
                [!provide]                PROVIDE (__heap_start, .)

.eeprom         0x00810000        0x0
 *(.eeprom*)
                0x00810000                __eeprom_end = .

.fuse
 *(.fuse)
 *(.lfuse)
 *(.hfuse)
 *(.efuse)

.lock
 *(.lock*)

.signature
 *(.signature*)

.user_signatures
 *(.user_signatures*)

.stab
 *(.stab)

.stabstr
 *(.stabstr)

.stab.excl
 *(.stab.excl)

.stab.exclstr
 *(.stab.exclstr)

.stab.index
 *(.stab.index)

.stab.indexstr
 *(.stab.indexstr)

.comment        0x00000000       0x30
 *(.comment)
 .comment       0x00000000       0x30 APP/main.o
                                 0x31 (size before relaxing)
 .comment       0x00000030       0x31 APP/WaveGen/WaveGen_prg.o
 .comment       0x00000030       0x31 MCAL/ADC/ADC_prg.o
 .comment       0x00000030       0x31 MCAL/DIO/DIO_prg.o
 .comment       0x00000030       0x31 MCAL/EXI/EXI_prg.o
 .comment       0x00000030       0x31 MCAL/GIE/GIE_prg.o
 .comment       0x00000030       0x31 MCAL/SPI/SPI_prg.o
 .comment       0x00000030       0x31 MCAL/TIMER/TIMER_prg.o
 .comment       0x00000030       0x31 MCAL/UART/UART_prg.o

.note.gnu.avr.deviceinfo
                0x00000000       0x3c
 .note.gnu.avr.deviceinfo
                0x00000000       0x3c d:/engineering/3rd year (computer dep.)/2nd term/avr studio/7.0/toolchain/avr8/avr8-gnu-toolchain/bin/../lib/gcc/avr/5.4.0/../../../../avr/lib/avr5/crtatmega32.o

.note.gnu.build-id
 *(.note.gnu.build-id)

.debug
 *(.debug)

.line
 *(.line)

.debug_srcinfo
 *(.debug_srcinfo)

.debug_sfnames
 *(.debug_sfnames)

.debug_aranges  0x00000000      0x2d0
 *(.debug_aranges)
 .debug_aranges
                0x00000000       0x20 APP/main.o
 .debug_aranges
                0x00000020       0x30 APP/WaveGen/WaveGen_prg.o
 .debug_aranges
                0x00000050       0x38 MCAL/ADC/ADC_prg.o
 .debug_aranges
                0x00000088       0x58 MCAL/DIO/DIO_prg.o
 .debug_aranges
                0x000000e0       0x50 MCAL/EXI/EXI_prg.o
 .debug_aranges
                0x00000130       0x28 MCAL/GIE/GIE_prg.o
 .debug_aranges
                0x00000158       0x58 MCAL/SPI/SPI_prg.o
 .debug_aranges
                0x000001b0       0xb8 MCAL/TIMER/TIMER_prg.o
 .debug_aranges
                0x00000268       0x68 MCAL/UART/UART_prg.o

.debug_pubnames
 *(.debug_pubnames)

.debug_info     0x00000000     0x1b4d
 *(.debug_info .gnu.linkonce.wi.*)
 .debug_info    0x00000000      0x4e6 d:/engineering/3rd year (computer dep.)/2nd term/avr studio/7.0/toolchain/avr8/avr8-gnu-toolchain/bin/../lib/gcc/avr/5.4.0/../../../../avr/lib/avr5/crtatmega32.o
 .debug_info    0x000004e6       0xae APP/main.o
 .debug_info    0x00000594      0x31f APP/WaveGen/WaveGen_prg.o
 .debug_info    0x000008b3      0x13c MCAL/ADC/ADC_prg.o
 .debug_info    0x000009ef      0x244 MCAL/DIO/DIO_prg.o
 .debug_info    0x00000c33      0x230 MCAL/EXI/EXI_prg.o
 .debug_info    0x00000e63       0xc3 MCAL/GIE/GIE_prg.o
 .debug_info    0x00000f26      0x2db MCAL/SPI/SPI_prg.o
 .debug_info    0x00001201      0x68e MCAL/TIMER/TIMER_prg.o
 .debug_info    0x0000188f      0x2be MCAL/UART/UART_prg.o

.debug_abbrev   0x00000000      0xeec
 *(.debug_abbrev)
 .debug_abbrev  0x00000000      0x4a3 d:/engineering/3rd year (computer dep.)/2nd term/avr studio/7.0/toolchain/avr8/avr8-gnu-toolchain/bin/../lib/gcc/avr/5.4.0/../../../../avr/lib/avr5/crtatmega32.o
 .debug_abbrev  0x000004a3       0x68 APP/main.o
 .debug_abbrev  0x0000050b      0x1bc APP/WaveGen/WaveGen_prg.o
 .debug_abbrev  0x000006c7       0xe9 MCAL/ADC/ADC_prg.o
 .debug_abbrev  0x000007b0       0xba MCAL/DIO/DIO_prg.o
 .debug_abbrev  0x0000086a       0xc4 MCAL/EXI/EXI_prg.o
 .debug_abbrev  0x0000092e       0x5c MCAL/GIE/GIE_prg.o
 .debug_abbrev  0x0000098a      0x15c MCAL/SPI/SPI_prg.o
 .debug_abbrev  0x00000ae6      0x26d MCAL/TIMER/TIMER_prg.o
 .debug_abbrev  0x00000d53      0x199 MCAL/UART/UART_prg.o

.debug_line     0x00000000     0x10cd
 *(.debug_line .debug_line.* .debug_line_end)
 .debug_line    0x00000000       0x1a d:/engineering/3rd year (computer dep.)/2nd term/avr studio/7.0/toolchain/avr8/avr8-gnu-toolchain/bin/../lib/gcc/avr/5.4.0/../../../../avr/lib/avr5/crtatmega32.o
 .debug_line    0x0000001a       0x6b APP/main.o
 .debug_line    0x00000085      0x2aa APP/WaveGen/WaveGen_prg.o
 .debug_line    0x0000032f      0x102 MCAL/ADC/ADC_prg.o
 .debug_line    0x00000431      0x25d MCAL/DIO/DIO_prg.o
 .debug_line    0x0000068e      0x17b MCAL/EXI/EXI_prg.o
 .debug_line    0x00000809       0x91 MCAL/GIE/GIE_prg.o
 .debug_line    0x0000089a      0x228 MCAL/SPI/SPI_prg.o
 .debug_line    0x00000ac2      0x3d3 MCAL/TIMER/TIMER_prg.o
 .debug_line    0x00000e95      0x238 MCAL/UART/UART_prg.o

.debug_frame    0x00000000      0x898
 *(.debug_frame)
 .debug_frame   0x00000000       0x24 APP/main.o
 .debug_frame   0x00000024       0x44 APP/WaveGen/WaveGen_prg.o
 .debug_frame   0x00000068       0x9c MCAL/ADC/ADC_prg.o
 .debug_frame   0x00000104       0x94 MCAL/DIO/DIO_prg.o
 .debug_frame   0x00000198      0x15c MCAL/EXI/EXI_prg.o
 .debug_frame   0x000002f4       0x34 MCAL/GIE/GIE_prg.o
 .debug_frame   0x00000328       0xf4 MCAL/SPI/SPI_prg.o
 .debug_frame   0x0000041c      0x328 MCAL/TIMER/TIMER_prg.o
 .debug_frame   0x00000744      0x154 MCAL/UART/UART_prg.o

.debug_str      0x00000000      0xb7b
 *(.debug_str)
 .debug_str     0x00000000      0x196 d:/engineering/3rd year (computer dep.)/2nd term/avr studio/7.0/toolchain/avr8/avr8-gnu-toolchain/bin/../lib/gcc/avr/5.4.0/../../../../avr/lib/avr5/crtatmega32.o
 .debug_str     0x00000196      0x16d APP/main.o
                                0x1a1 (size before relaxing)
 .debug_str     0x00000303      0x16b APP/WaveGen/WaveGen_prg.o
                                0x2f9 (size before relaxing)
 .debug_str     0x0000046e       0x96 MCAL/ADC/ADC_prg.o
                                0x1fe (size before relaxing)
 .debug_str     0x00000504       0xae MCAL/DIO/DIO_prg.o
                                0x236 (size before relaxing)
 .debug_str     0x000005b2       0xa2 MCAL/EXI/EXI_prg.o
                                0x228 (size before relaxing)
 .debug_str     0x00000654       0x32 MCAL/GIE/GIE_prg.o
                                0x1b2 (size before relaxing)
 .debug_str     0x00000686       0xc4 MCAL/SPI/SPI_prg.o
                                0x25c (size before relaxing)
 .debug_str     0x0000074a      0x36d MCAL/TIMER/TIMER_prg.o
                                0x526 (size before relaxing)
 .debug_str     0x00000ab7       0xc4 MCAL/UART/UART_prg.o
                                0x2c4 (size before relaxing)

.debug_loc      0x00000000     0x1306
 *(.debug_loc)
 .debug_loc     0x00000000       0x65 APP/WaveGen/WaveGen_prg.o
 .debug_loc     0x00000065      0x10d MCAL/ADC/ADC_prg.o
 .debug_loc     0x00000172      0x2ad MCAL/DIO/DIO_prg.o
 .debug_loc     0x0000041f      0x261 MCAL/EXI/EXI_prg.o
 .debug_loc     0x00000680      0x1a5 MCAL/SPI/SPI_prg.o
 .debug_loc     0x00000825      0x7f6 MCAL/TIMER/TIMER_prg.o
 .debug_loc     0x0000101b      0x2eb MCAL/UART/UART_prg.o

.debug_macinfo
 *(.debug_macinfo)

.debug_weaknames
 *(.debug_weaknames)

.debug_funcnames
 *(.debug_funcnames)

.debug_typenames
 *(.debug_typenames)

.debug_varnames
 *(.debug_varnames)

.debug_pubtypes
 *(.debug_pubtypes)

.debug_ranges   0x00000000      0x240
 *(.debug_ranges)
 .debug_ranges  0x00000000       0x10 APP/main.o
 .debug_ranges  0x00000010       0x20 APP/WaveGen/WaveGen_prg.o
 .debug_ranges  0x00000030       0x28 MCAL/ADC/ADC_prg.o
 .debug_ranges  0x00000058       0x48 MCAL/DIO/DIO_prg.o
 .debug_ranges  0x000000a0       0x40 MCAL/EXI/EXI_prg.o
 .debug_ranges  0x000000e0       0x18 MCAL/GIE/GIE_prg.o
 .debug_ranges  0x000000f8       0x48 MCAL/SPI/SPI_prg.o
 .debug_ranges  0x00000140       0xa8 MCAL/TIMER/TIMER_prg.o
 .debug_ranges  0x000001e8       0x58 MCAL/UART/UART_prg.o

.debug_macro
 *(.debug_macro)
OUTPUT(Computer Interface Lap.elf elf32-avr)
LOAD linker stubs
