Archive member included to satisfy reference by file (symbol)

d:/engineering/3rd year (computer dep.)/2nd term/avr studio/7.0/toolchain/avr8/avr8-gnu-toolchain/bin/../lib/gcc/avr/5.4.0/../../../../avr/lib/avr5\libm.a(addsf3.o)
                              Source/HAL/LCD/LCD_prg.o (__subsf3)
d:/engineering/3rd year (computer dep.)/2nd term/avr studio/7.0/toolchain/avr8/avr8-gnu-toolchain/bin/../lib/gcc/avr/5.4.0/../../../../avr/lib/avr5\libm.a(addsf3x.o)
                              d:/engineering/3rd year (computer dep.)/2nd term/avr studio/7.0/toolchain/avr8/avr8-gnu-toolchain/bin/../lib/gcc/avr/5.4.0/../../../../avr/lib/avr5\libm.a(addsf3.o) (__addsf3x)
d:/engineering/3rd year (computer dep.)/2nd term/avr studio/7.0/toolchain/avr8/avr8-gnu-toolchain/bin/../lib/gcc/avr/5.4.0/../../../../avr/lib/avr5\libm.a(ceil.o)
                              Source/MCAL/TIM0/TIM0_prg.o (ceil)
d:/engineering/3rd year (computer dep.)/2nd term/avr studio/7.0/toolchain/avr8/avr8-gnu-toolchain/bin/../lib/gcc/avr/5.4.0/../../../../avr/lib/avr5\libm.a(divsf3.o)
                              Source/MCAL/TIM0/TIM0_prg.o (__divsf3)
d:/engineering/3rd year (computer dep.)/2nd term/avr studio/7.0/toolchain/avr8/avr8-gnu-toolchain/bin/../lib/gcc/avr/5.4.0/../../../../avr/lib/avr5\libm.a(divsf3x.o)
                              d:/engineering/3rd year (computer dep.)/2nd term/avr studio/7.0/toolchain/avr8/avr8-gnu-toolchain/bin/../lib/gcc/avr/5.4.0/../../../../avr/lib/avr5\libm.a(divsf3.o) (__divsf3x)
d:/engineering/3rd year (computer dep.)/2nd term/avr studio/7.0/toolchain/avr8/avr8-gnu-toolchain/bin/../lib/gcc/avr/5.4.0/../../../../avr/lib/avr5\libm.a(fixunssfsi.o)
                              Source/HAL/LCD/LCD_prg.o (__fixunssfsi)
d:/engineering/3rd year (computer dep.)/2nd term/avr studio/7.0/toolchain/avr8/avr8-gnu-toolchain/bin/../lib/gcc/avr/5.4.0/../../../../avr/lib/avr5\libm.a(floatsisf.o)
                              Source/HAL/LCD/LCD_prg.o (__floatunsisf)
d:/engineering/3rd year (computer dep.)/2nd term/avr studio/7.0/toolchain/avr8/avr8-gnu-toolchain/bin/../lib/gcc/avr/5.4.0/../../../../avr/lib/avr5\libm.a(fp_inf.o)
                              d:/engineering/3rd year (computer dep.)/2nd term/avr studio/7.0/toolchain/avr8/avr8-gnu-toolchain/bin/../lib/gcc/avr/5.4.0/../../../../avr/lib/avr5\libm.a(addsf3x.o) (__fp_inf)
d:/engineering/3rd year (computer dep.)/2nd term/avr studio/7.0/toolchain/avr8/avr8-gnu-toolchain/bin/../lib/gcc/avr/5.4.0/../../../../avr/lib/avr5\libm.a(fp_mintl.o)
                              d:/engineering/3rd year (computer dep.)/2nd term/avr studio/7.0/toolchain/avr8/avr8-gnu-toolchain/bin/../lib/gcc/avr/5.4.0/../../../../avr/lib/avr5\libm.a(ceil.o) (__fp_mintl)
d:/engineering/3rd year (computer dep.)/2nd term/avr studio/7.0/toolchain/avr8/avr8-gnu-toolchain/bin/../lib/gcc/avr/5.4.0/../../../../avr/lib/avr5\libm.a(fp_mpack.o)
                              d:/engineering/3rd year (computer dep.)/2nd term/avr studio/7.0/toolchain/avr8/avr8-gnu-toolchain/bin/../lib/gcc/avr/5.4.0/../../../../avr/lib/avr5\libm.a(ceil.o) (__fp_mpack)
d:/engineering/3rd year (computer dep.)/2nd term/avr studio/7.0/toolchain/avr8/avr8-gnu-toolchain/bin/../lib/gcc/avr/5.4.0/../../../../avr/lib/avr5\libm.a(fp_nan.o)
                              d:/engineering/3rd year (computer dep.)/2nd term/avr studio/7.0/toolchain/avr8/avr8-gnu-toolchain/bin/../lib/gcc/avr/5.4.0/../../../../avr/lib/avr5\libm.a(addsf3x.o) (__fp_nan)
d:/engineering/3rd year (computer dep.)/2nd term/avr studio/7.0/toolchain/avr8/avr8-gnu-toolchain/bin/../lib/gcc/avr/5.4.0/../../../../avr/lib/avr5\libm.a(fp_pscA.o)
                              d:/engineering/3rd year (computer dep.)/2nd term/avr studio/7.0/toolchain/avr8/avr8-gnu-toolchain/bin/../lib/gcc/avr/5.4.0/../../../../avr/lib/avr5\libm.a(addsf3x.o) (__fp_pscA)
d:/engineering/3rd year (computer dep.)/2nd term/avr studio/7.0/toolchain/avr8/avr8-gnu-toolchain/bin/../lib/gcc/avr/5.4.0/../../../../avr/lib/avr5\libm.a(fp_pscB.o)
                              d:/engineering/3rd year (computer dep.)/2nd term/avr studio/7.0/toolchain/avr8/avr8-gnu-toolchain/bin/../lib/gcc/avr/5.4.0/../../../../avr/lib/avr5\libm.a(addsf3x.o) (__fp_pscB)
d:/engineering/3rd year (computer dep.)/2nd term/avr studio/7.0/toolchain/avr8/avr8-gnu-toolchain/bin/../lib/gcc/avr/5.4.0/../../../../avr/lib/avr5\libm.a(fp_round.o)
                              d:/engineering/3rd year (computer dep.)/2nd term/avr studio/7.0/toolchain/avr8/avr8-gnu-toolchain/bin/../lib/gcc/avr/5.4.0/../../../../avr/lib/avr5\libm.a(addsf3.o) (__fp_round)
d:/engineering/3rd year (computer dep.)/2nd term/avr studio/7.0/toolchain/avr8/avr8-gnu-toolchain/bin/../lib/gcc/avr/5.4.0/../../../../avr/lib/avr5\libm.a(fp_split3.o)
                              d:/engineering/3rd year (computer dep.)/2nd term/avr studio/7.0/toolchain/avr8/avr8-gnu-toolchain/bin/../lib/gcc/avr/5.4.0/../../../../avr/lib/avr5\libm.a(addsf3x.o) (__fp_split3)
[...]
Memory Configuration

Name             Origin             Length             Attributes
text             0x00000000         0x00008000         xr
data             0x00800060         0x00000800         rw !x
eeprom           0x00810000         0x00000400         rw !x
fuse             0x00820000         0x00000002         rw !x
lock             0x00830000         0x00000400         rw !x
signature        0x00840000         0x00000400         rw !x
user_signatures  0x00850000         0x00000400         rw !x
*default*        0x00000000         0xffffffff

Linker script and memory map

LOAD D:/Engineering/3rd year (computer dep.)/2nd term/AVR STUDIO/7.0/Packs/atmel/ATmega_DFP/1.6.364/gcc/dev/atmega32/avr5/crtatmega32.o
LOAD Source/APP/APPSYS/APPSYS.o
LOAD Source/APP/main.o
LOAD Source/HAL/DCM/DCM_prg.o
LOAD Source/HAL/HC/HC_prg.o
LOAD Source/HAL/KeyPad/KeyPad_prg.o
LOAD Source/HAL/LCD/LCD_prg.o
LOAD Source/HAL/LDR/LDR_prg.o
LOAD Source/HAL/SERVO/SERVO_prg.o
LOAD Source/HAL/TEMPS/TEMPS_prg.o
LOAD Source/MCAL/ADC/ADC_prg.o
LOAD Source/MCAL/DIO/DIO_prg.o
LOAD Source/MCAL/EEPROM/EEPROM_prg.o
LOAD Source/MCAL/EXTI/EXTI_prg.o
LOAD Source/MCAL/GIE/GIE_prg.o
LOAD Source/MCAL/MCU/MCU.o
LOAD Source/MCAL/TIM0/TIM0_prg.o
LOAD Source/MCAL/TIM1/TIM1_prg.o
LOAD Source/MCAL/TIM2/TIM2_prg.o
LOAD Source/MCAL/UART/UART_prg.o
LOAD Source/MCAL/WDT/WDT_prg.o
START GROUP
LOAD d:/engineering/3rd year (computer dep.)/2nd term/avr studio/7.0/toolchain/avr8/avr8-gnu-toolchain/bin/../lib/gcc/avr/5.4.0/../../../../avr/lib/avr5\libm.a
END GROUP
START GROUP
LOAD d:/engineering/3rd year (computer dep.)/2nd term/avr studio/7.0/toolchain/avr8/avr8-gnu-toolchain/bin/../lib/gcc/avr/5.4.0/avr5\libgcc.a
LOAD d:/engineering/3rd year (computer dep.)/2nd term/avr studio/7.0/toolchain/avr8/avr8-gnu-toolchain/bin/../lib/gcc/avr/5.4.0/../../../../avr/lib/avr5\libm.a
LOAD d:/engineering/3rd year (computer dep.)/2nd term/avr studio/7.0/toolchain/avr8/avr8-gnu-toolchain/bin/../lib/gcc/avr/5.4.0/../../../../avr/lib/avr5\libc.a
LOAD D:/Engineering/3rd year (computer dep.)/2nd term/AVR STUDIO/7.0/Packs/atmel/ATmega_DFP/1.6.364/gcc/dev/atmega32/avr5\libatmega32.a
END GROUP
                0x00000000                __TEXT_REGION_ORIGIN__ = DEFINED (__TEXT_REGION_ORIGIN__)?__TEXT_REGION_ORIGIN__:0x0
                [0x00800060]                __DATA_REGION_ORIGIN__ = DEFINED (__DATA_REGION_ORIGIN__)?__DATA_REGION_ORIGIN__:0x800060
                [0x00008000]                __TEXT_REGION_LENGTH__ = DEFINED (__TEXT_REGION_LENGTH__)?__TEXT_REGION_LENGTH__:0x20000
                [0x00000800]                __DATA_REGION_LENGTH__ = DEFINED (__DATA_REGION_LENGTH__)?__DATA_REGION_LENGTH__:0xffa0
                [0x00000400]                __EEPROM_REGION_LENGTH__ = DEFINED (__EEPROM_REGION_LENGTH__)?__EEPROM_REGION_LENGTH__:0x10000
                [0x00000002]                __FUSE_REGION_LENGTH__ = DEFINED (__FUSE_REGION_LENGTH__)?__FUSE_REGION_LENGTH__:0x400
                0x00000400                __LOCK_REGION_LENGTH__ = DEFINED (__LOCK_REGION_LENGTH__)?__LOCK_REGION_LENGTH__:0x400
                0x00000400                __SIGNATURE_REGION_LENGTH__ = DEFINED (__SIGNATURE_REGION_LENGTH__)?__SIGNATURE_REGION_LENGTH__:0x400
                0x00000400                __USER_SIGNATURE_REGION_LENGTH__ = DEFINED (__USER_SIGNATURE_REGION_LENGTH__)?__USER_SIGNATURE_REGION_LENGTH__:0x400

.hash
 *(.hash)

.dynsym
 *(.dynsym)

.dynstr
 *(.dynstr)

.gnu.version
 *(.gnu.version)

.gnu.version_d
 *(.gnu.version_d)

.gnu.version_r
 *(.gnu.version_r)

.rel.init
 *(.rel.init)

.rela.init
 *(.rela.init)

.rel.text
 *(.rel.text)
 *(.rel.text.*)
 *(.rel.gnu.linkonce.t*)

.rela.text
 *(.rela.text)
 *(.rela.text.*)
 *(.rela.gnu.linkonce.t*)

.rel.fini
 *(.rel.fini)

.rela.fini
 *(.rela.fini)

.rel.rodata
 *(.rel.rodata)
 *(.rel.rodata.*)
 *(.rel.gnu.linkonce.r*)

.rela.rodata
 *(.rela.rodata)
 *(.rela.rodata.*)
 *(.rela.gnu.linkonce.r*)

.rel.data
 *(.rel.data)
 *(.rel.data.*)
 *(.rel.gnu.linkonce.d*)

.rela.data
 *(.rela.data)
 *(.rela.data.*)
 *(.rela.gnu.linkonce.d*)

.rel.ctors
 *(.rel.ctors)

.rela.ctors
 *(.rela.ctors)

.rel.dtors
 *(.rel.dtors)

.rela.dtors
 *(.rela.dtors)

.rel.got
 *(.rel.got)

.rela.got
 *(.rela.got)

.rel.bss
 *(.rel.bss)

.rela.bss
 *(.rela.bss)

.rel.plt
 *(.rel.plt)

.rela.plt
 *(.rela.plt)

.text           0x00000000     0x20a6
 *(.vectors)
 .vectors       0x00000000       0x54 D:/Engineering/3rd year (computer dep.)/2nd term/AVR STUDIO/7.0/Packs/atmel/ATmega_DFP/1.6.364/gcc/dev/atmega32/avr5/crtatmega32.o
                0x00000000                __vector_default
                0x00000000                __vectors
 *(.vectors)
 *(.progmem.gcc*)
                0x00000054                . = ALIGN (0x2)
                0x00000054                __trampolines_start = .
 *(.trampolines)
 .trampolines   0x00000054        0x0 linker stubs
 *(.trampolines*)
                0x00000054                __trampolines_end = .
 *libprintf_flt.a:*(.progmem.data)
 *libc.a:*(.progmem.data)
 *(.progmem*)
                0x00000054                . = ALIGN (0x2)
 *(.jumptables)
 *(.jumptables*)
 *(.lowtext)
 *(.lowtext*)
                0x00000054                __ctors_start = .
 *(.ctors)
                0x00000054                __ctors_end = .
                0x00000054                __dtors_start = .
 *(.dtors)
                0x00000054                __dtors_end = .
 SORT(*)(.ctors)
 SORT(*)(.dtors)
 *(.init0)
 .init0         0x00000054        0x0 D:/Engineering/3rd year (computer dep.)/2nd term/AVR STUDIO/7.0/Packs/atmel/ATmega_DFP/1.6.364/gcc/dev/atmega32/avr5/crtatmega32.o
                0x00000054                __init
 *(.init0)
 *(.init1)
 *(.init1)
 *(.init2)
 .init2         0x00000054        0xc D:/Engineering/3rd year (computer dep.)/2nd term/AVR STUDIO/7.0/Packs/atmel/ATmega_DFP/1.6.364/gcc/dev/atmega32/avr5/crtatmega32.o
 *(.init2)
 *(.init3)
 *(.init3)
 *(.init4)
 .init4         0x00000060       0x16 d:/engineering/3rd year (computer dep.)/2nd term/avr studio/7.0/toolchain/avr8/avr8-gnu-toolchain/bin/../lib/gcc/avr/5.4.0/avr5\libgcc.a(_copy_data.o)
                0x00000060                __do_copy_data
 .init4         0x00000076       0x10 d:/engineering/3rd year (computer dep.)/2nd term/avr studio/7.0/toolchain/avr8/avr8-gnu-toolchain/bin/../lib/gcc/avr/5.4.0/avr5\libgcc.a(_clear_bss.o)
                0x00000076                __do_clear_bss
 *(.init4)
 *(.init5)
 *(.init5)
 *(.init6)
 *(.init6)
 *(.init7)
 *(.init7)
 *(.init8)
 *(.init8)
 *(.init9)
 .init9         0x00000086        0x8 D:/Engineering/3rd year (computer dep.)/2nd term/AVR STUDIO/7.0/Packs/atmel/ATmega_DFP/1.6.364/gcc/dev/atmega32/avr5/crtatmega32.o
 *(.init9)
 *(.text)
 .text          0x0000008e        0x4 D:/Engineering/3rd year (computer dep.)/2nd term/AVR STUDIO/7.0/Packs/atmel/ATmega_DFP/1.6.364/gcc/dev/atmega32/avr5/crtatmega32.o
                0x0000008e                __bad_interrupt
                0x0000008e                __vector_17
                0x0000008e                __vector_19
                0x0000008e                __vector_18
                0x0000008e                __vector_20
                0x0000008e                __vector_12
                0x00000092                . = ALIGN (0x2)
 *(.text.*)
 .text.DisplayOverLCD
                0x00000092       0x8a Source/APP/APPSYS/APPSYS.o
                0x00000092                DisplayOverLCD
 .text.toHex    0x0000011c       0x7c Source/APP/APPSYS/APPSYS.o
 .text.Timer0Elapsed_KeyOFF
                0x00000198       0x9c Source/APP/APPSYS/APPSYS.o
                0x00000198                Timer0Elapsed_KeyOFF
 .text.Animation1_LcdPassword
                0x00000234       0x32 Source/APP/APPSYS/APPSYS.o
                0x00000234                Animation1_LcdPassword
 .text.StartKeypad
                0x00000266       0xa4 Source/APP/APPSYS/APPSYS.o
                0x00000266                StartKeypad
 .text.System_SendFrame
                0x0000030a       0xa2 Source/APP/APPSYS/APPSYS.o
                0x0000030a                System_SendFrame
 .text.System_Start
                0x000003ac       0xea Source/APP/APPSYS/APPSYS.o
                0x000003ac                System_Start
 .text.LedIntensity_AutoControl
                0x00000496       0x66 Source/APP/APPSYS/APPSYS.o
                0x00000496                LedIntensity_AutoControl
 .text.System_WakeUp
                0x000004fc      0x226 Source/APP/APPSYS/APPSYS.o
                0x000004fc                System_WakeUp
 .text.FanSpeed_AutoControl
                0x00000722       0x60 Source/APP/APPSYS/APPSYS.o
                0x00000722                FanSpeed_AutoControl
 .text.System_CommandsHandler
                0x00000782      0x144 Source/APP/APPSYS/APPSYS.o
                0x00000782                System_CommandsHandler
 .text.System_UartHandler
                0x000008c6       0x5c Source/APP/APPSYS/APPSYS.o
                0x000008c6                System_UartHandler
 .text.startup.main
                0x00000922        0xe Source/APP/main.o
                0x00000922                main
 .text.DCM_vInit
                0x00000930        0xa Source/HAL/DCM/DCM_prg.o
                0x00000930                DCM_vInit
 .text.DCM_vTurnOn
                0x0000093a        0x4 Source/HAL/DCM/DCM_prg.o
                0x0000093a                DCM_vTurnOn
 .text.DCM_vTurnOff
                0x0000093e        0x4 Source/HAL/DCM/DCM_prg.o
                0x0000093e                DCM_vTurnOff
 .text.DCM_vSetPWM
                0x00000942        0xa Source/HAL/DCM/DCM_prg.o
                0x00000942                DCM_vSetPWM
 .text.HC_vInit
                0x0000094c       0x1c Source/HAL/HC/HC_prg.o
                0x0000094c                HC_vInit
 .text.HC_vSendData
                0x00000968        0x6 Source/HAL/HC/HC_prg.o
                0x00000968                HC_vSendData
 .text.HC_u8ReceiveDataAsync
                0x0000096e        0x4 Source/HAL/HC/HC_prg.o
                0x0000096e                HC_u8ReceiveDataAsync
 .text.HC_vSendString
                0x00000972        0x4 Source/HAL/HC/HC_prg.o
                0x00000972                HC_vSendString
 .text.KeyPad_vInit
                0x00000976       0x3c Source/HAL/KeyPad/KeyPad_prg.o
                0x00000976                KeyPad_vInit
 .text.KeyPad_u8GetPressedKey
                0x000009b2       0x8e Source/HAL/KeyPad/KeyPad_prg.o
                0x000009b2                KeyPad_u8GetPressedKey
 .text.u8IntToString
                0x00000a40      0x19e Source/HAL/LCD/LCD_prg.o
 .text.LCD_vSendCmd
                0x00000bde       0xb2 Source/HAL/LCD/LCD_prg.o
 .text.LCD_vSendData
                0x00000c90       0xbc Source/HAL/LCD/LCD_prg.o
 .text.LCD_vInit
                0x00000d4c       0xd0 Source/HAL/LCD/LCD_prg.o
                0x00000d4c                LCD_vInit
 .text.LCD_vDispChar
                0x00000e1c        0x4 Source/HAL/LCD/LCD_prg.o
                0x00000e1c                LCD_vDispChar
 .text.LCD_vDispStr
                0x00000e20       0x26 Source/HAL/LCD/LCD_prg.o
                0x00000e20                LCD_vDispStr
 .text.LCD_vClrDisp
                0x00000e46       0x12 Source/HAL/LCD/LCD_prg.o
                0x00000e46                LCD_vClrDisp
 .text.LCD_vSetPosition
                0x00000e58       0x16 Source/HAL/LCD/LCD_prg.o
                0x00000e58                LCD_vSetPosition
 .text.LCD_vDispNum
                0x00000e6e       0x2a Source/HAL/LCD/LCD_prg.o
                0x00000e6e                LCD_vDispNum
 .text.LDR_ConvertValue
                0x00000e98       0x56 Source/HAL/LDR/LDR_prg.o
                0x00000e98                LDR_ConvertValue
 .text.stateHandler
                0x00000eee       0x48 Source/HAL/SERVO/SERVO_prg.o
 .text.SERVO_vInit
                0x00000f36       0x16 Source/HAL/SERVO/SERVO_prg.o
                0x00000f36                SERVO_vInit
 .text.SERVO_vTurnOn
                0x00000f4c        0x4 Source/HAL/SERVO/SERVO_prg.o
                0x00000f4c                SERVO_vTurnOn
 .text.SERVO_vSetState
                0x00000f50       0x2a Source/HAL/SERVO/SERVO_prg.o
                0x00000f50                SERVO_vSetState
 .text.TEMPS_vInit
                0x00000f7a        0x4 Source/HAL/TEMPS/TEMPS_prg.o
                0x00000f7a                TEMPS_vInit
 .text.TEMPS_ConvertValue
                0x00000f7e       0x1a Source/HAL/TEMPS/TEMPS_prg.o
                0x00000f7e                TEMPS_ConvertValue
 .text.ADC_vInit
                0x00000f98       0x2e Source/MCAL/ADC/ADC_prg.o
                0x00000f98                ADC_vInit
 .text.ADC_StartChain
                0x00000fc6       0x60 Source/MCAL/ADC/ADC_prg.o
                0x00000fc6                ADC_StartChain
 .text.__vector_16
                0x00001026       0xd2 Source/MCAL/ADC/ADC_prg.o
                0x00001026                __vector_16
 .text.DIO_vSetPinDir
                0x000010f8       0xa2 Source/MCAL/DIO/DIO_prg.o
                0x000010f8                DIO_vSetPinDir
 .text.DIO_vSetPinVal
                0x0000119a       0xa2 Source/MCAL/DIO/DIO_prg.o
                0x0000119a                DIO_vSetPinVal
 .text.DIO_vPortVal_Maked
                0x0000123c       0x60 Source/MCAL/DIO/DIO_prg.o
                0x0000123c                DIO_vPortVal_Maked
 .text.DIO_u8GetPinVal
                0x0000129c       0x30 Source/MCAL/DIO/DIO_prg.o
                0x0000129c                DIO_u8GetPinVal
 .text.DIO_vTogPin
                0x000012cc       0x60 Source/MCAL/DIO/DIO_prg.o
                0x000012cc                DIO_vTogPin
 .text.EEPROM_vWrite
                0x0000132c        0xe Source/MCAL/EEPROM/EEPROM_prg.o
                0x0000132c                EEPROM_vWrite
 .text.EEPROM_u8Read
                0x0000133a        0xc Source/MCAL/EEPROM/EEPROM_prg.o
                0x0000133a                EEPROM_u8Read
 .text.EXTI_vInitINT0
                0x00001346       0x22 Source/MCAL/EXTI/EXTI_prg.o
                0x00001346                EXTI_vInitINT0
 .text.EXTI_vReg_Func
                0x00001368       0x2a Source/MCAL/EXTI/EXTI_prg.o
                0x00001368                EXTI_vReg_Func
 .text.__vector_1
                0x00001392       0x4e Source/MCAL/EXTI/EXTI_prg.o
                0x00001392                __vector_1
 .text.__vector_2
                0x000013e0       0x4e Source/MCAL/EXTI/EXTI_prg.o
                0x000013e0                __vector_2
 .text.__vector_3
                0x0000142e       0x4e Source/MCAL/EXTI/EXTI_prg.o
                0x0000142e                __vector_3
 .text.GIE_vEnableGlobaLInt
                0x0000147c        0x8 Source/MCAL/GIE/GIE_prg.o
                0x0000147c                GIE_vEnableGlobaLInt
 .text.Mcu_Init
                0x00001484       0x20 Source/MCAL/MCU/MCU.o
                0x00001484                Mcu_Init
 .text.TIM0_vInit
                0x000014a4       0x22 Source/MCAL/TIM0/TIM0_prg.o
                0x000014a4                TIM0_vInit
 .text.TIM0_vTurnOn
                0x000014c6        0xe Source/MCAL/TIM0/TIM0_prg.o
                0x000014c6                TIM0_vTurnOn
 .text.TIM0_vTurnOff
                0x000014d4        0xc Source/MCAL/TIM0/TIM0_prg.o
                0x000014d4                TIM0_vTurnOff
 .text.TIM0_vDelayMilli
                0x000014e0       0x70 Source/MCAL/TIM0/TIM0_prg.o
                0x000014e0                TIM0_vDelayMilli
 .text.__vector_10
                0x00001550       0x52 Source/MCAL/TIM0/TIM0_prg.o
                0x00001550                __vector_10
 .text.__vector_11
                0x000015a2       0x82 Source/MCAL/TIM0/TIM0_prg.o
                0x000015a2                __vector_11
 .text.TIM1_vInit
                0x00001624       0x4c Source/MCAL/TIM1/TIM1_prg.o
                0x00001624                TIM1_vInit
 .text.TIM1_vTurnOn
                0x00001670        0xe Source/MCAL/TIM1/TIM1_prg.o
                0x00001670                TIM1_vTurnOn
 .text.TIM1_vSetDutyCycleOC1B
                0x0000167e       0x28 Source/MCAL/TIM1/TIM1_prg.o
                0x0000167e                TIM1_vSetDutyCycleOC1B
 .text.__vector_6
                0x000016a6       0x52 Source/MCAL/TIM1/TIM1_prg.o
                0x000016a6                __vector_6
 .text.__vector_7
                0x000016f8       0x52 Source/MCAL/TIM1/TIM1_prg.o
                0x000016f8                __vector_7
 .text.__vector_8
                0x0000174a       0x52 Source/MCAL/TIM1/TIM1_prg.o
                0x0000174a                __vector_8
 .text.__vector_9
                0x0000179c       0x8c Source/MCAL/TIM1/TIM1_prg.o
                0x0000179c                __vector_9
 .text.TIM2_vInit
                0x00001828       0x18 Source/MCAL/TIM2/TIM2_prg.o
                0x00001828                TIM2_vInit
 .text.TIM2_vTurnOn
                0x00001840        0xe Source/MCAL/TIM2/TIM2_prg.o
                0x00001840                TIM2_vTurnOn
 .text.TIM2_vSetPreload
                0x0000184e        0x4 Source/MCAL/TIM2/TIM2_prg.o
                0x0000184e                TIM2_vSetPreload
 .text.TIM2_vCallBack_OVF2
                0x00001852        0xa Source/MCAL/TIM2/TIM2_prg.o
                0x00001852                TIM2_vCallBack_OVF2
 .text.__vector_4
                0x0000185c       0x52 Source/MCAL/TIM2/TIM2_prg.o
                0x0000185c                __vector_4
 .text.__vector_5
                0x000018ae       0x52 Source/MCAL/TIM2/TIM2_prg.o
                0x000018ae                __vector_5
 .text.UART_vInit
                0x00001900       0x30 Source/MCAL/UART/UART_prg.o
                0x00001900                UART_vInit
 .text.UART_vSendCharSync
                0x00001930        0x8 Source/MCAL/UART/UART_prg.o
                0x00001930                UART_vSendCharSync
 .text.UART_vSendStringSync
                0x00001938       0x2e Source/MCAL/UART/UART_prg.o
                0x00001938                UART_vSendStringSync
 .text.UART_vSetCallBackRX
                0x00001966        0xa Source/MCAL/UART/UART_prg.o
                0x00001966                UART_vSetCallBackRX
 .text.__vector_13
                0x00001970       0x56 Source/MCAL/UART/UART_prg.o
                0x00001970                __vector_13
 .text.__vector_14
                0x000019c6       0x52 Source/MCAL/UART/UART_prg.o
                0x000019c6                __vector_14
 .text.__vector_15
                0x00001a18       0x52 Source/MCAL/UART/UART_prg.o
                0x00001a18                __vector_15
 .text.avr-libc.fplib
                0x00001a6a        0xe d:/engineering/3rd year (computer dep.)/2nd term/avr studio/7.0/toolchain/avr8/avr8-gnu-toolchain/bin/../lib/gcc/avr/5.4.0/../../../../avr/lib/avr5\libm.a(addsf3.o)
                0x00001a6a                __subsf3
                0x00001a6c                __addsf3
 .text.avr-libc.fplib
                0x00001a78       0xcc d:/engineering/3rd year (computer dep.)/2nd term/avr studio/7.0/toolchain/avr8/avr8-gnu-toolchain/bin/../lib/gcc/avr/5.4.0/../../../../avr/lib/avr5\libm.a(addsf3x.o)
                0x00001a9a                __addsf3x
 .text.avr-libc.fplib
                0x00001b44       0x2e d:/engineering/3rd year (computer dep.)/2nd term/avr studio/7.0/toolchain/avr8/avr8-gnu-toolchain/bin/../lib/gcc/avr/5.4.0/../../../../avr/lib/avr5\libm.a(ceil.o)
                0x00001b44                ceil
 .text.avr-libc.fplib
                0x00001b72        0x8 d:/engineering/3rd year (computer dep.)/2nd term/avr studio/7.0/toolchain/avr8/avr8-gnu-toolchain/bin/../lib/gcc/avr/5.4.0/../../../../avr/lib/avr5\libm.a(divsf3.o)
                0x00001b72                __divsf3
 .text.avr-libc.fplib
                0x00001b7a       0xdc d:/engineering/3rd year (computer dep.)/2nd term/avr studio/7.0/toolchain/avr8/avr8-gnu-toolchain/bin/../lib/gcc/avr/5.4.0/../../../../avr/lib/avr5\libm.a(divsf3x.o)
                0x00001b9a                __divsf3x
                0x00001ba0                __divsf3_pse
 .text.avr-libc.fplib
                0x00001c56       0x5e d:/engineering/3rd year (computer dep.)/2nd term/avr studio/7.0/toolchain/avr8/avr8-gnu-toolchain/bin/../lib/gcc/avr/5.4.0/../../../../avr/lib/avr5\libm.a(fixunssfsi.o)
                0x00001c56                __fixunssfsi
 .text.avr-libc.fplib
                0x00001cb4       0x7a d:/engineering/3rd year (computer dep.)/2nd term/avr studio/7.0/toolchain/avr8/avr8-gnu-toolchain/bin/../lib/gcc/avr/5.4.0/../../../../avr/lib/avr5\libm.a(floatsisf.o)
                0x00001cb4                __floatunsisf
                0x00001cb8                __floatsisf
 .text.avr-libc.fplib
                0x00001d2e        0xc d:/engineering/3rd year (computer dep.)/2nd term/avr studio/7.0/toolchain/avr8/avr8-gnu-toolchain/bin/../lib/gcc/avr/5.4.0/../../../../avr/lib/avr5\libm.a(fp_inf.o)
                0x00001d2e                __fp_inf
 .text.avr-libc.fplib
                0x00001d3a       0x36 d:/engineering/3rd year (computer dep.)/2nd term/avr studio/7.0/toolchain/avr8/avr8-gnu-toolchain/bin/../lib/gcc/avr/5.4.0/../../../../avr/lib/avr5\libm.a(fp_mintl.o)
                0x00001d3a                __fp_mintl
 .text.avr-libc.fplib
                0x00001d70       0x1c d:/engineering/3rd year (computer dep.)/2nd term/avr studio/7.0/toolchain/avr8/avr8-gnu-toolchain/bin/../lib/gcc/avr/5.4.0/../../../../avr/lib/avr5\libm.a(fp_mpack.o)
                0x00001d70                __fp_mpack
                0x00001d74                __fp_mpack_finite
 .text.avr-libc.fplib
                0x00001d8c        0x6 d:/engineering/3rd year (computer dep.)/2nd term/avr studio/7.0/toolchain/avr8/avr8-gnu-toolchain/bin/../lib/gcc/avr/5.4.0/../../../../avr/lib/avr5\libm.a(fp_nan.o)
                0x00001d8c                __fp_nan
 .text.avr-libc.fplib
                0x00001d92        0xe d:/engineering/3rd year (computer dep.)/2nd term/avr studio/7.0/toolchain/avr8/avr8-gnu-toolchain/bin/../lib/gcc/avr/5.4.0/../../../../avr/lib/avr5\libm.a(fp_pscA.o)
                0x00001d92                __fp_pscA
 .text.avr-libc.fplib
                0x00001da0        0xe d:/engineering/3rd year (computer dep.)/2nd term/avr studio/7.0/toolchain/avr8/avr8-gnu-toolchain/bin/../lib/gcc/avr/5.4.0/../../../../avr/lib/avr5\libm.a(fp_pscB.o)
                0x00001da0                __fp_pscB
 .text.avr-libc.fplib
                0x00001dae       0x22 d:/engineering/3rd year (computer dep.)/2nd term/avr studio/7.0/toolchain/avr8/avr8-gnu-toolchain/bin/../lib/gcc/avr/5.4.0/../../../../avr/lib/avr5\libm.a(fp_round.o)
                0x00001dae                __fp_round
 .text.avr-libc.fplib
                0x00001dd0       0x44 d:/engineering/3rd year (computer dep.)/2nd term/avr studio/7.0/toolchain/avr8/avr8-gnu-toolchain/bin/../lib/gcc/avr/5.4.0/../../../../avr/lib/avr5\libm.a(fp_split3.o)
                0x00001dd0                __fp_split3
                0x00001de0                __fp_splitA
 .text.avr-libc.fplib
                0x00001e14       0x30 d:/engineering/3rd year (computer dep.)/2nd term/avr studio/7.0/toolchain/avr8/avr8-gnu-toolchain/bin/../lib/gcc/avr/5.4.0/../../../../avr/lib/avr5\libm.a(fp_trunc.o)
                0x00001e14                __fp_trunc
 .text.avr-libc.fplib
                0x00001e44        0xe d:/engineering/3rd year (computer dep.)/2nd term/avr studio/7.0/toolchain/avr8/avr8-gnu-toolchain/bin/../lib/gcc/avr/5.4.0/../../../../avr/lib/avr5\libm.a(fp_zero.o)
                0x00001e44                __fp_zero
                0x00001e46                __fp_szero
 .text.libgcc.div
                0x00001e52       0x44 d:/engineering/3rd year (computer dep.)/2nd term/avr studio/7.0/toolchain/avr8/avr8-gnu-toolchain/bin/../lib/gcc/avr/5.4.0/avr5\libgcc.a(_udivmodsi4.o)
                0x00001e52                __udivmodsi4
 .text.libgcc.mul
                0x00001e96       0x1e d:/engineering/3rd year (computer dep.)/2nd term/avr studio/7.0/toolchain/avr8/avr8-gnu-toolchain/bin/../lib/gcc/avr/5.4.0/avr5\libgcc.a(_umulhisi3.o)
                0x00001e96                __umulhisi3
 .text.libgcc.mul
                0x00001eb4       0x16 d:/engineering/3rd year (computer dep.)/2nd term/avr studio/7.0/toolchain/avr8/avr8-gnu-toolchain/bin/../lib/gcc/avr/5.4.0/avr5\libgcc.a(_muluhisi3.o)
                0x00001eb4                __muluhisi3
 .text.libgcc.div
                0x00001eca       0x62 d:/engineering/3rd year (computer dep.)/2nd term/avr studio/7.0/toolchain/avr8/avr8-gnu-toolchain/bin/../lib/gcc/avr/5.4.0/avr5\libgcc.a(_divdi3.o)
                0x00001eca                __moddi3
                0x00001ece                __divdi3
                0x00001ed0                __divdi3_moddi3
 .text.libgcc.div
                0x00001f2c       0x1c d:/engineering/3rd year (computer dep.)/2nd term/avr studio/7.0/toolchain/avr8/avr8-gnu-toolchain/bin/../lib/gcc/avr/5.4.0/avr5\libgcc.a(_udivdi3.o)
                0x00001f2c                __umoddi3
                0x00001f30                __udivdi3
                0x00001f32                __udivdi3_umoddi3
 .text.libgcc.div
                0x00001f48       0xa2 d:/engineering/3rd year (computer dep.)/2nd term/avr studio/7.0/toolchain/avr8/avr8-gnu-toolchain/bin/../lib/gcc/avr/5.4.0/avr5\libgcc.a(_udivmod64.o)
                0x00001f48                __udivmod64
 .text.libgcc   0x00001fea       0x20 d:/engineering/3rd year (computer dep.)/2nd term/avr studio/7.0/toolchain/avr8/avr8-gnu-toolchain/bin/../lib/gcc/avr/5.4.0/avr5\libgcc.a(_negdi2.o)
                0x00001fea                __negdi2
 .text.libgcc.prologue
                0x0000200a       0x38 d:/engineering/3rd year (computer dep.)/2nd term/avr studio/7.0/toolchain/avr8/avr8-gnu-toolchain/bin/../lib/gcc/avr/5.4.0/avr5\libgcc.a(_prologue.o)
                0x0000200a                __prologue_saves__
 .text.libgcc.prologue
                0x00002042       0x36 d:/engineering/3rd year (computer dep.)/2nd term/avr studio/7.0/toolchain/avr8/avr8-gnu-toolchain/bin/../lib/gcc/avr/5.4.0/avr5\libgcc.a(_epilogue.o)
                0x00002042                __epilogue_restores__
 .text.libgcc   0x00002078       0x18 d:/engineering/3rd year (computer dep.)/2nd term/avr studio/7.0/toolchain/avr8/avr8-gnu-toolchain/bin/../lib/gcc/avr/5.4.0/avr5\libgcc.a(_cmpdi2_s8.o)
                0x00002078                __cmpdi2_s8
 .text.avr-libc
                0x00002090       0x12 d:/engineering/3rd year (computer dep.)/2nd term/avr studio/7.0/toolchain/avr8/avr8-gnu-toolchain/bin/../lib/gcc/avr/5.4.0/../../../../avr/lib/avr5\libc.a(strcmp.o)
                0x00002090                strcmp
                0x000020a2                . = ALIGN (0x2)
 *(.fini9)
 .fini9         0x000020a2        0x0 d:/engineering/3rd year (computer dep.)/2nd term/avr studio/7.0/toolchain/avr8/avr8-gnu-toolchain/bin/../lib/gcc/avr/5.4.0/avr5\libgcc.a(_exit.o)
                0x000020a2                _exit
                0x000020a2                exit
 *(.fini9)
 *(.fini8)
 *(.fini8)
 *(.fini7)
 *(.fini7)
 *(.fini6)
 *(.fini6)
 *(.fini5)
 *(.fini5)
 *(.fini4)
 *(.fini4)
 *(.fini3)
 *(.fini3)
 *(.fini2)
 *(.fini2)
 *(.fini1)
 *(.fini1)
 *(.fini0)
 .fini0         0x000020a2        0x4 d:/engineering/3rd year (computer dep.)/2nd term/avr studio/7.0/toolchain/avr8/avr8-gnu-toolchain/bin/../lib/gcc/avr/5.4.0/avr5\libgcc.a(_exit.o)
 *(.fini0)
                0x000020a6                _etext = .

.data           0x00800060       0x7c load address 0x000020a6
                0x00800060                PROVIDE (__data_start, .)
 *(.data)
 *(.data*)
 .data.G_u8LightsMode
                0x00800060        0x1 Source/APP/APPSYS/APPSYS.o
                0x00800060                G_u8LightsMode
 .data.G_u8FanMode
                0x00800061        0x1 Source/APP/APPSYS/APPSYS.o
                0x00800061                G_u8FanMode
 .data.Home_State
                0x00800062        0x1 Source/APP/APPSYS/APPSYS.o
                0x00800062                Home_State
 .data.channels
                0x00800063        0x2 Source/APP/APPSYS/APPSYS.o
                0x00800063                channels
 .data.trials   0x00800065        0x1 Source/APP/APPSYS/APPSYS.o
                0x00800065                trials
 .data.password
                0x00800066        0x8 Source/APP/APPSYS/APPSYS.o
                0x00800066                password
 *(.gnu.linkonce.d*)
 *(.rodata)
 .rodata        0x0080006e        0x8 Source/APP/APPSYS/APPSYS.o
 *(.rodata*)
 .rodata.str1.1
                0x00800076       0x5a Source/APP/APPSYS/APPSYS.o
 .rodata.L_KeyPadMatrix
                0x008000d0        0xc Source/HAL/KeyPad/KeyPad_prg.o
 *(.gnu.linkonce.r*)
                0x008000dc                . = ALIGN (0x2)
                0x008000dc                _edata = .
                0x008000dc                PROVIDE (__data_end, .)

.bss            0x008000dc       0x5c
                0x008000dc                PROVIDE (__bss_start, .)
 *(.bss)
 *(.bss*)
 .bss.L_u8Counter.2101
                0x008000dc        0x1 Source/APP/APPSYS/APPSYS.o
 .bss.L_u8Flag.2102
                0x008000dd        0x1 Source/APP/APPSYS/APPSYS.o
 .bss.G_u8IsBufferRdy
                0x008000de        0x1 Source/APP/APPSYS/APPSYS.o
                0x008000de                G_u8IsBufferRdy
 .bss.channelsValues
                0x008000df        0x4 Source/APP/APPSYS/APPSYS.o
                0x008000df                channelsValues
 .bss.password_i
                0x008000e3        0x1 Source/APP/APPSYS/APPSYS.o
                0x008000e3                password_i
 .bss.tempPassword
                0x008000e4        0x8 Source/APP/APPSYS/APPSYS.o
                0x008000e4                tempPassword
 .bss.L_u8Chars.1899
                0x008000ec        0xa Source/HAL/LCD/LCD_prg.o
 .bss.G_u8CurrentOVf
                0x008000f6        0x1 Source/HAL/SERVO/SERVO_prg.o
 .bss.G_u8ISRcounter
                0x008000f7        0x1 Source/HAL/SERVO/SERVO_prg.o
 .bss.G_u8OvfCounts
                0x008000f8        0x1 Source/HAL/SERVO/SERVO_prg.o
 .bss.gISR_conversionMode
                0x008000f9        0x1 Source/MCAL/ADC/ADC_prg.o
 .bss.gAdcChainIndex
                0x008000fa        0x1 Source/MCAL/ADC/ADC_prg.o
 .bss.gAdcChainSize
                0x008000fb        0x2 Source/MCAL/ADC/ADC_prg.o
 .bss.gAdcChainResultsArr
                0x008000fd        0x2 Source/MCAL/ADC/ADC_prg.o
 .bss.gAdcChainChannelsArr
                0x008000ff        0x2 Source/MCAL/ADC/ADC_prg.o
 .bss.ISR_ADCCHAINPTR
                0x00800101        0x2 Source/MCAL/ADC/ADC_prg.o
 .bss.G_ISR_ADC
                0x00800103        0x2 Source/MCAL/ADC/ADC_prg.o
 .bss.G_u16ISRCounter
                0x00800105        0x2 Source/MCAL/TIM0/TIM0_prg.o
 .bss.G_u8Timer0_Preload_Val
                0x00800107        0x1 Source/MCAL/TIM0/TIM0_prg.o
                0x00800107                G_u8Timer0_Preload_Val
 .bss.G_u16Timer0_Cov
                0x00800108        0x2 Source/MCAL/TIM0/TIM0_prg.o
                0x00800108                G_u16Timer0_Cov
 .bss.G_PTRF_TIM0_CTC
                0x0080010a        0x2 Source/MCAL/TIM0/TIM0_prg.o
                0x0080010a                G_PTRF_TIM0_CTC
 .bss.G_PTRF_TIM0_OVF
                0x0080010c        0x2 Source/MCAL/TIM0/TIM0_prg.o
                0x0080010c                G_PTRF_TIM0_OVF
 .bss.G_u16ISRCounter
                0x0080010e        0x2 Source/MCAL/TIM1/TIM1_prg.o
 .bss.G_u16Timer1_Preload_Val
                0x00800110        0x2 Source/MCAL/TIM1/TIM1_prg.o
 .bss.G_u16Timer1_Cov
                0x00800112        0x2 Source/MCAL/TIM1/TIM1_prg.o
 .bss.G_PTRF_TIM1_ICF1
                0x00800114        0x2 Source/MCAL/TIM1/TIM1_prg.o
                0x00800114                G_PTRF_TIM1_ICF1
 .bss.G_PTRF_TIM1_OC1BF
                0x00800116        0x2 Source/MCAL/TIM1/TIM1_prg.o
                0x00800116                G_PTRF_TIM1_OC1BF
 .bss.G_PTRF_TIM1_OC1AF
                0x00800118        0x2 Source/MCAL/TIM1/TIM1_prg.o
                0x00800118                G_PTRF_TIM1_OC1AF
 .bss.G_PTRF_TIM1_OVF
                0x0080011a        0x2 Source/MCAL/TIM1/TIM1_prg.o
                0x0080011a                G_PTRF_TIM1_OVF
 .bss.G_PTRF_TIM2_CTC
                0x0080011c        0x2 Source/MCAL/TIM2/TIM2_prg.o
                0x0080011c                G_PTRF_TIM2_CTC
 .bss.G_PTRF_TIM2_OVF
                0x0080011e        0x2 Source/MCAL/TIM2/TIM2_prg.o
                0x0080011e                G_PTRF_TIM2_OVF
 .bss.G_UDRE_PTR_Iv_Ov
                0x00800120        0x2 Source/MCAL/UART/UART_prg.o
                0x00800120                G_UDRE_PTR_Iv_Ov
 .bss.G_TX_COMPLETE_PTR_Iv_Ov
                0x00800122        0x2 Source/MCAL/UART/UART_prg.o
                0x00800122                G_TX_COMPLETE_PTR_Iv_Ov
 .bss.G_RX_COMPLETE_PTR_Iu16_Ov
                0x00800124        0x2 Source/MCAL/UART/UART_prg.o
                0x00800124                G_RX_COMPLETE_PTR_Iu16_Ov
 *(COMMON)
 COMMON         0x00800126        0xc Source/APP/APPSYS/APPSYS.o
                0x00800126                G_u8HomeSatus
                0x0080012d                G_u8Buffer
 COMMON         0x00800132        0x6 Source/MCAL/EXTI/EXTI_prg.o
                0x00800132                G_ISR_INT1_ptr
                0x00800134                G_ISR_INT0_ptr
                0x00800136                G_ISR_INT2_ptr
                0x00800138                PROVIDE (__bss_end, .)
                0x000020a6                __data_load_start = LOADADDR (.data)
                0x00002122                __data_load_end = (__data_load_start + SIZEOF (.data))

.noinit         0x00800138        0x0
                [!provide]                PROVIDE (__noinit_start, .)
 *(.noinit*)
                [!provide]                PROVIDE (__noinit_end, .)
                0x00800138                _end = .
                [!provide]                PROVIDE (__heap_start, .)

.eeprom         0x00810000        0x0
 *(.eeprom*)
                0x00810000                __eeprom_end = .

.fuse
 *(.fuse)
 *(.lfuse)
 *(.hfuse)
 *(.efuse)

.lock
 *(.lock*)

.signature
 *(.signature*)

.user_signatures
 *(.user_signatures*)

.stab
 *(.stab)

.stabstr
 *(.stabstr)

.stab.excl
 *(.stab.excl)

.stab.exclstr
 *(.stab.exclstr)

.stab.index
 *(.stab.index)

.stab.indexstr
 *(.stab.indexstr)

.comment        0x00000000       0x30
 *(.comment)
 .comment       0x00000000       0x30 Source/APP/APPSYS/APPSYS.o
                                 0x31 (size before relaxing)
 .comment       0x00000030       0x31 Source/APP/main.o
 .comment       0x00000030       0x31 Source/HAL/DCM/DCM_prg.o
 .comment       0x00000030       0x31 Source/HAL/HC/HC_prg.o
 .comment       0x00000030       0x31 Source/HAL/KeyPad/KeyPad_prg.o
 .comment       0x00000030       0x31 Source/HAL/LCD/LCD_prg.o
 .comment       0x00000030       0x31 Source/HAL/LDR/LDR_prg.o
 .comment       0x00000030       0x31 Source/HAL/SERVO/SERVO_prg.o
 .comment       0x00000030       0x31 Source/HAL/TEMPS/TEMPS_prg.o
 .comment       0x00000030       0x31 Source/MCAL/ADC/ADC_prg.o
 .comment       0x00000030       0x31 Source/MCAL/DIO/DIO_prg.o
 .comment       0x00000030       0x31 Source/MCAL/EEPROM/EEPROM_prg.o
 .comment       0x00000030       0x31 Source/MCAL/EXTI/EXTI_prg.o
 .comment       0x00000030       0x31 Source/MCAL/GIE/GIE_prg.o
 .comment       0x00000030       0x31 Source/MCAL/MCU/MCU.o
 .comment       0x00000030       0x31 Source/MCAL/TIM0/TIM0_prg.o
 .comment       0x00000030       0x31 Source/MCAL/TIM1/TIM1_prg.o
 .comment       0x00000030       0x31 Source/MCAL/TIM2/TIM2_prg.o
 .comment       0x00000030       0x31 Source/MCAL/UART/UART_prg.o

.note.gnu.avr.deviceinfo
                0x00000000       0x3c
 .note.gnu.avr.deviceinfo
                0x00000000       0x3c D:/Engineering/3rd year (computer dep.)/2nd term/AVR STUDIO/7.0/Packs/atmel/ATmega_DFP/1.6.364/gcc/dev/atmega32/avr5/crtatmega32.o

.note.gnu.build-id
 *(.note.gnu.build-id)

.debug
 *(.debug)

.line
 *(.line)

.debug_srcinfo
 *(.debug_srcinfo)

.debug_sfnames
 *(.debug_sfnames)

.debug_aranges
 *(.debug_aranges)

.debug_pubnames
 *(.debug_pubnames)

.debug_info     0x00000000      0x4e6
 *(.debug_info .gnu.linkonce.wi.*)
 .debug_info    0x00000000      0x4e6 D:/Engineering/3rd year (computer dep.)/2nd term/AVR STUDIO/7.0/Packs/atmel/ATmega_DFP/1.6.364/gcc/dev/atmega32/avr5/crtatmega32.o

.debug_abbrev   0x00000000      0x4a3
 *(.debug_abbrev)
 .debug_abbrev  0x00000000      0x4a3 D:/Engineering/3rd year (computer dep.)/2nd term/AVR STUDIO/7.0/Packs/atmel/ATmega_DFP/1.6.364/gcc/dev/atmega32/avr5/crtatmega32.o

.debug_line     0x00000000      0x116
 *(.debug_line .debug_line.* .debug_line_end)
 .debug_line    0x00000000      0x116 D:/Engineering/3rd year (computer dep.)/2nd term/AVR STUDIO/7.0/Packs/atmel/ATmega_DFP/1.6.364/gcc/dev/atmega32/avr5/crtatmega32.o

.debug_frame
 *(.debug_frame)

.debug_str      0x00000000      0x196
 *(.debug_str)
 .debug_str     0x00000000      0x196 D:/Engineering/3rd year (computer dep.)/2nd term/AVR STUDIO/7.0/Packs/atmel/ATmega_DFP/1.6.364/gcc/dev/atmega32/avr5/crtatmega32.o

.debug_loc
 *(.debug_loc)

.debug_macinfo
 *(.debug_macinfo)

.debug_weaknames
 *(.debug_weaknames)

.debug_funcnames
 *(.debug_funcnames)

.debug_typenames
 *(.debug_typenames)

.debug_varnames
 *(.debug_varnames)

.debug_pubtypes
 *(.debug_pubtypes)

.debug_ranges
 *(.debug_ranges)

.debug_macro
 *(.debug_macro)
OUTPUT(Smart Home.elf elf32-avr)
LOAD linker stubs
